Component: ARM Compiler 5.05 update 2 (build 169) Tool: armlink [4d0f33]

==============================================================================

Section Cross References

    startup_stm32f10x_cl.o(RESET) refers to startup_stm32f10x_cl.o(STACK) for __initial_sp
    startup_stm32f10x_cl.o(RESET) refers to startup_stm32f10x_cl.o(.text) for Reset_Handler
    startup_stm32f10x_cl.o(RESET) refers to stm32f10x_it.o(i.NMI_Handler) for NMI_Handler
    startup_stm32f10x_cl.o(RESET) refers to stm32f10x_it.o(i.HardFault_Handler) for HardFault_Handler
    startup_stm32f10x_cl.o(RESET) refers to stm32f10x_it.o(i.MemManage_Handler) for MemManage_Handler
    startup_stm32f10x_cl.o(RESET) refers to stm32f10x_it.o(i.BusFault_Handler) for BusFault_Handler
    startup_stm32f10x_cl.o(RESET) refers to stm32f10x_it.o(i.UsageFault_Handler) for UsageFault_Handler
    startup_stm32f10x_cl.o(RESET) refers to stm32f10x_it.o(i.SVC_Handler) for SVC_Handler
    startup_stm32f10x_cl.o(RESET) refers to stm32f10x_it.o(i.DebugMon_Handler) for DebugMon_Handler
    startup_stm32f10x_cl.o(RESET) refers to stm32f10x_it.o(i.PendSV_Handler) for PendSV_Handler
    startup_stm32f10x_cl.o(RESET) refers to main.o(i.SysTick_Handler) for SysTick_Handler
    startup_stm32f10x_cl.o(RESET) refers to gpio.o(i.EXTI3_IRQHandler) for EXTI3_IRQHandler
    startup_stm32f10x_cl.o(RESET) refers to can.o(i.CAN1_TX_IRQHandler) for CAN1_TX_IRQHandler
    startup_stm32f10x_cl.o(RESET) refers to can.o(i.CAN1_RX0_IRQHandler) for CAN1_RX0_IRQHandler
    startup_stm32f10x_cl.o(RESET) refers to tim.o(i.TIM2_IRQHandler) for TIM2_IRQHandler
    startup_stm32f10x_cl.o(RESET) refers to usart.o(i.USART3_IRQHandler) for USART3_IRQHandler
    startup_stm32f10x_cl.o(RESET) refers to delay.o(i.TIM6_IRQHandler) for TIM6_IRQHandler
    startup_stm32f10x_cl.o(RESET) refers to delay.o(i.TIM7_IRQHandler) for TIM7_IRQHandler
    startup_stm32f10x_cl.o(RESET) refers to can.o(i.CAN2_TX_IRQHandler) for CAN2_TX_IRQHandler
    startup_stm32f10x_cl.o(RESET) refers to can.o(i.CAN2_RX1_IRQHandler) for CAN2_RX1_IRQHandler
    startup_stm32f10x_cl.o(.text) refers to system_stm32f10x.o(i.SystemInit) for SystemInit
    startup_stm32f10x_cl.o(.text) refers to entry.o(.ARM.Collect$$$$00000000) for __main
    main.o(i.GetSyscnt) refers to main.o(.data) for syscnt
    main.o(i.SysTick_Configuration) refers to main.o(i.NVIC_SetPriority) for NVIC_SetPriority
    main.o(i.SysTick_Configuration) refers to misc.o(i.NVIC_PriorityGroupConfig) for NVIC_PriorityGroupConfig
    main.o(i.SysTick_Handler) refers to solenoid.o(i.CheckAutoCtrl) for CheckAutoCtrl
    main.o(i.SysTick_Handler) refers to solenoid.o(i.PullWork_Task) for PullWork_Task
    main.o(i.SysTick_Handler) refers to solenoid.o(i.Recharge_Task) for Recharge_Task
    main.o(i.SysTick_Handler) refers to state.o(i.Offline_Detect) for Offline_Detect
    main.o(i.SysTick_Handler) refers to led.o(i.Disconnect_Report) for Disconnect_Report
    main.o(i.SysTick_Handler) refers to zerocheck.o(i.ZeroCheck_cal) for ZeroCheck_cal
    main.o(i.SysTick_Handler) refers to zerocheck.o(i.ZeroCheck_Excution) for ZeroCheck_Excution
    main.o(i.SysTick_Handler) refers to memcpya.o(.text) for __aeabi_memcpy
    main.o(i.SysTick_Handler) refers to remote.o(i.Remote_Convert) for Remote_Convert
    main.o(i.SysTick_Handler) refers to state.o(i.Status_Act) for Status_Act
    main.o(i.SysTick_Handler) refers to gimbaltask.o(i.Pid_Gimbal_Cal_Rc) for Pid_Gimbal_Cal_Rc
    main.o(i.SysTick_Handler) refers to can.o(i.Gimbal_Current_Voltage_Send) for Gimbal_Current_Voltage_Send
    main.o(i.SysTick_Handler) refers to main.o(.data) for syscnt
    main.o(i.SysTick_Handler) refers to main.o(.bss) for Discnect_Flag
    main.o(i.SysTick_Handler) refers to remote.o(.bss) for rc_ctrl
    main.o(i.SysTick_Handler) refers to gimbaltask.o(.bss) for CurrentSend
    main.o(i.main) refers to stm32f10x_rcc.o(i.RCC_GetClocksFreq) for RCC_GetClocksFreq
    main.o(i.main) refers to led.o(i.LED_Config) for LED_Config
    main.o(i.main) refers to pwm.o(i.MG995_TIM5_Config) for MG995_TIM5_Config
    main.o(i.main) refers to pwm.o(i.Pitch_TIM3_Config) for Pitch_TIM3_Config
    main.o(i.main) refers to pwm.o(i.Motor_Putter_Config) for Motor_Putter_Config
    main.o(i.main) refers to tim.o(i.TIM2_Config) for TIM2_Config
    main.o(i.main) refers to delay.o(i.TIM7_Config) for TIM7_Config
    main.o(i.main) refers to delay.o(i.delay_ms) for delay_ms
    main.o(i.main) refers to gpio.o(i.GPIO_Photocell) for GPIO_Photocell
    main.o(i.main) refers to usart.o(i.USART_Config) for USART_Config
    main.o(i.main) refers to can.o(i.CAN1_Config) for CAN1_Config
    main.o(i.main) refers to zerocheck.o(i.ZeroCheck_Init) for ZeroCheck_Init
    main.o(i.main) refers to gimbaltask.o(i.Pid_Gimbal_Pos_Init) for Pid_Gimbal_Pos_Init
    main.o(i.main) refers to gimbaltask.o(i.Pid_Gimbal_Speed_Init) for Pid_Gimbal_Speed_Init
    main.o(i.main) refers to remote.o(i.rc_reset) for rc_reset
[...]
    fflti.o(.text) refers (Special) to iusefp.o(.text) for __I$use$fp
    fflti.o(.text) refers to fepilogue.o(.text) for _float_epilogue
    ffltui.o(.text) refers (Special) to iusefp.o(.text) for __I$use$fp
    ffltui.o(.text) refers to fepilogue.o(.text) for _float_epilogue
    ffixi.o(.text) refers (Special) to iusefp.o(.text) for __I$use$fp
    cfcmple.o(.text) refers (Special) to iusefp.o(.text) for __I$use$fp
    cfrcmple.o(.text) refers (Special) to iusefp.o(.text) for __I$use$fp
    entry2.o(.ARM.Collect$$$$00000001) refers to entry2.o(.ARM.Collect$$$$00002712) for __lit__00000000
    entry2.o(.ARM.Collect$$$$00002712) refers to startup_stm32f10x_cl.o(STACK) for __initial_sp
    entry2.o(__vectab_stack_and_reset_area) refers to startup_stm32f10x_cl.o(STACK) for __initial_sp
    entry2.o(__vectab_stack_and_reset_area) refers to entry.o(.ARM.Collect$$$$00000000) for __main
    entry5.o(.ARM.Collect$$$$00000004) refers to init.o(.text) for __scatterload
    entry9a.o(.ARM.Collect$$$$0000000B) refers to main.o(i.main) for main
    entry9b.o(.ARM.Collect$$$$0000000C) refers to main.o(i.main) for main
    init.o(.text) refers to entry5.o(.ARM.Collect$$$$00000004) for __main_after_scatterload


==============================================================================

Removing Unused input sections from the image.

    Removing startup_stm32f10x_cl.o(HEAP), (512 bytes).
    Removing misc.o(i.NVIC_SetVectorTable), (20 bytes).
    Removing misc.o(i.NVIC_SystemLPConfig), (32 bytes).
    Removing misc.o(i.SysTick_CLKSourceConfig), (40 bytes).
    Removing stm32f10x_rcc.o(i.RCC_ADCCLKConfig), (24 bytes).
    Removing stm32f10x_rcc.o(i.RCC_AHBPeriphResetCmd), (32 bytes).
    Removing stm32f10x_rcc.o(i.RCC_AdjustHSICalibrationValue), (24 bytes).
    Removing stm32f10x_rcc.o(i.RCC_BackupResetCmd), (12 bytes).
    Removing stm32f10x_rcc.o(i.RCC_ClearFlag), (20 bytes).
    Removing stm32f10x_rcc.o(i.RCC_ClearITPendingBit), (12 bytes).
    Removing stm32f10x_rcc.o(i.RCC_ClockSecuritySystemCmd), (12 bytes).
    Removing stm32f10x_rcc.o(i.RCC_DeInit), (92 bytes).
    Removing stm32f10x_rcc.o(i.RCC_GetFlagStatus), (60 bytes).
    Removing stm32f10x_rcc.o(i.RCC_GetITStatus), (24 bytes).
    Removing stm32f10x_rcc.o(i.RCC_GetSYSCLKSource), (16 bytes).
    Removing stm32f10x_rcc.o(i.RCC_HCLKConfig), (24 bytes).
    Removing stm32f10x_rcc.o(i.RCC_HSEConfig), (76 bytes).
    Removing stm32f10x_rcc.o(i.RCC_HSICmd), (12 bytes).
    Removing stm32f10x_rcc.o(i.RCC_I2S2CLKConfig), (12 bytes).
    Removing stm32f10x_rcc.o(i.RCC_I2S3CLKConfig), (12 bytes).
    Removing stm32f10x_rcc.o(i.RCC_ITConfig), (32 bytes).
    Removing stm32f10x_rcc.o(i.RCC_LSEConfig), (52 bytes).
    Removing stm32f10x_rcc.o(i.RCC_LSICmd), (12 bytes).
    Removing stm32f10x_rcc.o(i.RCC_MCOConfig), (12 bytes).
    Removing stm32f10x_rcc.o(i.RCC_OTGFSCLKConfig), (12 bytes).
    Removing stm32f10x_rcc.o(i.RCC_PCLK1Config), (24 bytes).
    Removing stm32f10x_rcc.o(i.RCC_PCLK2Config), (24 bytes).
    Removing stm32f10x_rcc.o(i.RCC_PLL2Cmd), (12 bytes).
    Removing stm32f10x_rcc.o(i.RCC_PLL2Config), (24 bytes).
    Removing stm32f10x_rcc.o(i.RCC_PLL3Cmd), (12 bytes).
    Removing stm32f10x_rcc.o(i.RCC_PLL3Config), (24 bytes).
    Removing stm32f10x_rcc.o(i.RCC_PLLCmd), (12 bytes).
    Removing stm32f10x_rcc.o(i.RCC_PLLConfig), (28 bytes).
    Removing stm32f10x_rcc.o(i.RCC_PREDIV1Config), (32 bytes).
    Removing stm32f10x_rcc.o(i.RCC_PREDIV2Config), (24 bytes).
    Removing stm32f10x_rcc.o(i.RCC_RTCCLKCmd), (12 bytes).
    Removing stm32f10x_rcc.o(i.RCC_RTCCLKConfig), (16 bytes).
    Removing stm32f10x_rcc.o(i.RCC_SYSCLKConfig), (24 bytes).
    Removing stm32f10x_rcc.o(i.RCC_WaitForHSEStartUp), (56 bytes).
    Removing stm32f10x_gpio.o(i.GPIO_AFIODeInit), (20 bytes).
    Removing stm32f10x_gpio.o(i.GPIO_DeInit), (200 bytes).
    Removing stm32f10x_gpio.o(i.GPIO_ETH_MediaInterfaceConfig), (12 bytes).
    Removing stm32f10x_gpio.o(i.GPIO_EventOutputCmd), (12 bytes).
    Removing stm32f10x_gpio.o(i.GPIO_EventOutputConfig), (32 bytes).
    Removing stm32f10x_gpio.o(i.GPIO_PinLockConfig), (18 bytes).
    Removing stm32f10x_gpio.o(i.GPIO_ReadInputData), (8 bytes).
    Removing stm32f10x_gpio.o(i.GPIO_ReadInputDataBit), (18 bytes).
    Removing stm32f10x_gpio.o(i.GPIO_ReadOutputData), (8 bytes).
    Removing stm32f10x_gpio.o(i.GPIO_ReadOutputDataBit), (18 bytes).
    Removing stm32f10x_gpio.o(i.GPIO_StructInit), (16 bytes).
    Removing stm32f10x_gpio.o(i.GPIO_Write), (4 bytes).
    Removing stm32f10x_gpio.o(i.GPIO_WriteBit), (10 bytes).
    Removing stm32f10x_can.o(i.CAN_CancelTransmit), (48 bytes).
    Removing stm32f10x_can.o(i.CAN_ClearFlag), (56 bytes).
    Removing stm32f10x_can.o(i.CAN_DBGFreeze), (22 bytes).
    Removing stm32f10x_can.o(i.CAN_FIFORelease), (22 bytes).
    Removing stm32f10x_can.o(i.CAN_GetFlagStatus), (120 bytes).
    Removing stm32f10x_can.o(i.CAN_GetLSBTransmitErrorCounter), (12 bytes).
    Removing stm32f10x_can.o(i.CAN_GetLastErrorCode), (12 bytes).
    Removing stm32f10x_can.o(i.CAN_GetReceiveErrorCounter), (10 bytes).
    Removing stm32f10x_can.o(i.CAN_MessagePending), (30 bytes).
    Removing stm32f10x_can.o(i.CAN_OperatingModeRequest), (162 bytes).
    Removing stm32f10x_can.o(i.CAN_SlaveStartBank), (52 bytes).
    Removing stm32f10x_can.o(i.CAN_Sleep), (30 bytes).
    Removing stm32f10x_can.o(i.CAN_TTComModeCmd), (118 bytes).
    Removing stm32f10x_can.o(i.CAN_TransmitStatus), (160 bytes).
    Removing stm32f10x_can.o(i.CAN_WakeUp), (48 bytes).
    Removing stm32f10x_tim.o(i.TI1_Config), (128 bytes).
    Removing stm32f10x_tim.o(i.TI2_Config), (152 bytes).
    Removing stm32f10x_tim.o(i.TI3_Config), (144 bytes).
    Removing stm32f10x_tim.o(i.TI4_Config), (152 bytes).
    Removing stm32f10x_tim.o(i.TIM_BDTRConfig), (32 bytes).
    Removing stm32f10x_tim.o(i.TIM_BDTRStructInit), (18 bytes).
    Removing stm32f10x_tim.o(i.TIM_CCPreloadControl), (24 bytes).
    Removing stm32f10x_tim.o(i.TIM_CCxCmd), (30 bytes).
    Removing stm32f10x_tim.o(i.TIM_CCxNCmd), (30 bytes).
    Removing stm32f10x_tim.o(i.TIM_ClearFlag), (6 bytes).
    Removing stm32f10x_tim.o(i.TIM_ClearOC1Ref), (18 bytes).
    Removing stm32f10x_tim.o(i.TIM_ClearOC2Ref), (24 bytes).
    Removing stm32f10x_tim.o(i.TIM_ClearOC3Ref), (18 bytes).
    Removing stm32f10x_tim.o(i.TIM_ClearOC4Ref), (24 bytes).
    Removing stm32f10x_tim.o(i.TIM_CounterModeConfig), (18 bytes).
    Removing stm32f10x_tim.o(i.TIM_CtrlPWMOutputs), (30 bytes).
    Removing stm32f10x_tim.o(i.TIM_DMACmd), (18 bytes).
    Removing stm32f10x_tim.o(i.TIM_DMAConfig), (10 bytes).
    Removing stm32f10x_tim.o(i.TIM_ETRClockMode1Config), (54 bytes).
    Removing stm32f10x_tim.o(i.TIM_ETRClockMode2Config), (32 bytes).
    Removing stm32f10x_tim.o(i.TIM_ETRConfig), (28 bytes).
    Removing stm32f10x_tim.o(i.TIM_EncoderInterfaceConfig), (66 bytes).
    Removing stm32f10x_tim.o(i.TIM_ForcedOC1Config), (18 bytes).
    Removing stm32f10x_tim.o(i.TIM_ForcedOC2Config), (26 bytes).
    Removing stm32f10x_tim.o(i.TIM_ForcedOC3Config), (18 bytes).
    Removing stm32f10x_tim.o(i.TIM_ForcedOC4Config), (26 bytes).
    Removing stm32f10x_tim.o(i.TIM_GenerateEvent), (4 bytes).
    Removing stm32f10x_tim.o(i.TIM_GetCapture1), (6 bytes).
    Removing stm32f10x_tim.o(i.TIM_GetCapture2), (6 bytes).
    Removing stm32f10x_tim.o(i.TIM_GetCapture3), (6 bytes).
    Removing stm32f10x_tim.o(i.TIM_GetCapture4), (8 bytes).
    Removing stm32f10x_tim.o(i.TIM_GetCounter), (6 bytes).
    Removing stm32f10x_tim.o(i.TIM_GetFlagStatus), (18 bytes).
    Removing stm32f10x_tim.o(i.TIM_GetPrescaler), (6 bytes).
    Removing stm32f10x_tim.o(i.TIM_ICInit), (172 bytes).
    Removing stm32f10x_tim.o(i.TIM_ICStructInit), (18 bytes).
    Removing stm32f10x_tim.o(i.TIM_ITRxExternalClockConfig), (24 bytes).
    Removing stm32f10x_tim.o(i.TIM_InternalClockConfig), (12 bytes).
    Removing stm32f10x_tim.o(i.TIM_OC1FastConfig), (18 bytes).
    Removing stm32f10x_tim.o(i.TIM_OC1NPolarityConfig), (18 bytes).
    Removing stm32f10x_tim.o(i.TIM_OC1PolarityConfig), (18 bytes).
    Removing stm32f10x_tim.o(i.TIM_OC2FastConfig), (26 bytes).
    Removing stm32f10x_tim.o(i.TIM_OC2NPolarityConfig), (26 bytes).
    Removing stm32f10x_tim.o(i.TIM_OC2PolarityConfig), (26 bytes).
    Removing stm32f10x_tim.o(i.TIM_OC3FastConfig), (18 bytes).
    Removing stm32f10x_tim.o(i.TIM_OC3Init), (160 bytes).
    Removing stm32f10x_tim.o(i.TIM_OC3NPolarityConfig), (26 bytes).
    Removing stm32f10x_tim.o(i.TIM_OC3PolarityConfig), (26 bytes).
    Removing stm32f10x_tim.o(i.TIM_OC3PreloadConfig), (18 bytes).
    Removing stm32f10x_tim.o(i.TIM_OC4FastConfig), (26 bytes).
    Removing stm32f10x_tim.o(i.TIM_OC4Init), (124 bytes).
    Removing stm32f10x_tim.o(i.TIM_OC4PolarityConfig), (26 bytes).
    Removing stm32f10x_tim.o(i.TIM_OC4PreloadConfig), (26 bytes).
    Removing stm32f10x_tim.o(i.TIM_OCStructInit), (20 bytes).
    Removing stm32f10x_tim.o(i.TIM_PWMIConfig), (124 bytes).
    Removing stm32f10x_tim.o(i.TIM_PrescalerConfig), (6 bytes).
    Removing stm32f10x_tim.o(i.TIM_SelectCCDMA), (24 bytes).
    Removing stm32f10x_tim.o(i.TIM_SelectCOM), (24 bytes).
    Removing stm32f10x_tim.o(i.TIM_SelectHallSensor), (24 bytes).
    Removing stm32f10x_tim.o(i.TIM_SelectInputTrigger), (18 bytes).
    Removing stm32f10x_tim.o(i.TIM_SelectMasterSlaveMode), (18 bytes).
    Removing stm32f10x_tim.o(i.TIM_SelectOCxM), (82 bytes).
    Removing stm32f10x_tim.o(i.TIM_SelectOnePulseMode), (18 bytes).
    Removing stm32f10x_tim.o(i.TIM_SelectOutputTrigger), (18 bytes).
    Removing stm32f10x_tim.o(i.TIM_SelectSlaveMode), (18 bytes).
    Removing stm32f10x_tim.o(i.TIM_SetAutoreload), (4 bytes).
    Removing stm32f10x_tim.o(i.TIM_SetClockDivision), (18 bytes).
    Removing stm32f10x_tim.o(i.TIM_SetCompare3), (4 bytes).
    Removing stm32f10x_tim.o(i.TIM_SetCompare4), (6 bytes).
    Removing stm32f10x_tim.o(i.TIM_SetCounter), (4 bytes).
    Removing stm32f10x_tim.o(i.TIM_SetIC1Prescaler), (18 bytes).
    Removing stm32f10x_tim.o(i.TIM_SetIC2Prescaler), (26 bytes).
    Removing stm32f10x_tim.o(i.TIM_SetIC3Prescaler), (18 bytes).
    Removing stm32f10x_tim.o(i.TIM_SetIC4Prescaler), (26 bytes).
    Removing stm32f10x_tim.o(i.TIM_TIxExternalClockConfig), (62 bytes).
    Removing stm32f10x_tim.o(i.TIM_UpdateDisableConfig), (24 bytes).
    Removing stm32f10x_tim.o(i.TIM_UpdateRequestConfig), (24 bytes).
    Removing stm32f10x_exti.o(i.EXTI_ClearFlag), (12 bytes).
    Removing stm32f10x_exti.o(i.EXTI_DeInit), (36 bytes).
    Removing stm32f10x_exti.o(i.EXTI_GenerateSWInterrupt), (16 bytes).
    Removing stm32f10x_exti.o(i.EXTI_GetFlagStatus), (24 bytes).
    Removing stm32f10x_exti.o(i.EXTI_StructInit), (16 bytes).
    Removing stm32f10x_dma.o(i.DMA_ClearFlag), (28 bytes).
    Removing stm32f10x_dma.o(i.DMA_ClearITPendingBit), (28 bytes).
    Removing stm32f10x_dma.o(i.DMA_GetFlagStatus), (44 bytes).
    Removing stm32f10x_dma.o(i.DMA_GetITStatus), (44 bytes).
    Removing stm32f10x_dma.o(i.DMA_ITConfig), (18 bytes).
    Removing stm32f10x_dma.o(i.DMA_StructInit), (26 bytes).
    Removing stm32f10x_usart.o(i.USART_ClearFlag), (18 bytes).
    Removing stm32f10x_usart.o(i.USART_ClearITPendingBit), (30 bytes).
    Removing stm32f10x_usart.o(i.USART_ClockInit), (34 bytes).
    Removing stm32f10x_usart.o(i.USART_ClockStructInit), (12 bytes).
    Removing stm32f10x_usart.o(i.USART_GetFlagStatus), (26 bytes).
    Removing stm32f10x_usart.o(i.USART_HalfDuplexCmd), (24 bytes).
    Removing stm32f10x_usart.o(i.USART_IrDACmd), (24 bytes).
    Removing stm32f10x_usart.o(i.USART_IrDAConfig), (18 bytes).
    Removing stm32f10x_usart.o(i.USART_LINBreakDetectLengthConfig), (18 bytes).
    Removing stm32f10x_usart.o(i.USART_LINCmd), (24 bytes).
    Removing stm32f10x_usart.o(i.USART_OneBitMethodCmd), (24 bytes).
    Removing stm32f10x_usart.o(i.USART_OverSampling8Cmd), (22 bytes).
    Removing stm32f10x_usart.o(i.USART_ReceiveData), (10 bytes).
    Removing stm32f10x_usart.o(i.USART_ReceiverWakeUpCmd), (24 bytes).
    Removing stm32f10x_usart.o(i.USART_SendBreak), (10 bytes).
    Removing stm32f10x_usart.o(i.USART_SendData), (8 bytes).
    Removing stm32f10x_usart.o(i.USART_SetAddress), (18 bytes).
    Removing stm32f10x_usart.o(i.USART_SetGuardTime), (16 bytes).
    Removing stm32f10x_usart.o(i.USART_SetPrescaler), (16 bytes).
    Removing stm32f10x_usart.o(i.USART_SmartCardCmd), (24 bytes).
    Removing stm32f10x_usart.o(i.USART_SmartCardNACKCmd), (24 bytes).
    Removing stm32f10x_usart.o(i.USART_StructInit), (24 bytes).
    Removing stm32f10x_usart.o(i.USART_WakeUpConfig), (18 bytes).
    Removing stm32f10x_adc.o(i.ADC_AnalogWatchdogCmd), (20 bytes).
    Removing stm32f10x_adc.o(i.ADC_AnalogWatchdogSingleChannelConfig), (16 bytes).
    Removing stm32f10x_adc.o(i.ADC_AnalogWatchdogThresholdsConfig), (6 bytes).
    Removing stm32f10x_adc.o(i.ADC_AutoInjectedConvCmd), (22 bytes).
    Removing stm32f10x_adc.o(i.ADC_ClearFlag), (6 bytes).
    Removing stm32f10x_adc.o(i.ADC_ClearITPendingBit), (10 bytes).
    Removing stm32f10x_adc.o(i.ADC_Cmd), (22 bytes).
    Removing stm32f10x_adc.o(i.ADC_DMACmd), (22 bytes).
    Removing stm32f10x_adc.o(i.ADC_DeInit), (92 bytes).
    Removing stm32f10x_adc.o(i.ADC_DiscModeChannelCountConfig), (24 bytes).
    Removing stm32f10x_adc.o(i.ADC_DiscModeCmd), (22 bytes).
    Removing stm32f10x_adc.o(i.ADC_ExternalTrigConvCmd), (22 bytes).
    Removing stm32f10x_adc.o(i.ADC_ExternalTrigInjectedConvCmd), (22 bytes).
    Removing stm32f10x_adc.o(i.ADC_ExternalTrigInjectedConvConfig), (16 bytes).
    Removing stm32f10x_adc.o(i.ADC_GetCalibrationStatus), (20 bytes).
    Removing stm32f10x_adc.o(i.ADC_GetConversionValue), (8 bytes).
    Removing stm32f10x_adc.o(i.ADC_GetDualModeConversionValue), (12 bytes).
    Removing stm32f10x_adc.o(i.ADC_GetFlagStatus), (18 bytes).
    Removing stm32f10x_adc.o(i.ADC_GetITStatus), (36 bytes).
    Removing stm32f10x_adc.o(i.ADC_GetInjectedConversionValue), (28 bytes).
    Removing stm32f10x_adc.o(i.ADC_GetResetCalibrationStatus), (20 bytes).
    Removing stm32f10x_adc.o(i.ADC_GetSoftwareStartConvStatus), (20 bytes).
    Removing stm32f10x_adc.o(i.ADC_GetSoftwareStartInjectedConvCmdStatus), (20 bytes).
    Removing stm32f10x_adc.o(i.ADC_ITConfig), (24 bytes).
    Removing stm32f10x_adc.o(i.ADC_Init), (80 bytes).
    Removing stm32f10x_adc.o(i.ADC_InjectedChannelConfig), (130 bytes).
    Removing stm32f10x_adc.o(i.ADC_InjectedDiscModeCmd), (22 bytes).
    Removing stm32f10x_adc.o(i.ADC_InjectedSequencerLengthConfig), (24 bytes).
    Removing stm32f10x_adc.o(i.ADC_RegularChannelConfig), (184 bytes).
    Removing stm32f10x_adc.o(i.ADC_ResetCalibration), (10 bytes).
    Removing stm32f10x_adc.o(i.ADC_SetInjectedOffset), (20 bytes).
    Removing stm32f10x_adc.o(i.ADC_SoftwareStartConvCmd), (22 bytes).
    Removing stm32f10x_adc.o(i.ADC_SoftwareStartInjectedConvCmd), (22 bytes).
    Removing stm32f10x_adc.o(i.ADC_StartCalibration), (10 bytes).
    Removing stm32f10x_adc.o(i.ADC_StructInit), (18 bytes).
    Removing stm32f10x_adc.o(i.ADC_TempSensorVrefintCmd), (36 bytes).
    Removing core_cm3.o(.emb_text), (32 bytes).
    Removing system_stm32f10x.o(.constdata), (20 bytes).
    Removing remote.o(i.key_refresh), (136 bytes).
    Removing usart.o(i.UART_GPIO_TX_Config), (30 bytes).
    Removing can.o(i.CAN2_Config), (264 bytes).
    Removing can.o(i.Float_To_Int), (12 bytes).
    Removing delay.o(i.TIM6_Config), (92 bytes).
    Removing delay.o(i.delay_us), (44 bytes).
    Removing gpio.o(i.Get_Photocell_1), (16 bytes).
    Removing gpio.o(i.Get_Photocell_2), (20 bytes).
    Removing tim.o(i.Get_Encode_Speed), (2 bytes).
    Removing tim.o(i.TIM5_Cap_Init), (2 bytes).

226 unused section(s) (total 7964 bytes) removed from the image.

==============================================================================

Image Symbol Table

    Local Symbols

    Symbol Name                              Value     Ov Type        Size  Object(Section)

    ../clib/microlib/init/entry.s            0x00000000   Number         0  entry.o ABSOLUTE
    ../clib/microlib/init/entry.s            0x00000000   Number         0  entry8b.o ABSOLUTE
    ../clib/microlib/init/entry.s            0x00000000   Number         0  entry8a.o ABSOLUTE
    ../clib/microlib/init/entry.s            0x00000000   Number         0  entry11a.o ABSOLUTE
    ../clib/microlib/init/entry.s            0x00000000   Number         0  entry11b.o ABSOLUTE
    ../clib/microlib/init/entry.s            0x00000000   Number         0  entry7a.o ABSOLUTE
    ../clib/microlib/init/entry.s            0x00000000   Number         0  entry5.o ABSOLUTE
    ../clib/microlib/init/entry.s            0x00000000   Number         0  entry9a.o ABSOLUTE
    ../clib/microlib/init/entry.s            0x00000000   Number         0  entry9b.o ABSOLUTE
    ../clib/microlib/init/entry.s            0x00000000   Number         0  entry7b.o ABSOLUTE
    ../clib/microlib/init/entry.s            0x00000000   Number         0  entry10a.o ABSOLUTE
    ../clib/microlib/init/entry.s            0x00000000   Number         0  entry10b.o ABSOLUTE
    ../clib/microlib/init/entry.s            0x00000000   Number         0  entry2.o ABSOLUTE
    ../clib/microlib/string/memcpy.c         0x00000000   Number         0  memcpyb.o ABSOLUTE
    ../clib/microlib/string/memcpy.c         0x00000000   Number         0  memcpya.o ABSOLUTE
    ../clib/microlib/stubs.s                 0x00000000   Number         0  iusefp.o ABSOLUTE
    ../fplib/microlib/fpadd.c                0x00000000   Number         0  fadd.o ABSOLUTE
    ../fplib/microlib/fpdiv.c                0x00000000   Number         0  fdiv.o ABSOLUTE
    ../fplib/microlib/fpepilogue.c           0x00000000   Number         0  fepilogue.o ABSOLUTE
    ../fplib/microlib/fpfix.c                0x00000000   Number         0  ffixi.o ABSOLUTE
    ../fplib/microlib/fpflt.c                0x00000000   Number         0  ffltui.o ABSOLUTE
    ../fplib/microlib/fpflt.c                0x00000000   Number         0  fflti.o ABSOLUTE
    ../fplib/microlib/fpmul.c                0x00000000   Number         0  fmul.o ABSOLUTE
    CONTROL\GimbalTask.c                     0x00000000   Number         0  gimbaltask.o ABSOLUTE
    CONTROL\Pid.c                            0x00000000   Number         0  pid.o ABSOLUTE
    CONTROL\State.c                          0x00000000   Number         0  state.o ABSOLUTE
    CONTROL\ZeroCheck.c                      0x00000000   Number         0  zerocheck.o ABSOLUTE
    FWlib\SRC\misc.c                         0x00000000   Number         0  misc.o ABSOLUTE
    FWlib\SRC\stm32f10x_adc.c                0x00000000   Number         0  stm32f10x_adc.o ABSOLUTE
    FWlib\SRC\stm32f10x_can.c                0x00000000   Number         0  stm32f10x_can.o ABSOLUTE
    FWlib\SRC\stm32f10x_dma.c                0x00000000   Number         0  stm32f10x_dma.o ABSOLUTE
    FWlib\SRC\stm32f10x_exti.c               0x00000000   Number         0  stm32f10x_exti.o ABSOLUTE
    FWlib\SRC\stm32f10x_gpio.c               0x00000000   Number         0  stm32f10x_gpio.o ABSOLUTE
    FWlib\SRC\stm32f10x_rcc.c                0x00000000   Number         0  stm32f10x_rcc.o ABSOLUTE
    FWlib\SRC\stm32f10x_tim.c                0x00000000   Number         0  stm32f10x_tim.o ABSOLUTE
    FWlib\SRC\stm32f10x_usart.c              0x00000000   Number         0  stm32f10x_usart.o ABSOLUTE
    HARDWARE\Can.c                           0x00000000   Number         0  can.o ABSOLUTE
    HARDWARE\Delay.c                         0x00000000   Number         0  delay.o ABSOLUTE
    HARDWARE\Dma.c                           0x00000000   Number         0  dma.o ABSOLUTE
    HARDWARE\Gpio.c                          0x00000000   Number         0  gpio.o ABSOLUTE
    HARDWARE\Led.c                           0x00000000   Number         0  led.o ABSOLUTE
    HARDWARE\Pwm.c                           0x00000000   Number         0  pwm.o ABSOLUTE
    HARDWARE\Remote.c                        0x00000000   Number         0  remote.o ABSOLUTE
    HARDWARE\Solenoid.c                      0x00000000   Number         0  solenoid.o ABSOLUTE
    HARDWARE\Tim.c                           0x00000000   Number         0  tim.o ABSOLUTE
    HARDWARE\Usart.c                         0x00000000   Number         0  usart.o ABSOLUTE
    HARDWARE\nvic.c                          0x00000000   Number         0  nvic.o ABSOLUTE
    cfcmple.s                                0x00000000   Number         0  cfcmple.o ABSOLUTE
    cfrcmple.s                               0x00000000   Number         0  cfrcmple.o ABSOLUTE
    dc.s                                     0x00000000   Number         0  dc.o ABSOLUTE
    handlers.s                               0x00000000   Number         0  handlers.o ABSOLUTE
    init.s                                   0x00000000   Number         0  init.o ABSOLUTE
    startup\startup_stm32f10x_cl.s           0x00000000   Number         0  startup_stm32f10x_cl.o ABSOLUTE
    user\\core_cm3.c                         0x00000000   Number         0  core_cm3.o ABSOLUTE
    user\core_cm3.c                          0x00000000   Number         0  core_cm3.o ABSOLUTE
    user\main.c                              0x00000000   Number         0  main.o ABSOLUTE
    user\stm32f10x_it.c                      0x00000000   Number         0  stm32f10x_it.o ABSOLUTE
    user\system_stm32f10x.c                  0x00000000   Number         0  system_stm32f10x.o ABSOLUTE
    RESET                                    0x08000000   Section      336  startup_stm32f10x_cl.o(RESET)
    .ARM.Collect$$$$00000000                 0x08000150   Section        0  entry.o(.ARM.Collect$$$$00000000)
    .ARM.Collect$$$$00000001                 0x08000150   Section        4  entry2.o(.ARM.Collect$$$$00000001)
    .ARM.Collect$$$$00000004                 0x08000154   Section        4  entry5.o(.ARM.Collect$$$$00000004)
    .ARM.Collect$$$$00000008                 0x08000158   Section        0  entry7b.o(.ARM.Collect$$$$00000008)
    .ARM.Collect$$$$0000000A                 0x08000158   Section        0  entry8b.o(.ARM.Collect$$$$0000000A)
    .ARM.Collect$$$$0000000B                 0x08000158   Section        8  entry9a.o(.ARM.Collect$$$$0000000B)
    .ARM.Collect$$$$0000000D                 0x08000160   Section        0  entry10a.o(.ARM.Collect$$$$0000000D)
    .ARM.Collect$$$$0000000F                 0x08000160   Section        0  entry11a.o(.ARM.Collect$$$$0000000F)
    .ARM.Collect$$$$00002712                 0x08000160   Section        4  entry2.o(.ARM.Collect$$$$00002712)
    __lit__00000000                          0x08000160   Data           4  entry2.o(.ARM.Collect$$$$00002712)
    .text                                    0x08000164   Section       36  startup_stm32f10x_cl.o(.text)
    .text                                    0x08000188   Section        0  memcpya.o(.text)
    .text                                    0x080001ac   Section        0  fadd.o(.text)
    .text                                    0x0800025c   Section        0  fmul.o(.text)
    .text                                    0x080002c0   Section        0  fdiv.o(.text)
    .text                                    0x0800033c   Section        0  fflti.o(.text)
    .text                                    0x0800034e   Section        0  ffltui.o(.text)
    .text                                    0x08000358   Section        0  ffixi.o(.text)
    .text                                    0x0800038c   Section       20  cfcmple.o(.text)
    .text                                    0x080003a0   Section       20  cfrcmple.o(.text)
    .text                                    0x080003b4   Section        0  iusefp.o(.text)
    .text                                    0x080003b4   Section        0  fepilogue.o(.text)
    .text                                    0x08000424   Section       36  init.o(.text)
    i.BusFault_Handler                       0x08000448   Section        0  stm32f10x_it.o(i.BusFault_Handler)
    i.CAN1_Config                            0x0800044c   Section        0  can.o(i.CAN1_Config)
    i.CAN1_RX0_IRQHandler                    0x08000558   Section        0  can.o(i.CAN1_RX0_IRQHandler)
    i.CAN1_TX_IRQHandler                     0x0800061c   Section        0  can.o(i.CAN1_TX_IRQHandler)
    i.CAN2_RX1_IRQHandler                    0x08000638   Section        0  can.o(i.CAN2_RX1_IRQHandler)
    i.CAN2_TX_IRQHandler                     0x080006b8   Section        0  can.o(i.CAN2_TX_IRQHandler)
    i.CAN_ClearITPendingBit                  0x080006d4   Section        0  stm32f10x_can.o(i.CAN_ClearITPendingBit)
    i.CAN_DeInit                             0x0800077c   Section        0  stm32f10x_can.o(i.CAN_DeInit)
    i.CAN_FilterInit                         0x080007b4   Section        0  stm32f10x_can.o(i.CAN_FilterInit)
    i.CAN_GetITStatus                        0x080008bc   Section        0  stm32f10x_can.o(i.CAN_GetITStatus)
    i.CAN_ITConfig                           0x080009dc   Section        0  stm32f10x_can.o(i.CAN_ITConfig)
    i.CAN_Init                               0x080009ee   Section        0  stm32f10x_can.o(i.CAN_Init)
    i.CAN_Receive                            0x08000b02   Section        0  stm32f10x_can.o(i.CAN_Receive)
    i.CAN_StructInit                         0x08000bf2   Section        0  stm32f10x_can.o(i.CAN_StructInit)
    i.CAN_Transmit                           0x08000c12   Section        0  stm32f10x_can.o(i.CAN_Transmit)
    i.CheckAutoCtrl                          0x08000d38   Section        0  solenoid.o(i.CheckAutoCtrl)
    i.CheckITStatus                          0x08000d5c   Section        0  stm32f10x_can.o(i.CheckITStatus)
    CheckITStatus                            0x08000d5d   Thumb Code    18  stm32f10x_can.o(i.CheckITStatus)
    i.DMA_Cmd                                0x08000d6e   Section        0  stm32f10x_dma.o(i.DMA_Cmd)
    i.DMA_Config                             0x08000d86   Section        0  dma.o(i.DMA_Config)
    i.DMA_DeInit                             0x08000dd0   Section        0  stm32f10x_dma.o(i.DMA_DeInit)
    i.DMA_GetCurrDataCounter                 0x08000f1c   Section        0  stm32f10x_dma.o(i.DMA_GetCurrDataCounter)
    i.DMA_Init                               0x08000f24   Section        0  stm32f10x_dma.o(i.DMA_Init)
    i.DMA_SetCurrDataCounter                 0x08000f60   Section        0  stm32f10x_dma.o(i.DMA_SetCurrDataCounter)
    i.DebugMon_Handler                       0x08000f64   Section        0  stm32f10x_it.o(i.DebugMon_Handler)
    i.Disconnect_Report                      0x08000f68   Section        0  led.o(i.Disconnect_Report)
    i.EXTI3_IRQHandler                       0x080010b8   Section        0  gpio.o(i.EXTI3_IRQHandler)
    i.EXTI_ClearITPendingBit                 0x08001144   Section        0  stm32f10x_exti.o(i.EXTI_ClearITPendingBit)
    i.EXTI_GetITStatus                       0x08001150   Section        0  stm32f10x_exti.o(i.EXTI_GetITStatus)
    i.EXTI_Init                              0x08001178   Section        0  stm32f10x_exti.o(i.EXTI_Init)
    i.Flag_Initialize                        0x0800120c   Section        0  solenoid.o(i.Flag_Initialize)
    i.GPIO_EXTILineConfig                    0x08001238   Section        0  stm32f10x_gpio.o(i.GPIO_EXTILineConfig)
    i.GPIO_Init                              0x08001278   Section        0  stm32f10x_gpio.o(i.GPIO_Init)
    i.GPIO_Photocell                         0x08001390   Section        0  gpio.o(i.GPIO_Photocell)
    i.GPIO_PinRemapConfig                    0x08001430   Section        0  stm32f10x_gpio.o(i.GPIO_PinRemapConfig)
    i.GPIO_ResetBits                         0x080014c0   Section        0  stm32f10x_gpio.o(i.GPIO_ResetBits)
    i.GPIO_SetBits                           0x080014c4   Section        0  stm32f10x_gpio.o(i.GPIO_SetBits)
    i.GetSyscnt                              0x080014c8   Section        0  main.o(i.GetSyscnt)
    i.Get_u32_nth                            0x080014d4   Section        0  main.o(i.Get_u32_nth)
    i.Get_us10                               0x080014e8   Section        0  tim.o(i.Get_us10)
    i.Gimbal_Current_Voltage_Send            0x080014f8   Section        0  can.o(i.Gimbal_Current_Voltage_Send)
    i.HardFault_Handler                      0x0800167c   Section        0  stm32f10x_it.o(i.HardFault_Handler)
    i.Int_To_Float                           0x08001680   Section        0  can.o(i.Int_To_Float)
    i.LED_Config                             0x0800168c   Section        0  led.o(i.LED_Config)
    i.LedStatus0                             0x080016c4   Section        0  led.o(i.LedStatus0)
    i.LedStatus1                             0x080016ee   Section        0  led.o(i.LedStatus1)
    i.LedStatus10                            0x08001716   Section        0  led.o(i.LedStatus10)
    i.LedStatus11                            0x08001740   Section        0  led.o(i.LedStatus11)
    i.LedStatus12                            0x0800176c   Section        0  led.o(i.LedStatus12)
    i.LedStatus2                             0x08001798   Section        0  led.o(i.LedStatus2)
    i.LedStatus3                             0x080017c0   Section        0  led.o(i.LedStatus3)
    i.LedStatus4                             0x080017ea   Section        0  led.o(i.LedStatus4)
    i.LedStatus5                             0x08001814   Section        0  led.o(i.LedStatus5)
    i.LedStatus6                             0x08001840   Section        0  led.o(i.LedStatus6)
    i.LedStatus7                             0x0800186c   Section        0  led.o(i.LedStatus7)
    i.LedStatus8                             0x08001898   Section        0  led.o(i.LedStatus8)
    i.LedStatus9                             0x080018c4   Section        0  led.o(i.LedStatus9)
    i.Led_Twinkle1                           0x080018ee   Section        0  led.o(i.Led_Twinkle1)
    i.Led_Twinkle2                           0x08001924   Section        0  led.o(i.Led_Twinkle2)
    i.MG995_TIM5_Config                      0x0800195c   Section        0  pwm.o(i.MG995_TIM5_Config)
    i.MemManage_Handler                      0x08001a00   Section        0  stm32f10x_it.o(i.MemManage_Handler)
    i.Motor_Putter_Config                    0x08001a04   Section        0  pwm.o(i.Motor_Putter_Config)
    i.Mouse_Key_Control                      0x08001ab8   Section        0  state.o(i.Mouse_Key_Control)
    i.NMI_Handler                            0x08001aba   Section        0  stm32f10x_it.o(i.NMI_Handler)
    i.NVIC_Config                            0x08001abc   Section        0  nvic.o(i.NVIC_Config)
    i.NVIC_Init                              0x08001ae0   Section        0  misc.o(i.NVIC_Init)
    i.NVIC_PriorityGroupConfig               0x08001b50   Section        0  misc.o(i.NVIC_PriorityGroupConfig)
    i.NVIC_SetPriority                       0x08001b64   Section        0  main.o(i.NVIC_SetPriority)
    NVIC_SetPriority                         0x08001b65   Thumb Code    32  main.o(i.NVIC_SetPriority)
    i.Offline_Detect                         0x08001b8c   Section        0  state.o(i.Offline_Detect)
    i.PID_Calc                               0x08001c5c   Section        0  pid.o(i.PID_Calc)
    i.PendSV_Handler                         0x08001ce0   Section        0  stm32f10x_it.o(i.PendSV_Handler)
    i.Pid_Gimbal_Cal_Rc                      0x08001ce4   Section        0  gimbaltask.o(i.Pid_Gimbal_Cal_Rc)
    i.Pid_Gimbal_Pos_Init                    0x08001e94   Section        0  gimbaltask.o(i.Pid_Gimbal_Pos_Init)
    i.Pid_Gimbal_Speed_Init                  0x08001f38   Section        0  gimbaltask.o(i.Pid_Gimbal_Speed_Init)
    i.Pitch_TIM3_Config                      0x08001f90   Section        0  pwm.o(i.Pitch_TIM3_Config)
    i.Power_Off                              0x08002050   Section        0  state.o(i.Power_Off)
    i.PullWork_Task                          0x08002064   Section        0  solenoid.o(i.PullWork_Task)
    i.PushPull_Pos_Move                      0x080020f4   Section        0  gimbaltask.o(i.PushPull_Pos_Move)
    i.Putter_Move_Updown                     0x08002110   Section        0  pwm.o(i.Putter_Move_Updown)
    i.RCC_AHBPeriphClockCmd                  0x08002144   Section        0  stm32f10x_rcc.o(i.RCC_AHBPeriphClockCmd)
    i.RCC_APB1PeriphClockCmd                 0x08002164   Section        0  stm32f10x_rcc.o(i.RCC_APB1PeriphClockCmd)
    i.RCC_APB1PeriphResetCmd                 0x08002184   Section        0  stm32f10x_rcc.o(i.RCC_APB1PeriphResetCmd)
    i.RCC_APB2PeriphClockCmd                 0x080021a4   Section        0  stm32f10x_rcc.o(i.RCC_APB2PeriphClockCmd)
    i.RCC_APB2PeriphResetCmd                 0x080021c4   Section        0  stm32f10x_rcc.o(i.RCC_APB2PeriphResetCmd)
    i.RCC_GetClocksFreq                      0x080021e4   Section        0  stm32f10x_rcc.o(i.RCC_GetClocksFreq)
    i.Range_In                               0x08002370   Section        0  solenoid.o(i.Range_In)
    i.Rc_Control                             0x080023b8   Section        0  state.o(i.Rc_Control)
    i.Recharge_Pos_Move                      0x0800256c   Section        0  gimbaltask.o(i.Recharge_Pos_Move)
    i.Recharge_Task                          0x08002588   Section        0  solenoid.o(i.Recharge_Task)
    i.Remote_Convert                         0x080026d4   Section        0  remote.o(i.Remote_Convert)
    i.SVC_Handler                            0x08002714   Section        0  stm32f10x_it.o(i.SVC_Handler)
    i.SetSysClock                            0x08002716   Section        0  system_stm32f10x.o(i.SetSysClock)
    SetSysClock                              0x08002717   Thumb Code     8  system_stm32f10x.o(i.SetSysClock)
    i.SetSysClockTo72                        0x08002720   Section        0  system_stm32f10x.o(i.SetSysClockTo72)
    SetSysClockTo72                          0x08002721   Thumb Code   220  system_stm32f10x.o(i.SetSysClockTo72)
    i.Status_Act                             0x08002804   Section        0  state.o(i.Status_Act)
    i.SysTick_Configuration                  0x08002832   Section        0  main.o(i.SysTick_Configuration)
    i.SysTick_Handler                        0x08002880   Section        0  main.o(i.SysTick_Handler)
    i.SystemInit                             0x08002918   Section        0  system_stm32f10x.o(i.SystemInit)
    i.TIM2_Config                            0x08002968   Section        0  tim.o(i.TIM2_Config)
    i.TIM2_IRQHandler                        0x080029c8   Section        0  tim.o(i.TIM2_IRQHandler)
    i.TIM6_IRQHandler                        0x080029f8   Section        0  delay.o(i.TIM6_IRQHandler)
    i.TIM7_Config                            0x08002a24   Section        0  delay.o(i.TIM7_Config)
    i.TIM7_IRQHandler                        0x08002a84   Section        0  delay.o(i.TIM7_IRQHandler)
    i.TIM_ARRPreloadConfig                   0x08002ab0   Section        0  stm32f10x_tim.o(i.TIM_ARRPreloadConfig)
    i.TIM_ClearITPendingBit                  0x08002ac8   Section        0  stm32f10x_tim.o(i.TIM_ClearITPendingBit)
    i.TIM_Cmd                                0x08002ace   Section        0  stm32f10x_tim.o(i.TIM_Cmd)
    i.TIM_DeInit                             0x08002ae8   Section        0  stm32f10x_tim.o(i.TIM_DeInit)
    i.TIM_GetITStatus                        0x08002cd0   Section        0  stm32f10x_tim.o(i.TIM_GetITStatus)
    i.TIM_ITConfig                           0x08002cf2   Section        0  stm32f10x_tim.o(i.TIM_ITConfig)
    i.TIM_OC1Init                            0x08002d04   Section        0  stm32f10x_tim.o(i.TIM_OC1Init)
    i.TIM_OC1PreloadConfig                   0x08002d9c   Section        0  stm32f10x_tim.o(i.TIM_OC1PreloadConfig)
    i.TIM_OC2Init                            0x08002db0   Section        0  stm32f10x_tim.o(i.TIM_OC2Init)
    i.TIM_OC2PreloadConfig                   0x08002e54   Section        0  stm32f10x_tim.o(i.TIM_OC2PreloadConfig)
    i.TIM_SetCompare1                        0x08002e6e   Section        0  stm32f10x_tim.o(i.TIM_SetCompare1)
    i.TIM_SetCompare2                        0x08002e72   Section        0  stm32f10x_tim.o(i.TIM_SetCompare2)
    i.TIM_TimeBaseInit                       0x08002e78   Section        0  stm32f10x_tim.o(i.TIM_TimeBaseInit)
    i.TIM_TimeBaseStructInit                 0x08002f1c   Section        0  stm32f10x_tim.o(i.TIM_TimeBaseStructInit)
    i.UART_Config                            0x08002f2e   Section        0  usart.o(i.UART_Config)
    i.UART_GPIO_RX_Config                    0x08002f62   Section        0  usart.o(i.UART_GPIO_RX_Config)
    i.USART3_IRQHandler                      0x08002f80   Section        0  usart.o(i.USART3_IRQHandler)
    i.USART_Cmd                              0x08002ff4   Section        0  stm32f10x_usart.o(i.USART_Cmd)
    i.USART_Config                           0x0800300c   Section        0  usart.o(i.USART_Config)
    i.USART_DMACmd                           0x080030c4   Section        0  stm32f10x_usart.o(i.USART_DMACmd)
    i.USART_DeInit                           0x080030d8   Section        0  stm32f10x_usart.o(i.USART_DeInit)
    i.USART_GetITStatus                      0x08003174   Section        0  stm32f10x_usart.o(i.USART_GetITStatus)
    i.USART_ITConfig                         0x080031c8   Section        0  stm32f10x_usart.o(i.USART_ITConfig)
    i.USART_Init                             0x08003214   Section        0  stm32f10x_usart.o(i.USART_Init)
    i.UsageFault_Handler                     0x080032ec   Section        0  stm32f10x_it.o(i.UsageFault_Handler)
    i.ZeroCheck                              0x080032f0   Section        0  zerocheck.o(i.ZeroCheck)
    i.ZeroCheck_Excution                     0x08003388   Section        0  zerocheck.o(i.ZeroCheck_Excution)
    i.ZeroCheck_Init                         0x080033c0   Section        0  zerocheck.o(i.ZeroCheck_Init)
    i.ZeroCheck_Motor_PosOutput              0x0800340c   Section        0  zerocheck.o(i.ZeroCheck_Motor_PosOutput)
    i.ZeroCheck_cal                          0x08003438   Section        0  zerocheck.o(i.ZeroCheck_cal)
    i.__scatterload_copy                     0x0800349c   Section       14  handlers.o(i.__scatterload_copy)
    i.__scatterload_null                     0x080034aa   Section        2  handlers.o(i.__scatterload_null)
    i.__scatterload_zeroinit                 0x080034ac   Section       14  handlers.o(i.__scatterload_zeroinit)
    i.delay_ms                               0x080034bc   Section        0  delay.o(i.delay_ms)
    i.main                                   0x080034e8   Section        0  main.o(i.main)
    i.rc_reset                               0x0800355c   Section        0  remote.o(i.rc_reset)
    i.remote_receive                         0x080035a4   Section        0  remote.o(i.remote_receive)
    i.us10_reset                             0x080036d4   Section        0  tim.o(i.us10_reset)
    .data                                    0x20000000   Section       11  main.o(.data)
    .data                                    0x2000000b   Section       20  stm32f10x_rcc.o(.data)
    APBAHBPrescTable                         0x2000000b   Data          16  stm32f10x_rcc.o(.data)
    ADCPrescTable                            0x2000001b   Data           4  stm32f10x_rcc.o(.data)
    .data                                    0x20000020   Section        4  usart.o(.data)
    DATA_LENGTH                              0x20000020   Data           4  usart.o(.data)
    .data                                    0x20000024   Section       12  can.o(.data)
    .data                                    0x20000030   Section        8  delay.o(.data)
    .data                                    0x20000038   Section       24  gpio.o(.data)
    .data                                    0x20000050   Section       16  solenoid.o(.data)
    .data                                    0x20000060   Section       24  tim.o(.data)
    .data                                    0x20000078   Section       28  gimbaltask.o(.data)
    .data                                    0x20000094   Section       12  state.o(.data)
    .bss                                     0x200000a0   Section      116  main.o(.bss)
    .bss                                     0x20000114   Section      100  remote.o(.bss)
    .bss                                     0x20000178   Section       48  usart.o(.bss)
    .bss                                     0x200001a8   Section       84  can.o(.bss)
    .bss                                     0x200001fc   Section      480  gimbaltask.o(.bss)
    .bss                                     0x200003dc   Section      128  zerocheck.o(.bss)
    STACK                                    0x20000460   Section     1024  startup_stm32f10x_cl.o(STACK)

    Global Symbols

    Symbol Name                              Value     Ov Type        Size  Object(Section)

    BuildAttributes$$THM_ISAv4$P$D$K$B$S$PE$A:L22UL41UL21$X:L11$S22US41US21$IEEE1$IW$USESV6$~STKCKD$USESV7$~SHL$OTIME$ROPI$EBA8$MICROLIB$REQ8$PRES8$EABIv2 0x00000000   Number         0  anon$$obj.o ABSOLUTE
    __ARM_use_no_argv                        0x00000000   Number         0  main.o ABSOLUTE
    __cpp_initialize__aeabi_                  - Undefined Weak Reference
    __cxa_finalize                            - Undefined Weak Reference
    __decompress                              - Undefined Weak Reference
    _clock_init                               - Undefined Weak Reference
    _microlib_exit                            - Undefined Weak Reference
    __Vectors_Size                           0x00000150   Number         0  startup_stm32f10x_cl.o ABSOLUTE
    __Vectors                                0x08000000   Data           4  startup_stm32f10x_cl.o(RESET)
    __Vectors_End                            0x08000150   Data           0  startup_stm32f10x_cl.o(RESET)
    __main                                   0x08000151   Thumb Code     0  entry.o(.ARM.Collect$$$$00000000)
    _main_stk                                0x08000151   Thumb Code     0  entry2.o(.ARM.Collect$$$$00000001)
    _main_scatterload                        0x08000155   Thumb Code     0  entry5.o(.ARM.Collect$$$$00000004)
    __main_after_scatterload                 0x08000159   Thumb Code     0  entry5.o(.ARM.Collect$$$$00000004)
    _main_clock                              0x08000159   Thumb Code     0  entry7b.o(.ARM.Collect$$$$00000008)
    _main_cpp_init                           0x08000159   Thumb Code     0  entry8b.o(.ARM.Collect$$$$0000000A)
    _main_init                               0x08000159   Thumb Code     0  entry9a.o(.ARM.Collect$$$$0000000B)
    __rt_final_cpp                           0x08000161   Thumb Code     0  entry10a.o(.ARM.Collect$$$$0000000D)
    __rt_final_exit                          0x08000161   Thumb Code     0  entry11a.o(.ARM.Collect$$$$0000000F)
    Reset_Handler                            0x08000165   Thumb Code     8  startup_stm32f10x_cl.o(.text)
    ADC1_2_IRQHandler                        0x0800017f   Thumb Code     0  startup_stm32f10x_cl.o(.text)
    CAN1_RX1_IRQHandler                      0x0800017f   Thumb Code     0  startup_stm32f10x_cl.o(.text)
    CAN1_SCE_IRQHandler                      0x0800017f   Thumb Code     0  startup_stm32f10x_cl.o(.text)
    CAN2_RX0_IRQHandler                      0x0800017f   Thumb Code     0  startup_stm32f10x_cl.o(.text)
    CAN2_SCE_IRQHandler                      0x0800017f   Thumb Code     0  startup_stm32f10x_cl.o(.text)
    DMA1_Channel1_IRQHandler                 0x0800017f   Thumb Code     0  startup_stm32f10x_cl.o(.text)
    DMA1_Channel2_IRQHandler                 0x0800017f   Thumb Code     0  startup_stm32f10x_cl.o(.text)
    DMA1_Channel3_IRQHandler                 0x0800017f   Thumb Code     0  startup_stm32f10x_cl.o(.text)
    DMA1_Channel4_IRQHandler                 0x0800017f   Thumb Code     0  startup_stm32f10x_cl.o(.text)
    DMA1_Channel5_IRQHandler                 0x0800017f   Thumb Code     0  startup_stm32f10x_cl.o(.text)
    DMA1_Channel6_IRQHandler                 0x0800017f   Thumb Code     0  startup_stm32f10x_cl.o(.text)
    DMA1_Channel7_IRQHandler                 0x0800017f   Thumb Code     0  startup_stm32f10x_cl.o(.text)
    DMA2_Channel1_IRQHandler                 0x0800017f   Thumb Code     0  startup_stm32f10x_cl.o(.text)
    DMA2_Channel2_IRQHandler                 0x0800017f   Thumb Code     0  startup_stm32f10x_cl.o(.text)
    DMA2_Channel3_IRQHandler                 0x0800017f   Thumb Code     0  startup_stm32f10x_cl.o(.text)
    DMA2_Channel4_IRQHandler                 0x0800017f   Thumb Code     0  startup_stm32f10x_cl.o(.text)
    DMA2_Channel5_IRQHandler                 0x0800017f   Thumb Code     0  startup_stm32f10x_cl.o(.text)
    ETH_IRQHandler                           0x0800017f   Thumb Code     0  startup_stm32f10x_cl.o(.text)
    ETH_WKUP_IRQHandler                      0x0800017f   Thumb Code     0  startup_stm32f10x_cl.o(.text)
    EXTI0_IRQHandler                         0x0800017f   Thumb Code     0  startup_stm32f10x_cl.o(.text)
    EXTI15_10_IRQHandler                     0x0800017f   Thumb Code     0  startup_stm32f10x_cl.o(.text)
    EXTI1_IRQHandler                         0x0800017f   Thumb Code     0  startup_stm32f10x_cl.o(.text)
    EXTI2_IRQHandler                         0x0800017f   Thumb Code     0  startup_stm32f10x_cl.o(.text)
    EXTI4_IRQHandler                         0x0800017f   Thumb Code     0  startup_stm32f10x_cl.o(.text)
    EXTI9_5_IRQHandler                       0x0800017f   Thumb Code     0  startup_stm32f10x_cl.o(.text)
    FLASH_IRQHandler                         0x0800017f   Thumb Code     0  startup_stm32f10x_cl.o(.text)
    I2C1_ER_IRQHandler                       0x0800017f   Thumb Code     0  startup_stm32f10x_cl.o(.text)
    I2C1_EV_IRQHandler                       0x0800017f   Thumb Code     0  startup_stm32f10x_cl.o(.text)
    I2C2_ER_IRQHandler                       0x0800017f   Thumb Code     0  startup_stm32f10x_cl.o(.text)
    I2C2_EV_IRQHandler                       0x0800017f   Thumb Code     0  startup_stm32f10x_cl.o(.text)
    OTG_FS_IRQHandler                        0x0800017f   Thumb Code     0  startup_stm32f10x_cl.o(.text)
    OTG_FS_WKUP_IRQHandler                   0x0800017f   Thumb Code     0  startup_stm32f10x_cl.o(.text)
    PVD_IRQHandler                           0x0800017f   Thumb Code     0  startup_stm32f10x_cl.o(.text)
    RCC_IRQHandler                           0x0800017f   Thumb Code     0  startup_stm32f10x_cl.o(.text)
    RTCAlarm_IRQHandler                      0x0800017f   Thumb Code     0  startup_stm32f10x_cl.o(.text)
    RTC_IRQHandler                           0x0800017f   Thumb Code     0  startup_stm32f10x_cl.o(.text)
    SPI1_IRQHandler                          0x0800017f   Thumb Code     0  startup_stm32f10x_cl.o(.text)
    SPI2_IRQHandler                          0x0800017f   Thumb Code     0  startup_stm32f10x_cl.o(.text)
    SPI3_IRQHandler                          0x0800017f   Thumb Code     0  startup_stm32f10x_cl.o(.text)
    TAMPER_IRQHandler                        0x0800017f   Thumb Code     0  startup_stm32f10x_cl.o(.text)
    TIM1_BRK_IRQHandler                      0x0800017f   Thumb Code     0  startup_stm32f10x_cl.o(.text)
    TIM1_CC_IRQHandler                       0x0800017f   Thumb Code     0  startup_stm32f10x_cl.o(.text)
    TIM1_TRG_COM_IRQHandler                  0x0800017f   Thumb Code     0  startup_stm32f10x_cl.o(.text)
    TIM1_UP_IRQHandler                       0x0800017f   Thumb Code     0  startup_stm32f10x_cl.o(.text)
    TIM3_IRQHandler                          0x0800017f   Thumb Code     0  startup_stm32f10x_cl.o(.text)
    TIM4_IRQHandler                          0x0800017f   Thumb Code     0  startup_stm32f10x_cl.o(.text)
    TIM5_IRQHandler                          0x0800017f   Thumb Code     0  startup_stm32f10x_cl.o(.text)
    UART4_IRQHandler                         0x0800017f   Thumb Code     0  startup_stm32f10x_cl.o(.text)
    UART5_IRQHandler                         0x0800017f   Thumb Code     0  startup_stm32f10x_cl.o(.text)
    USART1_IRQHandler                        0x0800017f   Thumb Code     0  startup_stm32f10x_cl.o(.text)
    USART2_IRQHandler                        0x0800017f   Thumb Code     0  startup_stm32f10x_cl.o(.text)
    WWDG_IRQHandler                          0x0800017f   Thumb Code     0  startup_stm32f10x_cl.o(.text)
    __aeabi_memcpy                           0x08000189   Thumb Code    36  memcpya.o(.text)
    __aeabi_memcpy4                          0x08000189   Thumb Code     0  memcpya.o(.text)
    __aeabi_memcpy8                          0x08000189   Thumb Code     0  memcpya.o(.text)
    __aeabi_fadd                             0x080001ad   Thumb Code   164  fadd.o(.text)
    __aeabi_fsub                             0x08000251   Thumb Code     6  fadd.o(.text)
    __aeabi_frsub                            0x08000257   Thumb Code     6  fadd.o(.text)
    __aeabi_fmul                             0x0800025d   Thumb Code   100  fmul.o(.text)
    __aeabi_fdiv                             0x080002c1   Thumb Code   124  fdiv.o(.text)
    __aeabi_i2f                              0x0800033d   Thumb Code    18  fflti.o(.text)
    __aeabi_ui2f                             0x0800034f   Thumb Code    10  ffltui.o(.text)
    __aeabi_f2iz                             0x08000359   Thumb Code    50  ffixi.o(.text)
    __aeabi_cfcmpeq                          0x0800038d   Thumb Code     0  cfcmple.o(.text)
    __aeabi_cfcmple                          0x0800038d   Thumb Code    20  cfcmple.o(.text)
    __aeabi_cfrcmple                         0x080003a1   Thumb Code    20  cfrcmple.o(.text)
    __I$use$fp                               0x080003b5   Thumb Code     0  iusefp.o(.text)
    _float_round                             0x080003b5   Thumb Code    18  fepilogue.o(.text)
    _float_epilogue                          0x080003c7   Thumb Code    92  fepilogue.o(.text)
    __scatterload                            0x08000425   Thumb Code    28  init.o(.text)
    __scatterload_rt2                        0x08000425   Thumb Code     0  init.o(.text)
    BusFault_Handler                         0x08000449   Thumb Code     4  stm32f10x_it.o(i.BusFault_Handler)
    CAN1_Config                              0x0800044d   Thumb Code   260  can.o(i.CAN1_Config)
    CAN1_RX0_IRQHandler                      0x08000559   Thumb Code   182  can.o(i.CAN1_RX0_IRQHandler)
    CAN1_TX_IRQHandler                       0x0800061d   Thumb Code    22  can.o(i.CAN1_TX_IRQHandler)
    CAN2_RX1_IRQHandler                      0x08000639   Thumb Code   100  can.o(i.CAN2_RX1_IRQHandler)
    CAN2_TX_IRQHandler                       0x080006b9   Thumb Code    22  can.o(i.CAN2_TX_IRQHandler)
    CAN_ClearITPendingBit                    0x080006d5   Thumb Code   162  stm32f10x_can.o(i.CAN_ClearITPendingBit)
    CAN_DeInit                               0x0800077d   Thumb Code    50  stm32f10x_can.o(i.CAN_DeInit)
    CAN_FilterInit                           0x080007b5   Thumb Code   258  stm32f10x_can.o(i.CAN_FilterInit)
    CAN_GetITStatus                          0x080008bd   Thumb Code   284  stm32f10x_can.o(i.CAN_GetITStatus)
    CAN_ITConfig                             0x080009dd   Thumb Code    18  stm32f10x_can.o(i.CAN_ITConfig)
    CAN_Init                                 0x080009ef   Thumb Code   276  stm32f10x_can.o(i.CAN_Init)
    CAN_Receive                              0x08000b03   Thumb Code   240  stm32f10x_can.o(i.CAN_Receive)
    CAN_StructInit                           0x08000bf3   Thumb Code    32  stm32f10x_can.o(i.CAN_StructInit)
    CAN_Transmit                             0x08000c13   Thumb Code   294  stm32f10x_can.o(i.CAN_Transmit)
    CheckAutoCtrl                            0x08000d39   Thumb Code    24  solenoid.o(i.CheckAutoCtrl)
    DMA_Cmd                                  0x08000d6f   Thumb Code    24  stm32f10x_dma.o(i.DMA_Cmd)
    DMA_Config                               0x08000d87   Thumb Code    74  dma.o(i.DMA_Config)
    DMA_DeInit                               0x08000dd1   Thumb Code   324  stm32f10x_dma.o(i.DMA_DeInit)
    DMA_GetCurrDataCounter                   0x08000f1d   Thumb Code     8  stm32f10x_dma.o(i.DMA_GetCurrDataCounter)
    DMA_Init                                 0x08000f25   Thumb Code    60  stm32f10x_dma.o(i.DMA_Init)
    DMA_SetCurrDataCounter                   0x08000f61   Thumb Code     4  stm32f10x_dma.o(i.DMA_SetCurrDataCounter)
    DebugMon_Handler                         0x08000f65   Thumb Code     2  stm32f10x_it.o(i.DebugMon_Handler)
    Disconnect_Report                        0x08000f69   Thumb Code   332  led.o(i.Disconnect_Report)
    EXTI3_IRQHandler                         0x080010b9   Thumb Code   112  gpio.o(i.EXTI3_IRQHandler)
    EXTI_ClearITPendingBit                   0x08001145   Thumb Code     6  stm32f10x_exti.o(i.EXTI_ClearITPendingBit)
    EXTI_GetITStatus                         0x08001151   Thumb Code    34  stm32f10x_exti.o(i.EXTI_GetITStatus)
    EXTI_Init                                0x08001179   Thumb Code   142  stm32f10x_exti.o(i.EXTI_Init)
    Flag_Initialize                          0x0800120d   Thumb Code    24  solenoid.o(i.Flag_Initialize)
    GPIO_EXTILineConfig                      0x08001239   Thumb Code    60  stm32f10x_gpio.o(i.GPIO_EXTILineConfig)
    GPIO_Init                                0x08001279   Thumb Code   278  stm32f10x_gpio.o(i.GPIO_Init)
    GPIO_Photocell                           0x08001391   Thumb Code   154  gpio.o(i.GPIO_Photocell)
    GPIO_PinRemapConfig                      0x08001431   Thumb Code   138  stm32f10x_gpio.o(i.GPIO_PinRemapConfig)
    GPIO_ResetBits                           0x080014c1   Thumb Code     4  stm32f10x_gpio.o(i.GPIO_ResetBits)
    GPIO_SetBits                             0x080014c5   Thumb Code     4  stm32f10x_gpio.o(i.GPIO_SetBits)
    GetSyscnt                                0x080014c9   Thumb Code     6  main.o(i.GetSyscnt)
    Get_u32_nth                              0x080014d5   Thumb Code    20  main.o(i.Get_u32_nth)
    Get_us10                                 0x080014e9   Thumb Code    12  tim.o(i.Get_us10)
    Gimbal_Current_Voltage_Send              0x080014f9   Thumb Code   370  can.o(i.Gimbal_Current_Voltage_Send)
    HardFault_Handler                        0x0800167d   Thumb Code     4  stm32f10x_it.o(i.HardFault_Handler)
    Int_To_Float                             0x08001681   Thumb Code    12  can.o(i.Int_To_Float)
    LED_Config                               0x0800168d   Thumb Code    50  led.o(i.LED_Config)
    LedStatus0                               0x080016c5   Thumb Code    42  led.o(i.LedStatus0)
    LedStatus1                               0x080016ef   Thumb Code    40  led.o(i.LedStatus1)
    LedStatus10                              0x08001717   Thumb Code    42  led.o(i.LedStatus10)
    LedStatus11                              0x08001741   Thumb Code    44  led.o(i.LedStatus11)
    LedStatus12                              0x0800176d   Thumb Code    44  led.o(i.LedStatus12)
    LedStatus2                               0x08001799   Thumb Code    40  led.o(i.LedStatus2)
    LedStatus3                               0x080017c1   Thumb Code    42  led.o(i.LedStatus3)
    LedStatus4                               0x080017eb   Thumb Code    42  led.o(i.LedStatus4)
    LedStatus5                               0x08001815   Thumb Code    44  led.o(i.LedStatus5)
    LedStatus6                               0x08001841   Thumb Code    44  led.o(i.LedStatus6)
    LedStatus7                               0x0800186d   Thumb Code    44  led.o(i.LedStatus7)
    LedStatus8                               0x08001899   Thumb Code    44  led.o(i.LedStatus8)
    LedStatus9                               0x080018c5   Thumb Code    42  led.o(i.LedStatus9)
    Led_Twinkle1                             0x080018ef   Thumb Code    54  led.o(i.Led_Twinkle1)
    Led_Twinkle2                             0x08001925   Thumb Code    54  led.o(i.Led_Twinkle2)
    MG995_TIM5_Config                        0x0800195d   Thumb Code   156  pwm.o(i.MG995_TIM5_Config)
    MemManage_Handler                        0x08001a01   Thumb Code     4  stm32f10x_it.o(i.MemManage_Handler)
    Motor_Putter_Config                      0x08001a05   Thumb Code   172  pwm.o(i.Motor_Putter_Config)
    Mouse_Key_Control                        0x08001ab9   Thumb Code     2  state.o(i.Mouse_Key_Control)
    NMI_Handler                              0x08001abb   Thumb Code     2  stm32f10x_it.o(i.NMI_Handler)
    NVIC_Config                              0x08001abd   Thumb Code    34  nvic.o(i.NVIC_Config)
    NVIC_Init                                0x08001ae1   Thumb Code   100  misc.o(i.NVIC_Init)
    NVIC_PriorityGroupConfig                 0x08001b51   Thumb Code    10  misc.o(i.NVIC_PriorityGroupConfig)
    Offline_Detect                           0x08001b8d   Thumb Code   208  state.o(i.Offline_Detect)
    PID_Calc                                 0x08001c5d   Thumb Code   132  pid.o(i.PID_Calc)
    PendSV_Handler                           0x08001ce1   Thumb Code     2  stm32f10x_it.o(i.PendSV_Handler)
    Pid_Gimbal_Cal_Rc                        0x08001ce5   Thumb Code   376  gimbaltask.o(i.Pid_Gimbal_Cal_Rc)
    Pid_Gimbal_Pos_Init                      0x08001e95   Thumb Code   118  gimbaltask.o(i.Pid_Gimbal_Pos_Init)
    Pid_Gimbal_Speed_Init                    0x08001f39   Thumb Code    62  gimbaltask.o(i.Pid_Gimbal_Speed_Init)
    Pitch_TIM3_Config                        0x08001f91   Thumb Code   180  pwm.o(i.Pitch_TIM3_Config)
    Power_Off                                0x08002051   Thumb Code    12  state.o(i.Power_Off)
    PullWork_Task                            0x08002065   Thumb Code   108  solenoid.o(i.PullWork_Task)
    PushPull_Pos_Move                        0x080020f5   Thumb Code    20  gimbaltask.o(i.PushPull_Pos_Move)
    Putter_Move_Updown                       0x08002111   Thumb Code    46  pwm.o(i.Putter_Move_Updown)
    RCC_AHBPeriphClockCmd                    0x08002145   Thumb Code    26  stm32f10x_rcc.o(i.RCC_AHBPeriphClockCmd)
    RCC_APB1PeriphClockCmd                   0x08002165   Thumb Code    26  stm32f10x_rcc.o(i.RCC_APB1PeriphClockCmd)
    RCC_APB1PeriphResetCmd                   0x08002185   Thumb Code    26  stm32f10x_rcc.o(i.RCC_APB1PeriphResetCmd)
    RCC_APB2PeriphClockCmd                   0x080021a5   Thumb Code    26  stm32f10x_rcc.o(i.RCC_APB2PeriphClockCmd)
    RCC_APB2PeriphResetCmd                   0x080021c5   Thumb Code    26  stm32f10x_rcc.o(i.RCC_APB2PeriphResetCmd)
    RCC_GetClocksFreq                        0x080021e5   Thumb Code   374  stm32f10x_rcc.o(i.RCC_GetClocksFreq)
    Range_In                                 0x08002371   Thumb Code    70  solenoid.o(i.Range_In)
    Rc_Control                               0x080023b9   Thumb Code   358  state.o(i.Rc_Control)
    Recharge_Pos_Move                        0x0800256d   Thumb Code    20  gimbaltask.o(i.Recharge_Pos_Move)
    Recharge_Task                            0x08002589   Thumb Code   288  solenoid.o(i.Recharge_Task)
    Remote_Convert                           0x080026d5   Thumb Code    58  remote.o(i.Remote_Convert)
    SVC_Handler                              0x08002715   Thumb Code     2  stm32f10x_it.o(i.SVC_Handler)
    Status_Act                               0x08002805   Thumb Code    46  state.o(i.Status_Act)
    SysTick_Configuration                    0x08002833   Thumb Code    76  main.o(i.SysTick_Configuration)
    SysTick_Handler                          0x08002881   Thumb Code   128  main.o(i.SysTick_Handler)
    SystemInit                               0x08002919   Thumb Code    68  system_stm32f10x.o(i.SystemInit)
    TIM2_Config                              0x08002969   Thumb Code    96  tim.o(i.TIM2_Config)
    TIM2_IRQHandler                          0x080029c9   Thumb Code    40  tim.o(i.TIM2_IRQHandler)
    TIM6_IRQHandler                          0x080029f9   Thumb Code    34  delay.o(i.TIM6_IRQHandler)
    TIM7_Config                              0x08002a25   Thumb Code    90  delay.o(i.TIM7_Config)
    TIM7_IRQHandler                          0x08002a85   Thumb Code    34  delay.o(i.TIM7_IRQHandler)
    TIM_ARRPreloadConfig                     0x08002ab1   Thumb Code    24  stm32f10x_tim.o(i.TIM_ARRPreloadConfig)
    TIM_ClearITPendingBit                    0x08002ac9   Thumb Code     6  stm32f10x_tim.o(i.TIM_ClearITPendingBit)
    TIM_Cmd                                  0x08002acf   Thumb Code    24  stm32f10x_tim.o(i.TIM_Cmd)
    TIM_DeInit                               0x08002ae9   Thumb Code   424  stm32f10x_tim.o(i.TIM_DeInit)
    TIM_GetITStatus                          0x08002cd1   Thumb Code    34  stm32f10x_tim.o(i.TIM_GetITStatus)
    TIM_ITConfig                             0x08002cf3   Thumb Code    18  stm32f10x_tim.o(i.TIM_ITConfig)
    TIM_OC1Init                              0x08002d05   Thumb Code   132  stm32f10x_tim.o(i.TIM_OC1Init)
    TIM_OC1PreloadConfig                     0x08002d9d   Thumb Code    18  stm32f10x_tim.o(i.TIM_OC1PreloadConfig)
    TIM_OC2Init                              0x08002db1   Thumb Code   154  stm32f10x_tim.o(i.TIM_OC2Init)
    TIM_OC2PreloadConfig                     0x08002e55   Thumb Code    26  stm32f10x_tim.o(i.TIM_OC2PreloadConfig)
    TIM_SetCompare1                          0x08002e6f   Thumb Code     4  stm32f10x_tim.o(i.TIM_SetCompare1)
    TIM_SetCompare2                          0x08002e73   Thumb Code     4  stm32f10x_tim.o(i.TIM_SetCompare2)
    TIM_TimeBaseInit                         0x08002e79   Thumb Code   122  stm32f10x_tim.o(i.TIM_TimeBaseInit)
    TIM_TimeBaseStructInit                   0x08002f1d   Thumb Code    18  stm32f10x_tim.o(i.TIM_TimeBaseStructInit)
    UART_Config                              0x08002f2f   Thumb Code    52  usart.o(i.UART_Config)
    UART_GPIO_RX_Config                      0x08002f63   Thumb Code    30  usart.o(i.UART_GPIO_RX_Config)
    USART3_IRQHandler                        0x08002f81   Thumb Code    96  usart.o(i.USART3_IRQHandler)
    USART_Cmd                                0x08002ff5   Thumb Code    24  stm32f10x_usart.o(i.USART_Cmd)
    USART_Config                             0x0800300d   Thumb Code   160  usart.o(i.USART_Config)
    USART_DMACmd                             0x080030c5   Thumb Code    18  stm32f10x_usart.o(i.USART_DMACmd)
    USART_DeInit                             0x080030d9   Thumb Code   134  stm32f10x_usart.o(i.USART_DeInit)
    USART_GetITStatus                        0x08003175   Thumb Code    84  stm32f10x_usart.o(i.USART_GetITStatus)
    USART_ITConfig                           0x080031c9   Thumb Code    74  stm32f10x_usart.o(i.USART_ITConfig)
    USART_Init                               0x08003215   Thumb Code   210  stm32f10x_usart.o(i.USART_Init)
    UsageFault_Handler                       0x080032ed   Thumb Code     4  stm32f10x_it.o(i.UsageFault_Handler)
    ZeroCheck                                0x080032f1   Thumb Code   142  zerocheck.o(i.ZeroCheck)
    ZeroCheck_Excution                       0x08003389   Thumb Code    46  zerocheck.o(i.ZeroCheck_Excution)
    ZeroCheck_Init                           0x080033c1   Thumb Code    68  zerocheck.o(i.ZeroCheck_Init)
    ZeroCheck_Motor_PosOutput                0x0800340d   Thumb Code    40  zerocheck.o(i.ZeroCheck_Motor_PosOutput)
    ZeroCheck_cal                            0x08003439   Thumb Code    78  zerocheck.o(i.ZeroCheck_cal)
    __scatterload_copy                       0x0800349d   Thumb Code    14  handlers.o(i.__scatterload_copy)
    __scatterload_null                       0x080034ab   Thumb Code     2  handlers.o(i.__scatterload_null)
    __scatterload_zeroinit                   0x080034ad   Thumb Code    14  handlers.o(i.__scatterload_zeroinit)
    delay_ms                                 0x080034bd   Thumb Code    36  delay.o(i.delay_ms)
    main                                     0x080034e9   Thumb Code   100  main.o(i.main)
    rc_reset                                 0x0800355d   Thumb Code    68  remote.o(i.rc_reset)
    remote_receive                           0x080035a5   Thumb Code   298  remote.o(i.remote_receive)
    us10_reset                               0x080036d5   Thumb Code     8  tim.o(i.us10_reset)
    Region$$Table$$Base                      0x080036e0   Number         0  anon$$obj.o(Region$$Table)
    Region$$Table$$Limit                     0x08003700   Number         0  anon$$obj.o(Region$$Table)
    syscnt                                   0x20000000   Data           4  main.o(.data)
    Disconnect_Flag_All                      0x20000004   Data           4  main.o(.data)
    Status                                   0x20000008   Data           1  main.o(.data)
    LauchState                               0x20000009   Data           1  main.o(.data)
    AutoCtrl_Flag                            0x2000000a   Data           1  main.o(.data)
    Gyro_Initial_Flag                        0x20000024   Data           1  can.o(.data)
    _6020Flag                                0x20000025   Data           1  can.o(.data)
    yaw_angle                                0x20000028   Data           4  can.o(.data)
    gz                                       0x2000002c   Data           4  can.o(.data)
    delayus_cnt                              0x20000030   Data           4  delay.o(.data)
    delayms_cnt                              0x20000034   Data           4  delay.o(.data)
    Out_Or_Back                              0x20000038   Data           4  gpio.o(.data)
    Triggercnt                               0x2000003c   Data           4  gpio.o(.data)
    usget                                    0x20000040   Data           4  gpio.o(.data)
    MissileUp_Flag                           0x20000044   Data           1  gpio.o(.data)
    us                                       0x20000048   Data           4  gpio.o(.data)
    Lspeed                                   0x2000004c   Data           4  gpio.o(.data)
    Solenoid_Power_Flag                      0x20000050   Data           1  solenoid.o(.data)
    FirstTime                                0x20000051   Data           1  solenoid.o(.data)
    Recharge_1st                             0x20000052   Data           1  solenoid.o(.data)
    Recharge_2nd                             0x20000053   Data           1  solenoid.o(.data)
    Recharge_3rd                             0x20000054   Data           1  solenoid.o(.data)
    Recharge_1st_Get                         0x20000055   Data           1  solenoid.o(.data)
    Recharge_2nd_Get                         0x20000056   Data           1  solenoid.o(.data)
    Recharge_3rd_Get                         0x20000057   Data           1  solenoid.o(.data)
    RechargeWork_Flag                        0x20000058   Data           1  solenoid.o(.data)
    PullWork_Flag                            0x20000059   Data           1  solenoid.o(.data)
    PushWork_Flag                            0x2000005a   Data           1  solenoid.o(.data)
    delay                                    0x2000005c   Data           4  solenoid.o(.data)
    us10_on_off                              0x20000060   Data           1  tim.o(.data)
    us10cnt                                  0x20000064   Data           4  tim.o(.data)
    RSpeed                                   0x20000068   Data           4  tim.o(.data)
    Lastrspeed                               0x2000006c   Data           4  tim.o(.data)
    Linear_Velocity                          0x20000070   Data           4  tim.o(.data)
    Encoder_Speed                            0x20000074   Data           4  tim.o(.data)
    Gimbal_Power_Flag                        0x20000078   Data           1  gimbaltask.o(.data)
    PutterPosInit                            0x2000007c   Data           4  gimbaltask.o(.data)
    PushPullPosInit                          0x20000080   Data           4  gimbaltask.o(.data)
    PitchSpeedLlimit                         0x20000084   Data           4  gimbaltask.o(.data)
    YawSpeedLimit                            0x20000088   Data           4  gimbaltask.o(.data)
    RechargeSpeedLimit                       0x2000008c   Data           4  gimbaltask.o(.data)
    PushPullSpeedLimit                       0x20000090   Data           4  gimbaltask.o(.data)
    First_Enter                              0x20000094   Data           1  state.o(.data)
    Gimbal_Lock_Flag                         0x20000095   Data           1  state.o(.data)
    Vcnt                                     0x20000096   Data           2  state.o(.data)
    Rcnt                                     0x20000098   Data           2  state.o(.data)
    Mousecnt                                 0x2000009a   Data           2  state.o(.data)
    Pitch_PulseSet                           0x2000009c   Data           4  state.o(.data)
    Discnect_Flag                            0x200000a0   Data          96  main.o(.bss)
    rcc                                      0x20000100   Data          20  main.o(.bss)
    rc_ctrl                                  0x20000114   Data          50  remote.o(.bss)
    rc_ctrl_last                             0x20000146   Data          50  remote.o(.bss)
    uart3_RxBuffer                           0x20000178   Data          18  usart.o(.bss)
    huart3                                   0x2000018c   Data          28  usart.o(.bss)
    Gimbal_Motor                             0x200001a8   Data          64  can.o(.bss)
    rx_message_1                             0x200001e8   Data          20  can.o(.bss)
    RealPos                                  0x200001fc   Data          16  gimbaltask.o(.bss)
    LastPos                                  0x2000020c   Data          16  gimbaltask.o(.bss)
    CurrentSend                              0x2000021c   Data          16  gimbaltask.o(.bss)
    RealSpeed                                0x2000022c   Data          16  gimbaltask.o(.bss)
    Pid_Gimbal_Speed_Yaw                     0x2000023c   Data          52  gimbaltask.o(.bss)
    Pid_Gimbal_Speed_Pitch                   0x20000270   Data          52  gimbaltask.o(.bss)
    Pid_Gimbal_Speed_Recharge                0x200002a4   Data          52  gimbaltask.o(.bss)
    Pid_Gimbal_Speed_PushPull                0x200002d8   Data          52  gimbaltask.o(.bss)
    Pid_Gimbal_Pos_Yaw                       0x2000030c   Data          52  gimbaltask.o(.bss)
    Pid_Gimbal_Pos_Pitch                     0x20000340   Data          52  gimbaltask.o(.bss)
    Pid_Gimbal_Pos_Recharge                  0x20000374   Data          52  gimbaltask.o(.bss)
    Pid_Gimbal_Pos_PushPull                  0x200003a8   Data          52  gimbaltask.o(.bss)
    ZeroCheck_Motor                          0x200003dc   Data          80  zerocheck.o(.bss)
    Motor_Angle                              0x2000042c   Data          16  zerocheck.o(.bss)
    Temp                                     0x2000043c   Data          16  zerocheck.o(.bss)
    Hold                                     0x2000044c   Data          16  zerocheck.o(.bss)
    __initial_sp                             0x20000860   Data           0  startup_stm32f10x_cl.o(STACK)



==============================================================================

Memory Map of the image

  Image Entry point : 0x08000151

  Load Region LR_IROM1 (Base: 0x08000000, Size: 0x000037a0, Max: 0x00020000, ABSOLUTE)

    Execution Region ER_IROM1 (Base: 0x08000000, Size: 0x00003700, Max: 0x00020000, ABSOLUTE)

    Base Addr    Size         Type   Attr      Idx    E Section Name        Object

    0x08000000   0x00000150   Data   RO            3    RESET               startup_stm32f10x_cl.o
    0x08000150   0x00000000   Code   RO         2547  * .ARM.Collect$$$$00000000  mc_w.l(entry.o)
    0x08000150   0x00000004   Code   RO         2570    .ARM.Collect$$$$00000001  mc_w.l(entry2.o)
    0x08000154   0x00000004   Code   RO         2573    .ARM.Collect$$$$00000004  mc_w.l(entry5.o)
    0x08000158   0x00000000   Code   RO         2575    .ARM.Collect$$$$00000008  mc_w.l(entry7b.o)
    0x08000158   0x00000000   Code   RO         2577    .ARM.Collect$$$$0000000A  mc_w.l(entry8b.o)
    0x08000158   0x00000008   Code   RO         2578    .ARM.Collect$$$$0000000B  mc_w.l(entry9a.o)
    0x08000160   0x00000000   Code   RO         2580    .ARM.Collect$$$$0000000D  mc_w.l(entry10a.o)
    0x08000160   0x00000000   Code   RO         2582    .ARM.Collect$$$$0000000F  mc_w.l(entry11a.o)
    0x08000160   0x00000004   Code   RO         2571    .ARM.Collect$$$$00002712  mc_w.l(entry2.o)
    0x08000164   0x00000024   Code   RO            4    .text               startup_stm32f10x_cl.o
    0x08000188   0x00000024   Code   RO         2550    .text               mc_w.l(memcpya.o)
    0x080001ac   0x000000b0   Code   RO         2554    .text               mf_w.l(fadd.o)
    0x0800025c   0x00000064   Code   RO         2556    .text               mf_w.l(fmul.o)
    0x080002c0   0x0000007c   Code   RO         2558    .text               mf_w.l(fdiv.o)
    0x0800033c   0x00000012   Code   RO         2560    .text               mf_w.l(fflti.o)
    0x0800034e   0x0000000a   Code   RO         2562    .text               mf_w.l(ffltui.o)
    0x08000358   0x00000032   Code   RO         2564    .text               mf_w.l(ffixi.o)
    0x0800038a   0x00000002   PAD
    0x0800038c   0x00000014   Code   RO         2566    .text               mf_w.l(cfcmple.o)
    0x080003a0   0x00000014   Code   RO         2568    .text               mf_w.l(cfrcmple.o)
    0x080003b4   0x00000000   Code   RO         2584    .text               mc_w.l(iusefp.o)
    0x080003b4   0x0000006e   Code   RO         2585    .text               mf_w.l(fepilogue.o)
    0x08000422   0x00000002   PAD
    0x08000424   0x00000024   Code   RO         2587    .text               mc_w.l(init.o)
    0x08000448   0x00000004   Code   RO           10    i.BusFault_Handler  stm32f10x_it.o
    0x0800044c   0x0000010c   Code   RO         2037    i.CAN1_Config       can.o
    0x08000558   0x000000c4   Code   RO         2038    i.CAN1_RX0_IRQHandler  can.o
    0x0800061c   0x0000001c   Code   RO         2039    i.CAN1_TX_IRQHandler  can.o
    0x08000638   0x00000080   Code   RO         2041    i.CAN2_RX1_IRQHandler  can.o
    0x080006b8   0x0000001c   Code   RO         2042    i.CAN2_TX_IRQHandler  can.o
    0x080006d4   0x000000a8   Code   RO          654    i.CAN_ClearITPendingBit  stm32f10x_can.o
    0x0800077c   0x00000038   Code   RO          656    i.CAN_DeInit        stm32f10x_can.o
    0x080007b4   0x00000108   Code   RO          658    i.CAN_FilterInit    stm32f10x_can.o
    0x080008bc   0x00000120   Code   RO          660    i.CAN_GetITStatus   stm32f10x_can.o
    0x080009dc   0x00000012   Code   RO          664    i.CAN_ITConfig      stm32f10x_can.o
    0x080009ee   0x00000114   Code   RO          665    i.CAN_Init          stm32f10x_can.o
    0x08000b02   0x000000f0   Code   RO          668    i.CAN_Receive       stm32f10x_can.o
    0x08000bf2   0x00000020   Code   RO          671    i.CAN_StructInit    stm32f10x_can.o
    0x08000c12   0x00000126   Code   RO          673    i.CAN_Transmit      stm32f10x_can.o
    0x08000d38   0x00000024   Code   RO         2317    i.CheckAutoCtrl     solenoid.o
    0x08000d5c   0x00000012   Code   RO          676    i.CheckITStatus     stm32f10x_can.o
    0x08000d6e   0x00000018   Code   RO         1411    i.DMA_Cmd           stm32f10x_dma.o
    0x08000d86   0x0000004a   Code   RO         1921    i.DMA_Config        dma.o
    0x08000dd0   0x0000014c   Code   RO         1412    i.DMA_DeInit        stm32f10x_dma.o
    0x08000f1c   0x00000008   Code   RO         1413    i.DMA_GetCurrDataCounter  stm32f10x_dma.o
    0x08000f24   0x0000003c   Code   RO         1417    i.DMA_Init          stm32f10x_dma.o
    0x08000f60   0x00000004   Code   RO         1418    i.DMA_SetCurrDataCounter  stm32f10x_dma.o
    0x08000f64   0x00000002   Code   RO           11    i.DebugMon_Handler  stm32f10x_it.o
    0x08000f66   0x00000002   PAD
    0x08000f68   0x00000150   Code   RO         2179    i.Disconnect_Report  led.o
    0x080010b8   0x0000008c   Code   RO         2146    i.EXTI3_IRQHandler  gpio.o
    0x08001144   0x0000000c   Code   RO         1356    i.EXTI_ClearITPendingBit  stm32f10x_exti.o
    0x08001150   0x00000028   Code   RO         1360    i.EXTI_GetITStatus  stm32f10x_exti.o
    0x08001178   0x00000094   Code   RO         1361    i.EXTI_Init         stm32f10x_exti.o
    0x0800120c   0x0000002c   Code   RO         2318    i.Flag_Initialize   solenoid.o
    0x08001238   0x00000040   Code   RO          541    i.GPIO_EXTILineConfig  stm32f10x_gpio.o
    0x08001278   0x00000116   Code   RO          544    i.GPIO_Init         stm32f10x_gpio.o
    0x0800138e   0x00000002   PAD
    0x08001390   0x000000a0   Code   RO         2147    i.GPIO_Photocell    gpio.o
    0x08001430   0x00000090   Code   RO          546    i.GPIO_PinRemapConfig  stm32f10x_gpio.o
    0x080014c0   0x00000004   Code   RO          551    i.GPIO_ResetBits    stm32f10x_gpio.o
    0x080014c4   0x00000004   Code   RO          552    i.GPIO_SetBits      stm32f10x_gpio.o
    0x080014c8   0x0000000c   Code   RO          117    i.GetSyscnt         main.o
    0x080014d4   0x00000014   Code   RO          118    i.Get_u32_nth       main.o
    0x080014e8   0x00000010   Code   RO         2362    i.Get_us10          tim.o
    0x080014f8   0x00000184   Code   RO         2044    i.Gimbal_Current_Voltage_Send  can.o
    0x0800167c   0x00000004   Code   RO           12    i.HardFault_Handler  stm32f10x_it.o
    0x08001680   0x0000000c   Code   RO         2045    i.Int_To_Float      can.o
    0x0800168c   0x00000038   Code   RO         2180    i.LED_Config        led.o
    0x080016c4   0x0000002a   Code   RO         2181    i.LedStatus0        led.o
    0x080016ee   0x00000028   Code   RO         2182    i.LedStatus1        led.o
    0x08001716   0x0000002a   Code   RO         2183    i.LedStatus10       led.o
    0x08001740   0x0000002c   Code   RO         2184    i.LedStatus11       led.o
    0x0800176c   0x0000002c   Code   RO         2185    i.LedStatus12       led.o
    0x08001798   0x00000028   Code   RO         2186    i.LedStatus2        led.o
    0x080017c0   0x0000002a   Code   RO         2187    i.LedStatus3        led.o
    0x080017ea   0x0000002a   Code   RO         2188    i.LedStatus4        led.o
    0x08001814   0x0000002c   Code   RO         2189    i.LedStatus5        led.o
    0x08001840   0x0000002c   Code   RO         2190    i.LedStatus6        led.o
    0x0800186c   0x0000002c   Code   RO         2191    i.LedStatus7        led.o
    0x08001898   0x0000002c   Code   RO         2192    i.LedStatus8        led.o
    0x080018c4   0x0000002a   Code   RO         2193    i.LedStatus9        led.o
    0x080018ee   0x00000036   Code   RO         2194    i.Led_Twinkle1      led.o
    0x08001924   0x00000036   Code   RO         2195    i.Led_Twinkle2      led.o
    0x0800195a   0x00000002   PAD
    0x0800195c   0x000000a4   Code   RO         2287    i.MG995_TIM5_Config  pwm.o
    0x08001a00   0x00000004   Code   RO           13    i.MemManage_Handler  stm32f10x_it.o
    0x08001a04   0x000000b4   Code   RO         2288    i.Motor_Putter_Config  pwm.o
    0x08001ab8   0x00000002   Code   RO         2467    i.Mouse_Key_Control  state.o
    0x08001aba   0x00000002   Code   RO           14    i.NMI_Handler       stm32f10x_it.o
    0x08001abc   0x00000022   Code   RO         1936    i.NVIC_Config       nvic.o
    0x08001ade   0x00000002   PAD
    0x08001ae0   0x00000070   Code   RO          223    i.NVIC_Init         misc.o
    0x08001b50   0x00000014   Code   RO          224    i.NVIC_PriorityGroupConfig  misc.o
    0x08001b64   0x00000028   Code   RO          119    i.NVIC_SetPriority  main.o
    0x08001b8c   0x000000d0   Code   RO         2468    i.Offline_Detect    state.o
    0x08001c5c   0x00000084   Code   RO         2455    i.PID_Calc          pid.o
    0x08001ce0   0x00000002   Code   RO           15    i.PendSV_Handler    stm32f10x_it.o
    0x08001ce2   0x00000002   PAD
    0x08001ce4   0x000001b0   Code   RO         2410    i.Pid_Gimbal_Cal_Rc  gimbaltask.o
    0x08001e94   0x000000a4   Code   RO         2411    i.Pid_Gimbal_Pos_Init  gimbaltask.o
    0x08001f38   0x00000058   Code   RO         2412    i.Pid_Gimbal_Speed_Init  gimbaltask.o
    0x08001f90   0x000000c0   Code   RO         2289    i.Pitch_TIM3_Config  pwm.o
    0x08002050   0x00000014   Code   RO         2469    i.Power_Off         state.o
    0x08002064   0x00000090   Code   RO         2319    i.PullWork_Task     solenoid.o
    0x080020f4   0x0000001c   Code   RO         2413    i.PushPull_Pos_Move  gimbaltask.o
    0x08002110   0x00000034   Code   RO         2290    i.Putter_Move_Updown  pwm.o
    0x08002144   0x00000020   Code   RO          285    i.RCC_AHBPeriphClockCmd  stm32f10x_rcc.o
    0x08002164   0x00000020   Code   RO          287    i.RCC_APB1PeriphClockCmd  stm32f10x_rcc.o
    0x08002184   0x00000020   Code   RO          288    i.RCC_APB1PeriphResetCmd  stm32f10x_rcc.o
    0x080021a4   0x00000020   Code   RO          289    i.RCC_APB2PeriphClockCmd  stm32f10x_rcc.o
    0x080021c4   0x00000020   Code   RO          290    i.RCC_APB2PeriphResetCmd  stm32f10x_rcc.o
    0x080021e4   0x0000018c   Code   RO          297    i.RCC_GetClocksFreq  stm32f10x_rcc.o
    0x08002370   0x00000046   Code   RO         2320    i.Range_In          solenoid.o
    0x080023b6   0x00000002   PAD
    0x080023b8   0x000001b4   Code   RO         2470    i.Rc_Control        state.o
    0x0800256c   0x0000001c   Code   RO         2414    i.Recharge_Pos_Move  gimbaltask.o
    0x08002588   0x0000014c   Code   RO         2321    i.Recharge_Task     solenoid.o
    0x080026d4   0x00000040   Code   RO         1951    i.Remote_Convert    remote.o
    0x08002714   0x00000002   Code   RO           16    i.SVC_Handler       stm32f10x_it.o
    0x08002716   0x00000008   Code   RO         1893    i.SetSysClock       system_stm32f10x.o
    0x0800271e   0x00000002   PAD
    0x08002720   0x000000e4   Code   RO         1894    i.SetSysClockTo72   system_stm32f10x.o
    0x08002804   0x0000002e   Code   RO         2471    i.Status_Act        state.o
    0x08002832   0x0000004c   Code   RO          120    i.SysTick_Configuration  main.o
    0x0800287e   0x00000002   PAD
    0x08002880   0x00000098   Code   RO          121    i.SysTick_Handler   main.o
    0x08002918   0x00000050   Code   RO         1895    i.SystemInit        system_stm32f10x.o
    0x08002968   0x00000060   Code   RO         2363    i.TIM2_Config       tim.o
    0x080029c8   0x00000030   Code   RO         2364    i.TIM2_IRQHandler   tim.o
    0x080029f8   0x0000002c   Code   RO         2102    i.TIM6_IRQHandler   delay.o
    0x08002a24   0x00000060   Code   RO         2103    i.TIM7_Config       delay.o
    0x08002a84   0x0000002c   Code   RO         2104    i.TIM7_IRQHandler   delay.o
    0x08002ab0   0x00000018   Code   RO          811    i.TIM_ARRPreloadConfig  stm32f10x_tim.o
    0x08002ac8   0x00000006   Code   RO          818    i.TIM_ClearITPendingBit  stm32f10x_tim.o
    0x08002ace   0x00000018   Code   RO          823    i.TIM_Cmd           stm32f10x_tim.o
    0x08002ae6   0x00000002   PAD
    0x08002ae8   0x000001e8   Code   RO          828    i.TIM_DeInit        stm32f10x_tim.o
    0x08002cd0   0x00000022   Code   RO          844    i.TIM_GetITStatus   stm32f10x_tim.o
    0x08002cf2   0x00000012   Code   RO          848    i.TIM_ITConfig      stm32f10x_tim.o
    0x08002d04   0x00000098   Code   RO          852    i.TIM_OC1Init       stm32f10x_tim.o
    0x08002d9c   0x00000012   Code   RO          855    i.TIM_OC1PreloadConfig  stm32f10x_tim.o
    0x08002dae   0x00000002   PAD
    0x08002db0   0x000000a4   Code   RO          857    i.TIM_OC2Init       stm32f10x_tim.o
    0x08002e54   0x0000001a   Code   RO          860    i.TIM_OC2PreloadConfig  stm32f10x_tim.o
    0x08002e6e   0x00000004   Code   RO          884    i.TIM_SetCompare1   stm32f10x_tim.o
    0x08002e72   0x00000004   Code   RO          885    i.TIM_SetCompare2   stm32f10x_tim.o
    0x08002e76   0x00000002   PAD
    0x08002e78   0x000000a4   Code   RO          894    i.TIM_TimeBaseInit  stm32f10x_tim.o
    0x08002f1c   0x00000012   Code   RO          895    i.TIM_TimeBaseStructInit  stm32f10x_tim.o
    0x08002f2e   0x00000034   Code   RO         1997    i.UART_Config       usart.o
    0x08002f62   0x0000001e   Code   RO         1998    i.UART_GPIO_RX_Config  usart.o
    0x08002f80   0x00000074   Code   RO         2000    i.USART3_IRQHandler  usart.o
    0x08002ff4   0x00000018   Code   RO         1485    i.USART_Cmd         stm32f10x_usart.o
    0x0800300c   0x000000b8   Code   RO         2001    i.USART_Config      usart.o
    0x080030c4   0x00000012   Code   RO         1486    i.USART_DMACmd      stm32f10x_usart.o
    0x080030d6   0x00000002   PAD
    0x080030d8   0x0000009c   Code   RO         1487    i.USART_DeInit      stm32f10x_usart.o
    0x08003174   0x00000054   Code   RO         1489    i.USART_GetITStatus  stm32f10x_usart.o
    0x080031c8   0x0000004a   Code   RO         1491    i.USART_ITConfig    stm32f10x_usart.o
    0x08003212   0x00000002   PAD
    0x08003214   0x000000d8   Code   RO         1492    i.USART_Init        stm32f10x_usart.o
    0x080032ec   0x00000004   Code   RO           17    i.UsageFault_Handler  stm32f10x_it.o
    0x080032f0   0x00000098   Code   RO         2507    i.ZeroCheck         zerocheck.o
    0x08003388   0x00000038   Code   RO         2508    i.ZeroCheck_Excution  zerocheck.o
    0x080033c0   0x0000004c   Code   RO         2509    i.ZeroCheck_Init    zerocheck.o
    0x0800340c   0x0000002c   Code   RO         2510    i.ZeroCheck_Motor_PosOutput  zerocheck.o
    0x08003438   0x00000064   Code   RO         2511    i.ZeroCheck_cal     zerocheck.o
    0x0800349c   0x0000000e   Code   RO         2591    i.__scatterload_copy  mc_w.l(handlers.o)
    0x080034aa   0x00000002   Code   RO         2592    i.__scatterload_null  mc_w.l(handlers.o)
    0x080034ac   0x0000000e   Code   RO         2593    i.__scatterload_zeroinit  mc_w.l(handlers.o)
    0x080034ba   0x00000002   PAD
    0x080034bc   0x0000002c   Code   RO         2105    i.delay_ms          delay.o
    0x080034e8   0x00000074   Code   RO          122    i.main              main.o
    0x0800355c   0x00000048   Code   RO         1953    i.rc_reset          remote.o
    0x080035a4   0x00000130   Code   RO         1954    i.remote_receive    remote.o
    0x080036d4   0x0000000c   Code   RO         2366    i.us10_reset        tim.o
    0x080036e0   0x00000020   Data   RO         2589    Region$$Table       anon$$obj.o


    Execution Region RW_IRAM1 (Base: 0x20000000, Size: 0x00000860, Max: 0x00010000, ABSOLUTE)

    Base Addr    Size         Type   Attr      Idx    E Section Name        Object

    0x20000000   0x0000000b   Data   RW          124    .data               main.o
    0x2000000b   0x00000014   Data   RW          325    .data               stm32f10x_rcc.o
    0x2000001f   0x00000001   PAD
    0x20000020   0x00000004   Data   RW         2003    .data               usart.o
    0x20000024   0x0000000c   Data   RW         2047    .data               can.o
    0x20000030   0x00000008   Data   RW         2107    .data               delay.o
    0x20000038   0x00000018   Data   RW         2150    .data               gpio.o
    0x20000050   0x00000010   Data   RW         2322    .data               solenoid.o
    0x20000060   0x00000018   Data   RW         2367    .data               tim.o
    0x20000078   0x0000001c   Data   RW         2416    .data               gimbaltask.o
    0x20000094   0x0000000c   Data   RW         2472    .data               state.o
    0x200000a0   0x00000074   Zero   RW          123    .bss                main.o
    0x20000114   0x00000064   Zero   RW         1955    .bss                remote.o
    0x20000178   0x00000030   Zero   RW         2002    .bss                usart.o
    0x200001a8   0x00000054   Zero   RW         2046    .bss                can.o
    0x200001fc   0x000001e0   Zero   RW         2415    .bss                gimbaltask.o
    0x200003dc   0x00000080   Zero   RW         2512    .bss                zerocheck.o
    0x2000045c   0x00000004   PAD
    0x20000460   0x00000400   Zero   RW            1    STACK               startup_stm32f10x_cl.o


==============================================================================

Image component sizes


      Code (inc. data)   RO Data    RW Data    ZI Data      Debug   Object Name

      1048         80          0         12         84       4890   can.o
       228         34          0          8          0       2183   delay.o
        74          0          0          0          0       1333   dma.o
       740        144          0         28        480       6844   gimbaltask.o
       300         34          0         24          0       1512   gpio.o
      1054         10          0          0          0      10215   led.o
       416         54          0         11        116       9822   main.o
       132         22          0          0          0     234579   misc.o
        34          0          0          0          0        598   nvic.o
       132          0          0          0          0        843   pid.o
       588         34          0          0          0       2447   pwm.o
       440         16          0          0        100       7072   remote.o
       626        112          0         16          0       3271   solenoid.o
        36          8        336          0       1024        816   startup_stm32f10x_cl.o
       712         86          0         12          0       3800   state.o
      1654         22          0          0          0       6984   stm32f10x_can.o
       428          8          0          0          0       4316   stm32f10x_dma.o
       200         18          0          0          0       1948   stm32f10x_exti.o
       494         10          0          0          0       4256   stm32f10x_gpio.o
        24          0          0          0          0     286688   stm32f10x_it.o
       556         52          0         20          0       6680   stm32f10x_rcc.o
      1144        136          0          0          0       8585   stm32f10x_tim.o
       572         28          0          0          0       5348   stm32f10x_usart.o
       316         20          0          0          0       1777   system_stm32f10x.o
       172         16          0         24          0       2222   tim.o
       382         44          0          4         48       2863   usart.o
       428         54          0          0        128       3489   zerocheck.o

    ----------------------------------------------------------------------
     12956       1042        368        160       1984     625381   Object Totals
         0          0         32          0          0          0   (incl. Generated)
        26          0          0          1          4          0   (incl. Padding)

    ----------------------------------------------------------------------

      Code (inc. data)   RO Data    RW Data    ZI Data      Debug   Library Member Name

         0          0          0          0          0          0   entry.o
         0          0          0          0          0          0   entry10a.o
         0          0          0          0          0          0   entry11a.o
         8          4          0          0          0          0   entry2.o
         4          0          0          0          0          0   entry5.o
         0          0          0          0          0          0   entry7b.o
         0          0          0          0          0          0   entry8b.o
         8          4          0          0          0          0   entry9a.o
        30          0          0          0          0          0   handlers.o
        36          8          0          0          0         68   init.o
         0          0          0          0          0          0   iusefp.o
        36          0          0          0          0         68   memcpya.o
        20          0          0          0          0         68   cfcmple.o
        20          0          0          0          0         68   cfrcmple.o
       176          0          0          0          0        140   fadd.o
       124          0          0          0          0         88   fdiv.o
       110          0          0          0          0        168   fepilogue.o
        50          0          0          0          0         68   ffixi.o
        18          0          0          0          0         68   fflti.o
        10          0          0          0          0         68   ffltui.o
       100          0          0          0          0         76   fmul.o

    ----------------------------------------------------------------------
       756         16          0          0          0        948   Library Totals
         6          0          0          0          0          0   (incl. Padding)

    ----------------------------------------------------------------------

      Code (inc. data)   RO Data    RW Data    ZI Data      Debug   Library Name

       122         16          0          0          0        136   mc_w.l
       628          0          0          0          0        812   mf_w.l

    ----------------------------------------------------------------------
       756         16          0          0          0        948   Library Totals

    ----------------------------------------------------------------------

==============================================================================


      Code (inc. data)   RO Data    RW Data    ZI Data      Debug   

     13712       1058        368        160       1984     619253   Grand Totals
     13712       1058        368        160       1984     619253   ELF Image Totals
     13712       1058        368        160          0          0   ROM Totals

==============================================================================

    Total RO  Size (Code + RO Data)                14080 (  13.75kB)
    Total RW  Size (RW Data + ZI Data)              2144 (   2.09kB)
    Total ROM Size (Code + RO Data + RW Data)      14240 (  13.91kB)

==============================================================================

