Component: ARM Compiler 5.05 update 2 (build 169) Tool: armlink [4d0f33]

==============================================================================

Section Cross References

    startup_stm32f10x_hd.o(RESET) refers to startup_stm32f10x_hd.o(STACK) for __initial_sp
    startup_stm32f10x_hd.o(RESET) refers to startup_stm32f10x_hd.o(.text) for Reset_Handler
    startup_stm32f10x_hd.o(RESET) refers to stm32f10x_it.o(i.NMI_Handler) for NMI_Handler
    startup_stm32f10x_hd.o(RESET) refers to stm32f10x_it.o(i.HardFault_Handler) for HardFault_Handler
    startup_stm32f10x_hd.o(RESET) refers to stm32f10x_it.o(i.MemManage_Handler) for MemManage_Handler
    startup_stm32f10x_hd.o(RESET) refers to stm32f10x_it.o(i.BusFault_Handler) for BusFault_Handler
    startup_stm32f10x_hd.o(RESET) refers to stm32f10x_it.o(i.UsageFault_Handler) for UsageFault_Handler
    startup_stm32f10x_hd.o(RESET) refers to stm32f10x_it.o(i.DebugMon_Handler) for DebugMon_Handler
    startup_stm32f10x_hd.o(RESET) refers to stm32f10x_it.o(i.SysTick_Handler) for SysTick_Handler
    startup_stm32f10x_hd.o(RESET) refers to main.o(i.DMA1_Channel3_IRQHandler) for DMA1_Channel3_IRQHandler
    startup_stm32f10x_hd.o(.text) refers to system_stm32f10x.o(i.SystemInit) for SystemInit
    startup_stm32f10x_hd.o(.text) refers to entry.o(.ARM.Collect$$$$00000000) for __main
    stm32f10x_it.o(i.SysTick_Handler) refers to port.o(i.xPortSysTickHandler) for xPortSysTickHandler
    main.o(i.AppTaskCreate) refers to port.o(i.vPortEnterCritical) for vPortEnterCritical
    main.o(i.AppTaskCreate) refers to tasks.o(i.xTaskCreate) for xTaskCreate
    main.o(i.AppTaskCreate) refers to tasks.o(i.vTaskDelete) for vTaskDelete
    main.o(i.AppTaskCreate) refers to port.o(i.vPortExitCritical) for vPortExitCritical
    main.o(i.AppTaskCreate) refers to main.o(.data) for Commute_Task_Handle
    main.o(i.AppTaskCreate) refers to main.o(i.Commute_Task) for Commute_Task
    main.o(i.DMA1_Channel3_IRQHandler) refers to stm32f10x_dma.o(i.DMA_GetFlagStatus) for DMA_GetFlagStatus
    main.o(i.DMA1_Channel3_IRQHandler) refers to stm32f10x_tim.o(i.TIM_DMACmd) for TIM_DMACmd
    main.o(i.DMA1_Channel3_IRQHandler) refers to stm32f10x_dma.o(i.DMA_ITConfig) for DMA_ITConfig
    main.o(i.DMA1_Channel3_IRQHandler) refers to stm32f10x_dma.o(i.DMA_Cmd) for DMA_Cmd
    main.o(i.DMA1_Channel3_IRQHandler) refers to stm32f10x_tim.o(i.TIM_SetCompare3) for TIM_SetCompare3
    main.o(i.DMA1_Channel3_IRQHandler) refers to stm32f10x_tim.o(i.TIM_SetCompare4) for TIM_SetCompare4
    main.o(i.DMA1_Channel3_IRQHandler) refers to stm32f10x_dma.o(i.DMA_ClearFlag) for DMA_ClearFlag
    main.o(i.DMA1_Channel3_IRQHandler) refers to main.o(.data) for accelerator
    main.o(i.DMA1_Channel3_IRQHandler) refers to main.o(.bss) for BIT
    main.o(i.HardWare_Init) refers to stm32f10x_rcc.o(i.RCC_APB1PeriphClockCmd) for RCC_APB1PeriphClockCmd
    main.o(i.HardWare_Init) refers to stm32f10x_rcc.o(i.RCC_APB2PeriphClockCmd) for RCC_APB2PeriphClockCmd
    main.o(i.HardWare_Init) refers to stm32f10x_rcc.o(i.RCC_AHBPeriphClockCmd) for RCC_AHBPeriphClockCmd
    main.o(i.HardWare_Init) refers to stm32f10x_gpio.o(i.GPIO_Init) for GPIO_Init
    main.o(i.HardWare_Init) refers to stm32f10x_dma.o(i.DMA_DeInit) for DMA_DeInit
    main.o(i.HardWare_Init) refers to stm32f10x_dma.o(i.DMA_Init) for DMA_Init
    main.o(i.HardWare_Init) refers to stm32f10x_tim.o(i.TIM_TimeBaseInit) for TIM_TimeBaseInit
    main.o(i.HardWare_Init) refers to stm32f10x_tim.o(i.TIM_OC3Init) for TIM_OC3Init
    main.o(i.HardWare_Init) refers to stm32f10x_tim.o(i.TIM_OC3PreloadConfig) for TIM_OC3PreloadConfig
    main.o(i.HardWare_Init) refers to stm32f10x_tim.o(i.TIM_OC4Init) for TIM_OC4Init
    main.o(i.HardWare_Init) refers to stm32f10x_tim.o(i.TIM_OC4PreloadConfig) for TIM_OC4PreloadConfig
    main.o(i.HardWare_Init) refers to misc.o(i.NVIC_Init) for NVIC_Init
    main.o(i.HardWare_Init) refers to stm32f10x_tim.o(i.TIM_DMAConfig) for TIM_DMAConfig
    main.o(i.HardWare_Init) refers to stm32f10x_tim.o(i.TIM_DMACmd) for TIM_DMACmd
    main.o(i.HardWare_Init) refers to stm32f10x_tim.o(i.TIM_ARRPreloadConfig) for TIM_ARRPreloadConfig
    main.o(i.HardWare_Init) refers to stm32f10x_tim.o(i.TIM_Cmd) for TIM_Cmd
    main.o(i.HardWare_Init) refers to stm32f10x_tim.o(i.TIM_CtrlPWMOutputs) for TIM_CtrlPWMOutputs
    main.o(i.HardWare_Init) refers to stm32f10x_dma.o(i.DMA_ITConfig) for DMA_ITConfig
    main.o(i.HardWare_Init) refers to stm32f10x_dma.o(i.DMA_Cmd) for DMA_Cmd
    main.o(i.HardWare_Init) refers to main.o(.bss) for dshotBuffer
    main.o(i.main) refers to main.o(i.HardWare_Init) for HardWare_Init
    main.o(i.main) refers to tasks.o(i.xTaskCreate) for xTaskCreate
    main.o(i.main) refers to tasks.o(i.vTaskStartScheduler) for vTaskStartScheduler
    main.o(i.main) refers to main.o(.data) for AppTaskCreate_Handle
    main.o(i.main) refers to main.o(i.AppTaskCreate) for AppTaskCreate
[...]
    queue.o(i.xQueuePeek) refers to tasks.o(i.xTaskResumeAll) for xTaskResumeAll
    queue.o(i.xQueuePeekFromISR) refers to queue.o(i.prvCopyDataFromQueue) for prvCopyDataFromQueue
    queue.o(i.xQueueReceive) refers to port.o(i.vPortEnterCritical) for vPortEnterCritical
    queue.o(i.xQueueReceive) refers to queue.o(i.prvCopyDataFromQueue) for prvCopyDataFromQueue
    queue.o(i.xQueueReceive) refers to tasks.o(i.xTaskRemoveFromEventList) for xTaskRemoveFromEventList
    queue.o(i.xQueueReceive) refers to port.o(i.vPortExitCritical) for vPortExitCritical
    queue.o(i.xQueueReceive) refers to tasks.o(i.vTaskInternalSetTimeOutState) for vTaskInternalSetTimeOutState
    queue.o(i.xQueueReceive) refers to tasks.o(i.vTaskSuspendAll) for vTaskSuspendAll
    queue.o(i.xQueueReceive) refers to tasks.o(i.xTaskCheckForTimeOut) for xTaskCheckForTimeOut
    queue.o(i.xQueueReceive) refers to queue.o(i.prvIsQueueEmpty) for prvIsQueueEmpty
    queue.o(i.xQueueReceive) refers to tasks.o(i.vTaskPlaceOnEventList) for vTaskPlaceOnEventList
    queue.o(i.xQueueReceive) refers to queue.o(i.prvUnlockQueue) for prvUnlockQueue
    queue.o(i.xQueueReceive) refers to tasks.o(i.xTaskResumeAll) for xTaskResumeAll
    queue.o(i.xQueueReceiveFromISR) refers to queue.o(i.prvCopyDataFromQueue) for prvCopyDataFromQueue
    queue.o(i.xQueueReceiveFromISR) refers to tasks.o(i.xTaskRemoveFromEventList) for xTaskRemoveFromEventList
    queue.o(i.xQueueSemaphoreTake) refers to port.o(i.vPortEnterCritical) for vPortEnterCritical
    queue.o(i.xQueueSemaphoreTake) refers to tasks.o(i.xTaskRemoveFromEventList) for xTaskRemoveFromEventList
    queue.o(i.xQueueSemaphoreTake) refers to port.o(i.vPortExitCritical) for vPortExitCritical
    queue.o(i.xQueueSemaphoreTake) refers to tasks.o(i.vTaskInternalSetTimeOutState) for vTaskInternalSetTimeOutState
    queue.o(i.xQueueSemaphoreTake) refers to tasks.o(i.vTaskSuspendAll) for vTaskSuspendAll
    queue.o(i.xQueueSemaphoreTake) refers to tasks.o(i.xTaskCheckForTimeOut) for xTaskCheckForTimeOut
    queue.o(i.xQueueSemaphoreTake) refers to queue.o(i.prvIsQueueEmpty) for prvIsQueueEmpty
    queue.o(i.xQueueSemaphoreTake) refers to tasks.o(i.vTaskPlaceOnEventList) for vTaskPlaceOnEventList
    queue.o(i.xQueueSemaphoreTake) refers to queue.o(i.prvUnlockQueue) for prvUnlockQueue
    queue.o(i.xQueueSemaphoreTake) refers to tasks.o(i.xTaskResumeAll) for xTaskResumeAll
    stream_buffer.o(i.prvInitialiseNewStreamBuffer) refers to memseta.o(.text) for __aeabi_memclr4
    stream_buffer.o(i.prvReadBytesFromBuffer) refers to memcpya.o(.text) for __aeabi_memcpy
    stream_buffer.o(i.prvReadMessageFromBuffer) refers to stream_buffer.o(i.prvReadBytesFromBuffer) for prvReadBytesFromBuffer
    stream_buffer.o(i.prvWriteBytesToBuffer) refers to memcpya.o(.text) for __aeabi_memcpy
    stream_buffer.o(i.prvWriteMessageToBuffer) refers to stream_buffer.o(i.prvWriteBytesToBuffer) for prvWriteBytesToBuffer
    stream_buffer.o(i.vStreamBufferDelete) refers to heap_4.o(i.vPortFree) for vPortFree
    stream_buffer.o(i.vStreamBufferDelete) refers to memseta.o(.text) for __aeabi_memclr4
    stream_buffer.o(i.xStreamBufferBytesAvailable) refers to stream_buffer.o(i.prvBytesInBuffer) for prvBytesInBuffer
    stream_buffer.o(i.xStreamBufferGenericCreate) refers to heap_4.o(i.pvPortMalloc) for pvPortMalloc
    stream_buffer.o(i.xStreamBufferGenericCreate) refers to stream_buffer.o(i.prvInitialiseNewStreamBuffer) for prvInitialiseNewStreamBuffer
    stream_buffer.o(i.xStreamBufferIsFull) refers to stream_buffer.o(i.xStreamBufferSpacesAvailable) for xStreamBufferSpacesAvailable
    stream_buffer.o(i.xStreamBufferNextMessageLengthBytes) refers to stream_buffer.o(i.prvBytesInBuffer) for prvBytesInBuffer
    stream_buffer.o(i.xStreamBufferNextMessageLengthBytes) refers to stream_buffer.o(i.prvReadBytesFromBuffer) for prvReadBytesFromBuffer
    stream_buffer.o(i.xStreamBufferReceive) refers to port.o(i.vPortEnterCritical) for vPortEnterCritical
    stream_buffer.o(i.xStreamBufferReceive) refers to stream_buffer.o(i.prvBytesInBuffer) for prvBytesInBuffer
    stream_buffer.o(i.xStreamBufferReceive) refers to tasks.o(i.xTaskNotifyStateClear) for xTaskNotifyStateClear
    stream_buffer.o(i.xStreamBufferReceive) refers to tasks.o(i.xTaskGetCurrentTaskHandle) for xTaskGetCurrentTaskHandle
    stream_buffer.o(i.xStreamBufferReceive) refers to port.o(i.vPortExitCritical) for vPortExitCritical
    stream_buffer.o(i.xStreamBufferReceive) refers to tasks.o(i.xTaskNotifyWait) for xTaskNotifyWait
    stream_buffer.o(i.xStreamBufferReceive) refers to stream_buffer.o(i.prvReadMessageFromBuffer) for prvReadMessageFromBuffer
    stream_buffer.o(i.xStreamBufferReceive) refers to tasks.o(i.vTaskSuspendAll) for vTaskSuspendAll
    stream_buffer.o(i.xStreamBufferReceive) refers to tasks.o(i.xTaskGenericNotify) for xTaskGenericNotify
    stream_buffer.o(i.xStreamBufferReceive) refers to tasks.o(i.xTaskResumeAll) for xTaskResumeAll
    stream_buffer.o(i.xStreamBufferReceiveCompletedFromISR) refers to tasks.o(i.xTaskGenericNotifyFromISR) for xTaskGenericNotifyFromISR
    stream_buffer.o(i.xStreamBufferReceiveFromISR) refers to stream_buffer.o(i.prvBytesInBuffer) for prvBytesInBuffer
    stream_buffer.o(i.xStreamBufferReceiveFromISR) refers to stream_buffer.o(i.prvReadMessageFromBuffer) for prvReadMessageFromBuffer
    stream_buffer.o(i.xStreamBufferReceiveFromISR) refers to tasks.o(i.xTaskGenericNotifyFromISR) for xTaskGenericNotifyFromISR
    stream_buffer.o(i.xStreamBufferReset) refers to port.o(i.vPortEnterCritical) for vPortEnterCritical
    stream_buffer.o(i.xStreamBufferReset) refers to stream_buffer.o(i.prvInitialiseNewStreamBuffer) for prvInitialiseNewStreamBuffer
    stream_buffer.o(i.xStreamBufferReset) refers to port.o(i.vPortExitCritical) for vPortExitCritical
    stream_buffer.o(i.xStreamBufferSend) refers to tasks.o(i.vTaskSetTimeOutState) for vTaskSetTimeOutState
    stream_buffer.o(i.xStreamBufferSend) refers to port.o(i.vPortEnterCritical) for vPortEnterCritical
    stream_buffer.o(i.xStreamBufferSend) refers to stream_buffer.o(i.xStreamBufferSpacesAvailable) for xStreamBufferSpacesAvailable
    stream_buffer.o(i.xStreamBufferSend) refers to tasks.o(i.xTaskNotifyStateClear) for xTaskNotifyStateClear
    stream_buffer.o(i.xStreamBufferSend) refers to tasks.o(i.xTaskGetCurrentTaskHandle) for xTaskGetCurrentTaskHandle
    stream_buffer.o(i.xStreamBufferSend) refers to port.o(i.vPortExitCritical) for vPortExitCritical
    stream_buffer.o(i.xStreamBufferSend) refers to tasks.o(i.xTaskNotifyWait) for xTaskNotifyWait
    stream_buffer.o(i.xStreamBufferSend) refers to tasks.o(i.xTaskCheckForTimeOut) for xTaskCheckForTimeOut
    stream_buffer.o(i.xStreamBufferSend) refers to stream_buffer.o(i.prvWriteMessageToBuffer) for prvWriteMessageToBuffer
    stream_buffer.o(i.xStreamBufferSend) refers to stream_buffer.o(i.prvBytesInBuffer) for prvBytesInBuffer
    stream_buffer.o(i.xStreamBufferSend) refers to tasks.o(i.vTaskSuspendAll) for vTaskSuspendAll
    stream_buffer.o(i.xStreamBufferSend) refers to tasks.o(i.xTaskGenericNotify) for xTaskGenericNotify
    stream_buffer.o(i.xStreamBufferSend) refers to tasks.o(i.xTaskResumeAll) for xTaskResumeAll
    stream_buffer.o(i.xStreamBufferSendCompletedFromISR) refers to tasks.o(i.xTaskGenericNotifyFromISR) for xTaskGenericNotifyFromISR
    stream_buffer.o(i.xStreamBufferSendFromISR) refers to stream_buffer.o(i.xStreamBufferSpacesAvailable) for xStreamBufferSpacesAvailable
    stream_buffer.o(i.xStreamBufferSendFromISR) refers to stream_buffer.o(i.prvWriteMessageToBuffer) for prvWriteMessageToBuffer
    stream_buffer.o(i.xStreamBufferSendFromISR) refers to stream_buffer.o(i.prvBytesInBuffer) for prvBytesInBuffer
    stream_buffer.o(i.xStreamBufferSendFromISR) refers to tasks.o(i.xTaskGenericNotifyFromISR) for xTaskGenericNotifyFromISR
    tasks.o(i.pcTaskGetName) refers to tasks.o(.data) for pxCurrentTCB
    tasks.o(i.prvAddCurrentTaskToDelayedList) refers to list.o(i.uxListRemove) for uxListRemove
    tasks.o(i.prvAddCurrentTaskToDelayedList) refers to list.o(i.vListInsertEnd) for vListInsertEnd
    tasks.o(i.prvAddCurrentTaskToDelayedList) refers to list.o(i.vListInsert) for vListInsert
    tasks.o(i.prvAddCurrentTaskToDelayedList) refers to tasks.o(.data) for xTickCount
    tasks.o(i.prvAddCurrentTaskToDelayedList) refers to tasks.o(.bss) for xSuspendedTaskList
    tasks.o(i.prvAddNewTaskToReadyList) refers to port.o(i.vPortEnterCritical) for vPortEnterCritical
    tasks.o(i.prvAddNewTaskToReadyList) refers to tasks.o(i.prvInitialiseTaskLists) for prvInitialiseTaskLists
    tasks.o(i.prvAddNewTaskToReadyList) refers to list.o(i.vListInsertEnd) for vListInsertEnd
    tasks.o(i.prvAddNewTaskToReadyList) refers to port.o(i.vPortExitCritical) for vPortExitCritical
    tasks.o(i.prvAddNewTaskToReadyList) refers to tasks.o(.data) for uxCurrentNumberOfTasks
    tasks.o(i.prvAddNewTaskToReadyList) refers to tasks.o(.bss) for pxReadyTasksLists
    tasks.o(i.prvCheckTasksWaitingTermination) refers to port.o(i.vPortEnterCritical) for vPortEnterCritical
    tasks.o(i.prvCheckTasksWaitingTermination) refers to list.o(i.uxListRemove) for uxListRemove
    tasks.o(i.prvCheckTasksWaitingTermination) refers to port.o(i.vPortExitCritical) for vPortExitCritical
    tasks.o(i.prvCheckTasksWaitingTermination) refers to tasks.o(i.prvDeleteTCB) for prvDeleteTCB
    tasks.o(i.prvCheckTasksWaitingTermination) refers to tasks.o(.bss) for xTasksWaitingTermination
    tasks.o(i.prvCheckTasksWaitingTermination) refers to tasks.o(.data) for uxCurrentNumberOfTasks
    tasks.o(i.prvDeleteTCB) refers to heap_4.o(i.vPortFree) for vPortFree
    tasks.o(i.prvIdleTask) refers to tasks.o(i.prvCheckTasksWaitingTermination) for prvCheckTasksWaitingTermination
    tasks.o(i.prvIdleTask) refers to tasks.o(.bss) for pxReadyTasksLists
    tasks.o(i.prvInitialiseNewTask) refers to list.o(i.vListInitialiseItem) for vListInitialiseItem
    tasks.o(i.prvInitialiseNewTask) refers to port.o(i.pxPortInitialiseStack) for pxPortInitialiseStack
    tasks.o(i.prvInitialiseTaskLists) refers to list.o(i.vListInitialise) for vListInitialise
    tasks.o(i.prvInitialiseTaskLists) refers to tasks.o(.bss) for pxReadyTasksLists
    tasks.o(i.prvInitialiseTaskLists) refers to tasks.o(.data) for pxDelayedTaskList
    tasks.o(i.prvResetNextTaskUnblockTime) refers to tasks.o(.data) for pxDelayedTaskList
    tasks.o(i.prvTaskIsTaskSuspended) refers to tasks.o(.bss) for xSuspendedTaskList
    tasks.o(i.ulTaskNotifyTake) refers to port.o(i.vPortEnterCritical) for vPortEnterCritical
    tasks.o(i.ulTaskNotifyTake) refers to tasks.o(i.prvAddCurrentTaskToDelayedList) for prvAddCurrentTaskToDelayedList
    tasks.o(i.ulTaskNotifyTake) refers to port.o(i.vPortExitCritical) for vPortExitCritical
    tasks.o(i.ulTaskNotifyTake) refers to tasks.o(.data) for pxCurrentTCB
    tasks.o(i.ulTaskNotifyValueClear) refers to port.o(i.vPortEnterCritical) for vPortEnterCritical
    tasks.o(i.ulTaskNotifyValueClear) refers to port.o(i.vPortExitCritical) for vPortExitCritical
    tasks.o(i.ulTaskNotifyValueClear) refers to tasks.o(.data) for pxCurrentTCB
    tasks.o(i.uxTaskGetNumberOfTasks) refers to tasks.o(.data) for uxCurrentNumberOfTasks
    tasks.o(i.uxTaskPriorityGet) refers to port.o(i.vPortEnterCritical) for vPortEnterCritical
    tasks.o(i.uxTaskPriorityGet) refers to port.o(i.vPortExitCritical) for vPortExitCritical
    tasks.o(i.uxTaskPriorityGet) refers to tasks.o(.data) for pxCurrentTCB
    tasks.o(i.uxTaskPriorityGetFromISR) refers to tasks.o(.data) for pxCurrentTCB
    tasks.o(i.uxTaskResetEventItemValue) refers to tasks.o(.data) for pxCurrentTCB
    tasks.o(i.vTaskDelay) refers to tasks.o(i.vTaskSuspendAll) for vTaskSuspendAll
    tasks.o(i.vTaskDelay) refers to tasks.o(i.prvAddCurrentTaskToDelayedList) for prvAddCurrentTaskToDelayedList
    tasks.o(i.vTaskDelay) refers to tasks.o(i.xTaskResumeAll) for xTaskResumeAll
    tasks.o(i.vTaskDelayUntil) refers to tasks.o(i.vTaskSuspendAll) for vTaskSuspendAll
    tasks.o(i.vTaskDelayUntil) refers to tasks.o(i.prvAddCurrentTaskToDelayedList) for prvAddCurrentTaskToDelayedList
    tasks.o(i.vTaskDelayUntil) refers to tasks.o(i.xTaskResumeAll) for xTaskResumeAll
    tasks.o(i.vTaskDelayUntil) refers to tasks.o(.data) for xTickCount
    tasks.o(i.vTaskDelete) refers to port.o(i.vPortEnterCritical) for vPortEnterCritical
    tasks.o(i.vTaskDelete) refers to list.o(i.uxListRemove) for uxListRemove
    tasks.o(i.vTaskDelete) refers to list.o(i.vListInsertEnd) for vListInsertEnd
    tasks.o(i.vTaskDelete) refers to tasks.o(i.prvDeleteTCB) for prvDeleteTCB
    tasks.o(i.vTaskDelete) refers to tasks.o(i.prvResetNextTaskUnblockTime) for prvResetNextTaskUnblockTime
    tasks.o(i.vTaskDelete) refers to port.o(i.vPortExitCritical) for vPortExitCritical
    tasks.o(i.vTaskDelete) refers to tasks.o(.data) for pxCurrentTCB
    tasks.o(i.vTaskDelete) refers to tasks.o(.bss) for pxReadyTasksLists
    tasks.o(i.vTaskEndScheduler) refers to port.o(i.vPortEndScheduler) for vPortEndScheduler
    tasks.o(i.vTaskEndScheduler) refers to tasks.o(.data) for xSchedulerRunning
    tasks.o(i.vTaskInternalSetTimeOutState) refers to tasks.o(.data) for xNumOfOverflows
    tasks.o(i.vTaskMissedYield) refers to tasks.o(.data) for xYieldPending
    tasks.o(i.vTaskNotifyGiveFromISR) refers to list.o(i.uxListRemove) for uxListRemove
    tasks.o(i.vTaskNotifyGiveFromISR) refers to list.o(i.vListInsertEnd) for vListInsertEnd
    tasks.o(i.vTaskNotifyGiveFromISR) refers to tasks.o(.data) for uxSchedulerSuspended
    tasks.o(i.vTaskNotifyGiveFromISR) refers to tasks.o(.bss) for pxReadyTasksLists
    tasks.o(i.vTaskPlaceOnEventList) refers to list.o(i.vListInsert) for vListInsert
    tasks.o(i.vTaskPlaceOnEventList) refers to tasks.o(i.prvAddCurrentTaskToDelayedList) for prvAddCurrentTaskToDelayedList
    tasks.o(i.vTaskPlaceOnEventList) refers to tasks.o(.data) for pxCurrentTCB
    tasks.o(i.vTaskPlaceOnUnorderedEventList) refers to list.o(i.vListInsertEnd) for vListInsertEnd
    tasks.o(i.vTaskPlaceOnUnorderedEventList) refers to tasks.o(i.prvAddCurrentTaskToDelayedList) for prvAddCurrentTaskToDelayedList
    tasks.o(i.vTaskPlaceOnUnorderedEventList) refers to tasks.o(.data) for pxCurrentTCB
    tasks.o(i.vTaskPrioritySet) refers to port.o(i.vPortEnterCritical) for vPortEnterCritical
    tasks.o(i.vTaskPrioritySet) refers to list.o(i.uxListRemove) for uxListRemove
    tasks.o(i.vTaskPrioritySet) refers to list.o(i.vListInsertEnd) for vListInsertEnd
    tasks.o(i.vTaskPrioritySet) refers to port.o(i.vPortExitCritical) for vPortExitCritical
    tasks.o(i.vTaskPrioritySet) refers to tasks.o(.data) for pxCurrentTCB
    tasks.o(i.vTaskPrioritySet) refers to tasks.o(.bss) for pxReadyTasksLists
    tasks.o(i.vTaskRemoveFromUnorderedEventList) refers to list.o(i.uxListRemove) for uxListRemove
    tasks.o(i.vTaskRemoveFromUnorderedEventList) refers to list.o(i.vListInsertEnd) for vListInsertEnd
    tasks.o(i.vTaskRemoveFromUnorderedEventList) refers to tasks.o(.data) for uxTopReadyPriority
    tasks.o(i.vTaskRemoveFromUnorderedEventList) refers to tasks.o(.bss) for pxReadyTasksLists
    tasks.o(i.vTaskResume) refers to port.o(i.vPortEnterCritical) for vPortEnterCritical
    tasks.o(i.vTaskResume) refers to tasks.o(i.prvTaskIsTaskSuspended) for prvTaskIsTaskSuspended
    tasks.o(i.vTaskResume) refers to list.o(i.uxListRemove) for uxListRemove
    tasks.o(i.vTaskResume) refers to list.o(i.vListInsertEnd) for vListInsertEnd
    tasks.o(i.vTaskResume) refers to port.o(i.vPortExitCritical) for vPortExitCritical
    tasks.o(i.vTaskResume) refers to tasks.o(.data) for pxCurrentTCB
    tasks.o(i.vTaskResume) refers to tasks.o(.bss) for pxReadyTasksLists
    tasks.o(i.vTaskSetTimeOutState) refers to port.o(i.vPortEnterCritical) for vPortEnterCritical
    tasks.o(i.vTaskSetTimeOutState) refers to port.o(i.vPortExitCritical) for vPortExitCritical
    tasks.o(i.vTaskSetTimeOutState) refers to tasks.o(.data) for xNumOfOverflows
    tasks.o(i.vTaskStartScheduler) refers to tasks.o(i.xTaskCreate) for xTaskCreate
    tasks.o(i.vTaskStartScheduler) refers to port.o(i.xPortStartScheduler) for xPortStartScheduler
    tasks.o(i.vTaskStartScheduler) refers to tasks.o(.data) for xIdleTaskHandle
    tasks.o(i.vTaskStartScheduler) refers to tasks.o(i.prvIdleTask) for prvIdleTask
    tasks.o(i.vTaskSuspend) refers to port.o(i.vPortEnterCritical) for vPortEnterCritical
    tasks.o(i.vTaskSuspend) refers to list.o(i.uxListRemove) for uxListRemove
    tasks.o(i.vTaskSuspend) refers to list.o(i.vListInsertEnd) for vListInsertEnd
    tasks.o(i.vTaskSuspend) refers to port.o(i.vPortExitCritical) for vPortExitCritical
    tasks.o(i.vTaskSuspend) refers to tasks.o(i.prvResetNextTaskUnblockTime) for prvResetNextTaskUnblockTime
    tasks.o(i.vTaskSuspend) refers to tasks.o(i.vTaskSwitchContext) for vTaskSwitchContext
    tasks.o(i.vTaskSuspend) refers to tasks.o(.data) for pxCurrentTCB
    tasks.o(i.vTaskSuspend) refers to tasks.o(.bss) for pxReadyTasksLists
    tasks.o(i.vTaskSuspendAll) refers to tasks.o(.data) for uxSchedulerSuspended
    tasks.o(i.vTaskSwitchContext) refers to tasks.o(.data) for uxSchedulerSuspended
    tasks.o(i.vTaskSwitchContext) refers to tasks.o(.bss) for pxReadyTasksLists
    tasks.o(i.xTaskCatchUpTicks) refers to tasks.o(i.vTaskSuspendAll) for vTaskSuspendAll
    tasks.o(i.xTaskCatchUpTicks) refers to tasks.o(i.xTaskResumeAll) for xTaskResumeAll
    tasks.o(i.xTaskCatchUpTicks) refers to tasks.o(.data) for xPendedTicks
    tasks.o(i.xTaskCheckForTimeOut) refers to port.o(i.vPortEnterCritical) for vPortEnterCritical
    tasks.o(i.xTaskCheckForTimeOut) refers to tasks.o(i.vTaskInternalSetTimeOutState) for vTaskInternalSetTimeOutState
    tasks.o(i.xTaskCheckForTimeOut) refers to port.o(i.vPortExitCritical) for vPortExitCritical
    tasks.o(i.xTaskCheckForTimeOut) refers to tasks.o(.data) for xTickCount
    tasks.o(i.xTaskCreate) refers to heap_4.o(i.pvPortMalloc) for pvPortMalloc
    tasks.o(i.xTaskCreate) refers to heap_4.o(i.vPortFree) for vPortFree
    tasks.o(i.xTaskCreate) refers to tasks.o(i.prvInitialiseNewTask) for prvInitialiseNewTask
    tasks.o(i.xTaskCreate) refers to tasks.o(i.prvAddNewTaskToReadyList) for prvAddNewTaskToReadyList
    tasks.o(i.xTaskGenericNotify) refers to port.o(i.vPortEnterCritical) for vPortEnterCritical
    tasks.o(i.xTaskGenericNotify) refers to list.o(i.uxListRemove) for uxListRemove
    tasks.o(i.xTaskGenericNotify) refers to list.o(i.vListInsertEnd) for vListInsertEnd
    tasks.o(i.xTaskGenericNotify) refers to port.o(i.vPortExitCritical) for vPortExitCritical
    tasks.o(i.xTaskGenericNotify) refers to tasks.o(.data) for uxTopReadyPriority
    tasks.o(i.xTaskGenericNotify) refers to tasks.o(.bss) for pxReadyTasksLists
    tasks.o(i.xTaskGenericNotifyFromISR) refers to list.o(i.uxListRemove) for uxListRemove
    tasks.o(i.xTaskGenericNotifyFromISR) refers to list.o(i.vListInsertEnd) for vListInsertEnd
    tasks.o(i.xTaskGenericNotifyFromISR) refers to tasks.o(.data) for uxSchedulerSuspended
    tasks.o(i.xTaskGenericNotifyFromISR) refers to tasks.o(.bss) for pxReadyTasksLists
    tasks.o(i.xTaskGetCurrentTaskHandle) refers to tasks.o(.data) for pxCurrentTCB
    tasks.o(i.xTaskGetTickCount) refers to tasks.o(.data) for xTickCount
    tasks.o(i.xTaskGetTickCountFromISR) refers to tasks.o(.data) for xTickCount
    tasks.o(i.xTaskIncrementTick) refers to tasks.o(i.prvResetNextTaskUnblockTime) for prvResetNextTaskUnblockTime
    tasks.o(i.xTaskIncrementTick) refers to list.o(i.uxListRemove) for uxListRemove
    tasks.o(i.xTaskIncrementTick) refers to list.o(i.vListInsertEnd) for vListInsertEnd
    tasks.o(i.xTaskIncrementTick) refers to tasks.o(.data) for uxSchedulerSuspended
    tasks.o(i.xTaskIncrementTick) refers to tasks.o(.bss) for pxReadyTasksLists
    tasks.o(i.xTaskNotifyStateClear) refers to port.o(i.vPortEnterCritical) for vPortEnterCritical
    tasks.o(i.xTaskNotifyStateClear) refers to port.o(i.vPortExitCritical) for vPortExitCritical
    tasks.o(i.xTaskNotifyStateClear) refers to tasks.o(.data) for pxCurrentTCB
    tasks.o(i.xTaskNotifyWait) refers to port.o(i.vPortEnterCritical) for vPortEnterCritical
    tasks.o(i.xTaskNotifyWait) refers to tasks.o(i.prvAddCurrentTaskToDelayedList) for prvAddCurrentTaskToDelayedList
    tasks.o(i.xTaskNotifyWait) refers to port.o(i.vPortExitCritical) for vPortExitCritical
    tasks.o(i.xTaskNotifyWait) refers to tasks.o(.data) for pxCurrentTCB
    tasks.o(i.xTaskRemoveFromEventList) refers to list.o(i.uxListRemove) for uxListRemove
    tasks.o(i.xTaskRemoveFromEventList) refers to list.o(i.vListInsertEnd) for vListInsertEnd
    tasks.o(i.xTaskRemoveFromEventList) refers to tasks.o(.data) for uxSchedulerSuspended
    tasks.o(i.xTaskRemoveFromEventList) refers to tasks.o(.bss) for pxReadyTasksLists
    tasks.o(i.xTaskResumeAll) refers to port.o(i.vPortEnterCritical) for vPortEnterCritical
    tasks.o(i.xTaskResumeAll) refers to list.o(i.uxListRemove) for uxListRemove
    tasks.o(i.xTaskResumeAll) refers to list.o(i.vListInsertEnd) for vListInsertEnd
    tasks.o(i.xTaskResumeAll) refers to tasks.o(i.prvResetNextTaskUnblockTime) for prvResetNextTaskUnblockTime
    tasks.o(i.xTaskResumeAll) refers to tasks.o(i.xTaskIncrementTick) for xTaskIncrementTick
    tasks.o(i.xTaskResumeAll) refers to port.o(i.vPortExitCritical) for vPortExitCritical
    tasks.o(i.xTaskResumeAll) refers to tasks.o(.data) for uxSchedulerSuspended
    tasks.o(i.xTaskResumeAll) refers to tasks.o(.bss) for xPendingReadyList
    tasks.o(i.xTaskResumeFromISR) refers to tasks.o(i.prvTaskIsTaskSuspended) for prvTaskIsTaskSuspended
    tasks.o(i.xTaskResumeFromISR) refers to list.o(i.uxListRemove) for uxListRemove
    tasks.o(i.xTaskResumeFromISR) refers to list.o(i.vListInsertEnd) for vListInsertEnd
    tasks.o(i.xTaskResumeFromISR) refers to tasks.o(.data) for uxSchedulerSuspended
    tasks.o(i.xTaskResumeFromISR) refers to tasks.o(.bss) for pxReadyTasksLists
    port.o(.emb_text) refers to tasks.o(i.vTaskSwitchContext) for vTaskSwitchContext
    port.o(.emb_text) refers to tasks.o(.data) for pxCurrentTCB
    port.o(i.pxPortInitialiseStack) refers to port.o(i.prvTaskExitError) for prvTaskExitError
    port.o(i.vPortEnterCritical) refers to port.o(.data) for uxCriticalNesting
    port.o(i.vPortExitCritical) refers to port.o(.data) for uxCriticalNesting
    port.o(i.xPortStartScheduler) refers to port.o(i.vPortSetupTimerInterrupt) for vPortSetupTimerInterrupt
    port.o(i.xPortStartScheduler) refers to port.o(.emb_text) for __asm___6_port_c_39a90d8d__prvStartFirstTask
    port.o(i.xPortStartScheduler) refers to port.o(.data) for uxCriticalNesting
    port.o(i.xPortSysTickHandler) refers to tasks.o(i.xTaskIncrementTick) for xTaskIncrementTick
    heap_4.o(i.prvHeapInit) refers to heap_4.o(.bss) for ucHeap
    heap_4.o(i.prvHeapInit) refers to heap_4.o(.data) for xStart
    heap_4.o(i.prvInsertBlockIntoFreeList) refers to heap_4.o(.data) for xStart
    heap_4.o(i.pvPortMalloc) refers to tasks.o(i.vTaskSuspendAll) for vTaskSuspendAll
    heap_4.o(i.pvPortMalloc) refers to heap_4.o(i.prvHeapInit) for prvHeapInit
    heap_4.o(i.pvPortMalloc) refers to heap_4.o(i.prvInsertBlockIntoFreeList) for prvInsertBlockIntoFreeList
    heap_4.o(i.pvPortMalloc) refers to tasks.o(i.xTaskResumeAll) for xTaskResumeAll
    heap_4.o(i.pvPortMalloc) refers to heap_4.o(.data) for pxEnd
    heap_4.o(i.vPortFree) refers to tasks.o(i.vTaskSuspendAll) for vTaskSuspendAll
    heap_4.o(i.vPortFree) refers to heap_4.o(i.prvInsertBlockIntoFreeList) for prvInsertBlockIntoFreeList
    heap_4.o(i.vPortFree) refers to tasks.o(i.xTaskResumeAll) for xTaskResumeAll
    heap_4.o(i.vPortFree) refers to heap_4.o(.data) for xBlockAllocatedBit
    heap_4.o(i.vPortGetHeapStats) refers to tasks.o(i.vTaskSuspendAll) for vTaskSuspendAll
    heap_4.o(i.vPortGetHeapStats) refers to tasks.o(i.xTaskResumeAll) for xTaskResumeAll
    heap_4.o(i.vPortGetHeapStats) refers to port.o(i.vPortEnterCritical) for vPortEnterCritical
    heap_4.o(i.vPortGetHeapStats) refers to port.o(i.vPortExitCritical) for vPortExitCritical
    heap_4.o(i.vPortGetHeapStats) refers to heap_4.o(.data) for xStart
    heap_4.o(i.xPortGetFreeHeapSize) refers to heap_4.o(.data) for xFreeBytesRemaining
    heap_4.o(i.xPortGetMinimumEverFreeHeapSize) refers to heap_4.o(.data) for xMinimumEverFreeBytesRemaining
    entry.o(.ARM.Collect$$$$00000000) refers (Special) to entry10a.o(.ARM.Collect$$$$0000000D) for __rt_final_cpp
    entry.o(.ARM.Collect$$$$00000000) refers (Special) to entry11a.o(.ARM.Collect$$$$0000000F) for __rt_final_exit
    entry.o(.ARM.Collect$$$$00000000) refers (Special) to entry7b.o(.ARM.Collect$$$$00000008) for _main_clock
    entry.o(.ARM.Collect$$$$00000000) refers (Special) to entry8b.o(.ARM.Collect$$$$0000000A) for _main_cpp_init
    entry.o(.ARM.Collect$$$$00000000) refers (Special) to entry9a.o(.ARM.Collect$$$$0000000B) for _main_init
    entry.o(.ARM.Collect$$$$00000000) refers (Special) to entry5.o(.ARM.Collect$$$$00000004) for _main_scatterload
    entry.o(.ARM.Collect$$$$00000000) refers (Special) to entry2.o(.ARM.Collect$$$$00000001) for _main_stk
    entry2.o(.ARM.Collect$$$$00000001) refers to entry2.o(.ARM.Collect$$$$00002712) for __lit__00000000
    entry2.o(.ARM.Collect$$$$00002712) refers to startup_stm32f10x_hd.o(STACK) for __initial_sp
    entry2.o(__vectab_stack_and_reset_area) refers to startup_stm32f10x_hd.o(STACK) for __initial_sp
    entry2.o(__vectab_stack_and_reset_area) refers to entry.o(.ARM.Collect$$$$00000000) for __main
    entry5.o(.ARM.Collect$$$$00000004) refers to init.o(.text) for __scatterload
    entry9a.o(.ARM.Collect$$$$0000000B) refers to main.o(i.main) for main
    entry9b.o(.ARM.Collect$$$$0000000C) refers to main.o(i.main) for main
    init.o(.text) refers to entry5.o(.ARM.Collect$$$$00000004) for __main_after_scatterload


==============================================================================

Removing Unused input sections from the image.

    Removing startup_stm32f10x_hd.o(HEAP), (512 bytes).
    Removing misc.o(i.NVIC_PriorityGroupConfig), (20 bytes).
    Removing misc.o(i.NVIC_SetVectorTable), (20 bytes).
    Removing misc.o(i.NVIC_SystemLPConfig), (32 bytes).
    Removing misc.o(i.SysTick_CLKSourceConfig), (40 bytes).
    Removing stm32f10x_rcc.o(i.RCC_ADCCLKConfig), (24 bytes).
    Removing stm32f10x_rcc.o(i.RCC_APB1PeriphResetCmd), (32 bytes).
    Removing stm32f10x_rcc.o(i.RCC_APB2PeriphResetCmd), (32 bytes).
    Removing stm32f10x_rcc.o(i.RCC_AdjustHSICalibrationValue), (24 bytes).
    Removing stm32f10x_rcc.o(i.RCC_BackupResetCmd), (12 bytes).
    Removing stm32f10x_rcc.o(i.RCC_ClearFlag), (20 bytes).
    Removing stm32f10x_rcc.o(i.RCC_ClearITPendingBit), (12 bytes).
    Removing stm32f10x_rcc.o(i.RCC_ClockSecuritySystemCmd), (12 bytes).
    Removing stm32f10x_rcc.o(i.RCC_DeInit), (76 bytes).
    Removing stm32f10x_rcc.o(i.RCC_GetClocksFreq), (212 bytes).
    Removing stm32f10x_rcc.o(i.RCC_GetFlagStatus), (60 bytes).
    Removing stm32f10x_rcc.o(i.RCC_GetITStatus), (24 bytes).
    Removing stm32f10x_rcc.o(i.RCC_GetSYSCLKSource), (16 bytes).
    Removing stm32f10x_rcc.o(i.RCC_HCLKConfig), (24 bytes).
    Removing stm32f10x_rcc.o(i.RCC_HSEConfig), (76 bytes).
    Removing stm32f10x_rcc.o(i.RCC_HSICmd), (12 bytes).
    Removing stm32f10x_rcc.o(i.RCC_ITConfig), (32 bytes).
    Removing stm32f10x_rcc.o(i.RCC_LSEConfig), (52 bytes).
    Removing stm32f10x_rcc.o(i.RCC_LSICmd), (12 bytes).
    Removing stm32f10x_rcc.o(i.RCC_MCOConfig), (12 bytes).
    Removing stm32f10x_rcc.o(i.RCC_PCLK1Config), (24 bytes).
    Removing stm32f10x_rcc.o(i.RCC_PCLK2Config), (24 bytes).
    Removing stm32f10x_rcc.o(i.RCC_PLLCmd), (12 bytes).
    Removing stm32f10x_rcc.o(i.RCC_PLLConfig), (28 bytes).
    Removing stm32f10x_rcc.o(i.RCC_RTCCLKCmd), (12 bytes).
    Removing stm32f10x_rcc.o(i.RCC_RTCCLKConfig), (16 bytes).
    Removing stm32f10x_rcc.o(i.RCC_SYSCLKConfig), (24 bytes).
    Removing stm32f10x_rcc.o(i.RCC_USBCLKConfig), (12 bytes).
    Removing stm32f10x_rcc.o(i.RCC_WaitForHSEStartUp), (56 bytes).
    Removing stm32f10x_rcc.o(.data), (20 bytes).
    Removing stm32f10x_gpio.o(i.GPIO_AFIODeInit), (20 bytes).
    Removing stm32f10x_gpio.o(i.GPIO_DeInit), (200 bytes).
    Removing stm32f10x_gpio.o(i.GPIO_ETH_MediaInterfaceConfig), (12 bytes).
    Removing stm32f10x_gpio.o(i.GPIO_EXTILineConfig), (64 bytes).
    Removing stm32f10x_gpio.o(i.GPIO_EventOutputCmd), (12 bytes).
    Removing stm32f10x_gpio.o(i.GPIO_EventOutputConfig), (32 bytes).
    Removing stm32f10x_gpio.o(i.GPIO_PinLockConfig), (18 bytes).
    Removing stm32f10x_gpio.o(i.GPIO_PinRemapConfig), (144 bytes).
    Removing stm32f10x_gpio.o(i.GPIO_ReadInputData), (8 bytes).
    Removing stm32f10x_gpio.o(i.GPIO_ReadInputDataBit), (18 bytes).
    Removing stm32f10x_gpio.o(i.GPIO_ReadOutputData), (8 bytes).
    Removing stm32f10x_gpio.o(i.GPIO_ReadOutputDataBit), (18 bytes).
    Removing stm32f10x_gpio.o(i.GPIO_ResetBits), (4 bytes).
    Removing stm32f10x_gpio.o(i.GPIO_SetBits), (4 bytes).
    Removing stm32f10x_gpio.o(i.GPIO_StructInit), (16 bytes).
    Removing stm32f10x_gpio.o(i.GPIO_Write), (4 bytes).
    Removing stm32f10x_gpio.o(i.GPIO_WriteBit), (10 bytes).
    Removing stm32f10x_can.o(i.CAN_CancelTransmit), (48 bytes).
    Removing stm32f10x_can.o(i.CAN_ClearFlag), (56 bytes).
    Removing stm32f10x_can.o(i.CAN_ClearITPendingBit), (168 bytes).
    Removing stm32f10x_can.o(i.CAN_DBGFreeze), (22 bytes).
    Removing stm32f10x_can.o(i.CAN_DeInit), (56 bytes).
    Removing stm32f10x_can.o(i.CAN_FIFORelease), (22 bytes).
    Removing stm32f10x_can.o(i.CAN_FilterInit), (264 bytes).
    Removing stm32f10x_can.o(i.CAN_GetFlagStatus), (120 bytes).
    Removing stm32f10x_can.o(i.CAN_GetITStatus), (288 bytes).
    Removing stm32f10x_can.o(i.CAN_GetLSBTransmitErrorCounter), (12 bytes).
    Removing stm32f10x_can.o(i.CAN_GetLastErrorCode), (12 bytes).
    Removing stm32f10x_can.o(i.CAN_GetReceiveErrorCounter), (10 bytes).
    Removing stm32f10x_can.o(i.CAN_ITConfig), (18 bytes).
    Removing stm32f10x_can.o(i.CAN_Init), (276 bytes).
    Removing stm32f10x_can.o(i.CAN_MessagePending), (30 bytes).
    Removing stm32f10x_can.o(i.CAN_OperatingModeRequest), (162 bytes).
    Removing stm32f10x_can.o(i.CAN_Receive), (240 bytes).
    Removing stm32f10x_can.o(i.CAN_SlaveStartBank), (52 bytes).
    Removing stm32f10x_can.o(i.CAN_Sleep), (30 bytes).
    Removing stm32f10x_can.o(i.CAN_StructInit), (32 bytes).
    Removing stm32f10x_can.o(i.CAN_TTComModeCmd), (118 bytes).
    Removing stm32f10x_can.o(i.CAN_Transmit), (294 bytes).
    Removing stm32f10x_can.o(i.CAN_TransmitStatus), (160 bytes).
    Removing stm32f10x_can.o(i.CAN_WakeUp), (48 bytes).
    Removing stm32f10x_can.o(i.CheckITStatus), (18 bytes).
    Removing stm32f10x_tim.o(i.TI1_Config), (128 bytes).
    Removing stm32f10x_tim.o(i.TI2_Config), (152 bytes).
    Removing stm32f10x_tim.o(i.TI3_Config), (144 bytes).
    Removing stm32f10x_tim.o(i.TI4_Config), (152 bytes).
    Removing stm32f10x_tim.o(i.TIM_BDTRConfig), (32 bytes).
    Removing stm32f10x_tim.o(i.TIM_BDTRStructInit), (18 bytes).
    Removing stm32f10x_tim.o(i.TIM_CCPreloadControl), (24 bytes).
    Removing stm32f10x_tim.o(i.TIM_CCxCmd), (30 bytes).
    Removing stm32f10x_tim.o(i.TIM_CCxNCmd), (30 bytes).
    Removing stm32f10x_tim.o(i.TIM_ClearFlag), (6 bytes).
    Removing stm32f10x_tim.o(i.TIM_ClearITPendingBit), (6 bytes).
    Removing stm32f10x_tim.o(i.TIM_ClearOC1Ref), (18 bytes).
    Removing stm32f10x_tim.o(i.TIM_ClearOC2Ref), (24 bytes).
    Removing stm32f10x_tim.o(i.TIM_ClearOC3Ref), (18 bytes).
    Removing stm32f10x_tim.o(i.TIM_ClearOC4Ref), (24 bytes).
    Removing stm32f10x_tim.o(i.TIM_CounterModeConfig), (18 bytes).
    Removing stm32f10x_tim.o(i.TIM_DeInit), (488 bytes).
    Removing stm32f10x_tim.o(i.TIM_ETRClockMode1Config), (54 bytes).
    Removing stm32f10x_tim.o(i.TIM_ETRClockMode2Config), (32 bytes).
    Removing stm32f10x_tim.o(i.TIM_ETRConfig), (28 bytes).
    Removing stm32f10x_tim.o(i.TIM_EncoderInterfaceConfig), (66 bytes).
    Removing stm32f10x_tim.o(i.TIM_ForcedOC1Config), (18 bytes).
    Removing stm32f10x_tim.o(i.TIM_ForcedOC2Config), (26 bytes).
    Removing stm32f10x_tim.o(i.TIM_ForcedOC3Config), (18 bytes).
    Removing stm32f10x_tim.o(i.TIM_ForcedOC4Config), (26 bytes).
    Removing stm32f10x_tim.o(i.TIM_GenerateEvent), (4 bytes).
    Removing stm32f10x_tim.o(i.TIM_GetCapture1), (6 bytes).
    Removing stm32f10x_tim.o(i.TIM_GetCapture2), (6 bytes).
    Removing stm32f10x_tim.o(i.TIM_GetCapture3), (6 bytes).
    Removing stm32f10x_tim.o(i.TIM_GetCapture4), (8 bytes).
    Removing stm32f10x_tim.o(i.TIM_GetCounter), (6 bytes).
    Removing stm32f10x_tim.o(i.TIM_GetFlagStatus), (18 bytes).
    Removing stm32f10x_tim.o(i.TIM_GetITStatus), (34 bytes).
    Removing stm32f10x_tim.o(i.TIM_GetPrescaler), (6 bytes).
    Removing stm32f10x_tim.o(i.TIM_ICInit), (172 bytes).
    Removing stm32f10x_tim.o(i.TIM_ICStructInit), (18 bytes).
    Removing stm32f10x_tim.o(i.TIM_ITConfig), (18 bytes).
    Removing stm32f10x_tim.o(i.TIM_ITRxExternalClockConfig), (24 bytes).
    Removing stm32f10x_tim.o(i.TIM_InternalClockConfig), (12 bytes).
    Removing stm32f10x_tim.o(i.TIM_OC1FastConfig), (18 bytes).
    Removing stm32f10x_tim.o(i.TIM_OC1Init), (152 bytes).
    Removing stm32f10x_tim.o(i.TIM_OC1NPolarityConfig), (18 bytes).
    Removing stm32f10x_tim.o(i.TIM_OC1PolarityConfig), (18 bytes).
    Removing stm32f10x_tim.o(i.TIM_OC1PreloadConfig), (18 bytes).
    Removing stm32f10x_tim.o(i.TIM_OC2FastConfig), (26 bytes).
    Removing stm32f10x_tim.o(i.TIM_OC2Init), (164 bytes).
    Removing stm32f10x_tim.o(i.TIM_OC2NPolarityConfig), (26 bytes).
    Removing stm32f10x_tim.o(i.TIM_OC2PolarityConfig), (26 bytes).
    Removing stm32f10x_tim.o(i.TIM_OC2PreloadConfig), (26 bytes).
    Removing stm32f10x_tim.o(i.TIM_OC3FastConfig), (18 bytes).
    Removing stm32f10x_tim.o(i.TIM_OC3NPolarityConfig), (26 bytes).
    Removing stm32f10x_tim.o(i.TIM_OC3PolarityConfig), (26 bytes).
    Removing stm32f10x_tim.o(i.TIM_OC4FastConfig), (26 bytes).
    Removing stm32f10x_tim.o(i.TIM_OC4PolarityConfig), (26 bytes).
    Removing stm32f10x_tim.o(i.TIM_OCStructInit), (20 bytes).
    Removing stm32f10x_tim.o(i.TIM_PWMIConfig), (124 bytes).
    Removing stm32f10x_tim.o(i.TIM_PrescalerConfig), (6 bytes).
    Removing stm32f10x_tim.o(i.TIM_SelectCCDMA), (24 bytes).
    Removing stm32f10x_tim.o(i.TIM_SelectCOM), (24 bytes).
    Removing stm32f10x_tim.o(i.TIM_SelectHallSensor), (24 bytes).
    Removing stm32f10x_tim.o(i.TIM_SelectInputTrigger), (18 bytes).
    Removing stm32f10x_tim.o(i.TIM_SelectMasterSlaveMode), (18 bytes).
    Removing stm32f10x_tim.o(i.TIM_SelectOCxM), (82 bytes).
    Removing stm32f10x_tim.o(i.TIM_SelectOnePulseMode), (18 bytes).
    Removing stm32f10x_tim.o(i.TIM_SelectOutputTrigger), (18 bytes).
    Removing stm32f10x_tim.o(i.TIM_SelectSlaveMode), (18 bytes).
    Removing stm32f10x_tim.o(i.TIM_SetAutoreload), (4 bytes).
    Removing stm32f10x_tim.o(i.TIM_SetClockDivision), (18 bytes).
    Removing stm32f10x_tim.o(i.TIM_SetCompare1), (4 bytes).
    Removing stm32f10x_tim.o(i.TIM_SetCompare2), (4 bytes).
    Removing stm32f10x_tim.o(i.TIM_SetCounter), (4 bytes).
    Removing stm32f10x_tim.o(i.TIM_SetIC1Prescaler), (18 bytes).
    Removing stm32f10x_tim.o(i.TIM_SetIC2Prescaler), (26 bytes).
    Removing stm32f10x_tim.o(i.TIM_SetIC3Prescaler), (18 bytes).
    Removing stm32f10x_tim.o(i.TIM_SetIC4Prescaler), (26 bytes).
    Removing stm32f10x_tim.o(i.TIM_TIxExternalClockConfig), (62 bytes).
    Removing stm32f10x_tim.o(i.TIM_TimeBaseStructInit), (18 bytes).
    Removing stm32f10x_tim.o(i.TIM_UpdateDisableConfig), (24 bytes).
    Removing stm32f10x_tim.o(i.TIM_UpdateRequestConfig), (24 bytes).
    Removing stm32f10x_exti.o(i.EXTI_ClearFlag), (12 bytes).
    Removing stm32f10x_exti.o(i.EXTI_ClearITPendingBit), (12 bytes).
    Removing stm32f10x_exti.o(i.EXTI_DeInit), (36 bytes).
    Removing stm32f10x_exti.o(i.EXTI_GenerateSWInterrupt), (16 bytes).
    Removing stm32f10x_exti.o(i.EXTI_GetFlagStatus), (24 bytes).
    Removing stm32f10x_exti.o(i.EXTI_GetITStatus), (40 bytes).
    Removing stm32f10x_exti.o(i.EXTI_Init), (148 bytes).
    Removing stm32f10x_exti.o(i.EXTI_StructInit), (16 bytes).
    Removing stm32f10x_dma.o(i.DMA_ClearITPendingBit), (28 bytes).
    Removing stm32f10x_dma.o(i.DMA_GetCurrDataCounter), (8 bytes).
    Removing stm32f10x_dma.o(i.DMA_GetITStatus), (44 bytes).
    Removing stm32f10x_dma.o(i.DMA_SetCurrDataCounter), (4 bytes).
    Removing stm32f10x_dma.o(i.DMA_StructInit), (26 bytes).
    Removing stm32f10x_usart.o(i.USART_ClearFlag), (18 bytes).
    Removing stm32f10x_usart.o(i.USART_ClearITPendingBit), (30 bytes).
    Removing stm32f10x_usart.o(i.USART_ClockInit), (34 bytes).
    Removing stm32f10x_usart.o(i.USART_ClockStructInit), (12 bytes).
    Removing stm32f10x_usart.o(i.USART_Cmd), (24 bytes).
    Removing stm32f10x_usart.o(i.USART_DMACmd), (18 bytes).
    Removing stm32f10x_usart.o(i.USART_DeInit), (156 bytes).
    Removing stm32f10x_usart.o(i.USART_GetFlagStatus), (26 bytes).
    Removing stm32f10x_usart.o(i.USART_GetITStatus), (84 bytes).
    Removing stm32f10x_usart.o(i.USART_HalfDuplexCmd), (24 bytes).
    Removing stm32f10x_usart.o(i.USART_ITConfig), (74 bytes).
    Removing stm32f10x_usart.o(i.USART_Init), (216 bytes).
    Removing stm32f10x_usart.o(i.USART_IrDACmd), (24 bytes).
    Removing stm32f10x_usart.o(i.USART_IrDAConfig), (18 bytes).
    Removing stm32f10x_usart.o(i.USART_LINBreakDetectLengthConfig), (18 bytes).
    Removing stm32f10x_usart.o(i.USART_LINCmd), (24 bytes).
    Removing stm32f10x_usart.o(i.USART_OneBitMethodCmd), (24 bytes).
    Removing stm32f10x_usart.o(i.USART_OverSampling8Cmd), (22 bytes).
    Removing stm32f10x_usart.o(i.USART_ReceiveData), (10 bytes).
    Removing stm32f10x_usart.o(i.USART_ReceiverWakeUpCmd), (24 bytes).
    Removing stm32f10x_usart.o(i.USART_SendBreak), (10 bytes).
    Removing stm32f10x_usart.o(i.USART_SendData), (8 bytes).
    Removing stm32f10x_usart.o(i.USART_SetAddress), (18 bytes).
    Removing stm32f10x_usart.o(i.USART_SetGuardTime), (16 bytes).
    Removing stm32f10x_usart.o(i.USART_SetPrescaler), (16 bytes).
    Removing stm32f10x_usart.o(i.USART_SmartCardCmd), (24 bytes).
    Removing stm32f10x_usart.o(i.USART_SmartCardNACKCmd), (24 bytes).
    Removing stm32f10x_usart.o(i.USART_StructInit), (24 bytes).
    Removing stm32f10x_usart.o(i.USART_WakeUpConfig), (18 bytes).
    Removing stm32f10x_adc.o(i.ADC_AnalogWatchdogCmd), (20 bytes).
    Removing stm32f10x_adc.o(i.ADC_AnalogWatchdogSingleChannelConfig), (16 bytes).
    Removing stm32f10x_adc.o(i.ADC_AnalogWatchdogThresholdsConfig), (6 bytes).
    Removing stm32f10x_adc.o(i.ADC_AutoInjectedConvCmd), (22 bytes).
    Removing stm32f10x_adc.o(i.ADC_ClearFlag), (6 bytes).
    Removing stm32f10x_adc.o(i.ADC_ClearITPendingBit), (10 bytes).
    Removing stm32f10x_adc.o(i.ADC_Cmd), (22 bytes).
    Removing stm32f10x_adc.o(i.ADC_DMACmd), (22 bytes).
    Removing stm32f10x_adc.o(i.ADC_DeInit), (92 bytes).
    Removing stm32f10x_adc.o(i.ADC_DiscModeChannelCountConfig), (24 bytes).
    Removing stm32f10x_adc.o(i.ADC_DiscModeCmd), (22 bytes).
    Removing stm32f10x_adc.o(i.ADC_ExternalTrigConvCmd), (22 bytes).
    Removing stm32f10x_adc.o(i.ADC_ExternalTrigInjectedConvCmd), (22 bytes).
    Removing stm32f10x_adc.o(i.ADC_ExternalTrigInjectedConvConfig), (16 bytes).
    Removing stm32f10x_adc.o(i.ADC_GetCalibrationStatus), (20 bytes).
    Removing stm32f10x_adc.o(i.ADC_GetConversionValue), (8 bytes).
    Removing stm32f10x_adc.o(i.ADC_GetDualModeConversionValue), (12 bytes).
    Removing stm32f10x_adc.o(i.ADC_GetFlagStatus), (18 bytes).
    Removing stm32f10x_adc.o(i.ADC_GetITStatus), (36 bytes).
    Removing stm32f10x_adc.o(i.ADC_GetInjectedConversionValue), (28 bytes).
    Removing stm32f10x_adc.o(i.ADC_GetResetCalibrationStatus), (20 bytes).
    Removing stm32f10x_adc.o(i.ADC_GetSoftwareStartConvStatus), (20 bytes).
    Removing stm32f10x_adc.o(i.ADC_GetSoftwareStartInjectedConvCmdStatus), (20 bytes).
    Removing stm32f10x_adc.o(i.ADC_ITConfig), (24 bytes).
    Removing stm32f10x_adc.o(i.ADC_Init), (80 bytes).
    Removing stm32f10x_adc.o(i.ADC_InjectedChannelConfig), (130 bytes).
    Removing stm32f10x_adc.o(i.ADC_InjectedDiscModeCmd), (22 bytes).
    Removing stm32f10x_adc.o(i.ADC_InjectedSequencerLengthConfig), (24 bytes).
    Removing stm32f10x_adc.o(i.ADC_RegularChannelConfig), (184 bytes).
    Removing stm32f10x_adc.o(i.ADC_ResetCalibration), (10 bytes).
    Removing stm32f10x_adc.o(i.ADC_SetInjectedOffset), (20 bytes).
    Removing stm32f10x_adc.o(i.ADC_SoftwareStartConvCmd), (22 bytes).
    Removing stm32f10x_adc.o(i.ADC_SoftwareStartInjectedConvCmd), (22 bytes).
    Removing stm32f10x_adc.o(i.ADC_StartCalibration), (10 bytes).
    Removing stm32f10x_adc.o(i.ADC_StructInit), (18 bytes).
    Removing stm32f10x_adc.o(i.ADC_TempSensorVrefintCmd), (36 bytes).
    Removing core_cm3.o(.emb_text), (32 bytes).
    Removing system_stm32f10x.o(.constdata), (20 bytes).
    Removing event_groups.o(i.prvTestWaitCondition), (30 bytes).
    Removing event_groups.o(i.vEventGroupClearBitsCallback), (16 bytes).
    Removing event_groups.o(i.vEventGroupDelete), (42 bytes).
    Removing event_groups.o(i.vEventGroupSetBitsCallback), (16 bytes).
    Removing event_groups.o(i.xEventGroupClearBits), (32 bytes).
    Removing event_groups.o(i.xEventGroupCreate), (26 bytes).
    Removing event_groups.o(i.xEventGroupGetBitsFromISR), (44 bytes).
    Removing event_groups.o(i.xEventGroupSetBits), (146 bytes).
    Removing event_groups.o(i.xEventGroupSync), (168 bytes).
    Removing event_groups.o(i.xEventGroupWaitBits), (204 bytes).
    Removing list.o(i.vListInsert), (52 bytes).
    Removing queue.o(i.prvCopyDataFromQueue), (42 bytes).
    Removing queue.o(i.prvCopyDataToQueue), (106 bytes).
    Removing queue.o(i.prvInitialiseNewQueue), (38 bytes).
    Removing queue.o(i.prvIsQueueEmpty), (26 bytes).
    Removing queue.o(i.prvIsQueueFull), (30 bytes).
    Removing queue.o(i.prvUnlockQueue), (126 bytes).
    Removing queue.o(i.uxQueueMessagesWaiting), (18 bytes).
    Removing queue.o(i.uxQueueMessagesWaitingFromISR), (8 bytes).
    Removing queue.o(i.uxQueueSpacesAvailable), (24 bytes).
    Removing queue.o(i.vQueueDelete), (14 bytes).
    Removing queue.o(i.xQueueGenericCreate), (52 bytes).
    Removing queue.o(i.xQueueGenericReset), (128 bytes).
    Removing queue.o(i.xQueueGenericSend), (280 bytes).
    Removing queue.o(i.xQueueGenericSendFromISR), (138 bytes).
    Removing queue.o(i.xQueueGiveFromISR), (120 bytes).
    Removing queue.o(i.xQueueIsQueueEmptyFromISR), (16 bytes).
    Removing queue.o(i.xQueueIsQueueFullFromISR), (22 bytes).
    Removing queue.o(i.xQueuePeek), (268 bytes).
    Removing queue.o(i.xQueuePeekFromISR), (74 bytes).
    Removing queue.o(i.xQueueReceive), (260 bytes).
    Removing queue.o(i.xQueueReceiveFromISR), (130 bytes).
    Removing queue.o(i.xQueueSemaphoreTake), (240 bytes).
    Removing stream_buffer.o(i.prvBytesInBuffer), (24 bytes).
    Removing stream_buffer.o(i.prvInitialiseNewStreamBuffer), (38 bytes).
    Removing stream_buffer.o(i.prvReadBytesFromBuffer), (94 bytes).
    Removing stream_buffer.o(i.prvReadMessageFromBuffer), (72 bytes).
    Removing stream_buffer.o(i.prvWriteBytesToBuffer), (78 bytes).
    Removing stream_buffer.o(i.prvWriteMessageToBuffer), (92 bytes).
    Removing stream_buffer.o(i.vStreamBufferDelete), (32 bytes).
    Removing stream_buffer.o(i.xStreamBufferBytesAvailable), (18 bytes).
    Removing stream_buffer.o(i.xStreamBufferGenericCreate), (62 bytes).
    Removing stream_buffer.o(i.xStreamBufferIsEmpty), (22 bytes).
    Removing stream_buffer.o(i.xStreamBufferIsFull), (40 bytes).
    Removing stream_buffer.o(i.xStreamBufferNextMessageLengthBytes), (64 bytes).
    Removing stream_buffer.o(i.xStreamBufferReceive), (168 bytes).
    Removing stream_buffer.o(i.xStreamBufferReceiveCompletedFromISR), (78 bytes).
    Removing stream_buffer.o(i.xStreamBufferReceiveFromISR), (132 bytes).
    Removing stream_buffer.o(i.xStreamBufferReset), (46 bytes).
    Removing stream_buffer.o(i.xStreamBufferSend), (190 bytes).
    Removing stream_buffer.o(i.xStreamBufferSendCompletedFromISR), (78 bytes).
    Removing stream_buffer.o(i.xStreamBufferSendFromISR), (132 bytes).
    Removing stream_buffer.o(i.xStreamBufferSetTriggerLevel), (26 bytes).
    Removing stream_buffer.o(i.xStreamBufferSpacesAvailable), (30 bytes).
    Removing tasks.o(i.pcTaskGetName), (24 bytes).
    Removing tasks.o(i.prvAddCurrentTaskToDelayedList), (152 bytes).
    Removing tasks.o(i.prvTaskIsTaskSuspended), (64 bytes).
    Removing tasks.o(i.ulTaskNotifyTake), (116 bytes).
    Removing tasks.o(i.ulTaskNotifyValueClear), (52 bytes).
    Removing tasks.o(i.uxTaskGetNumberOfTasks), (12 bytes).
    Removing tasks.o(i.uxTaskPriorityGet), (36 bytes).
    Removing tasks.o(i.uxTaskPriorityGetFromISR), (56 bytes).
    Removing tasks.o(i.uxTaskResetEventItemValue), (28 bytes).
    Removing tasks.o(i.vTaskDelay), (52 bytes).
    Removing tasks.o(i.vTaskDelayUntil), (116 bytes).
    Removing tasks.o(i.vTaskEndScheduler), (36 bytes).
    Removing tasks.o(i.vTaskInternalSetTimeOutState), (24 bytes).
    Removing tasks.o(i.vTaskMissedYield), (12 bytes).
    Removing tasks.o(i.vTaskNotifyGiveFromISR), (176 bytes).
    Removing tasks.o(i.vTaskPlaceOnEventList), (32 bytes).
    Removing tasks.o(i.vTaskPlaceOnUnorderedEventList), (44 bytes).
    Removing tasks.o(i.vTaskPrioritySet), (232 bytes).
    Removing tasks.o(i.vTaskRemoveFromUnorderedEventList), (100 bytes).
    Removing tasks.o(i.vTaskResume), (120 bytes).
    Removing tasks.o(i.vTaskSetTimeOutState), (36 bytes).
    Removing tasks.o(i.vTaskSuspend), (204 bytes).
    Removing tasks.o(i.xTaskCatchUpTicks), (36 bytes).
    Removing tasks.o(i.xTaskCheckForTimeOut), (92 bytes).
    Removing tasks.o(i.xTaskGenericNotify), (196 bytes).
    Removing tasks.o(i.xTaskGenericNotifyFromISR), (252 bytes).
    Removing tasks.o(i.xTaskGetCurrentTaskHandle), (12 bytes).
    Removing tasks.o(i.xTaskGetTickCount), (12 bytes).
    Removing tasks.o(i.xTaskGetTickCountFromISR), (12 bytes).
    Removing tasks.o(i.xTaskNotifyStateClear), (52 bytes).
    Removing tasks.o(i.xTaskNotifyWait), (160 bytes).
    Removing tasks.o(i.xTaskRemoveFromEventList), (128 bytes).
    Removing tasks.o(i.xTaskResumeFromISR), (152 bytes).
    Removing port.o(i.vPortEndScheduler), (2 bytes).
    Removing heap_4.o(i.vPortGetHeapStats), (128 bytes).
    Removing heap_4.o(i.vPortInitialiseBlocks), (2 bytes).
    Removing heap_4.o(i.xPortGetFreeHeapSize), (12 bytes).
    Removing heap_4.o(i.xPortGetMinimumEverFreeHeapSize), (12 bytes).

328 unused section(s) (total 17998 bytes) removed from the image.

==============================================================================

Image Symbol Table

    Local Symbols

    Symbol Name                              Value     Ov Type        Size  Object(Section)

    ../clib/microlib/init/entry.s            0x00000000   Number         0  entry8b.o ABSOLUTE
    ../clib/microlib/init/entry.s            0x00000000   Number         0  entry9b.o ABSOLUTE
    ../clib/microlib/init/entry.s            0x00000000   Number         0  entry2.o ABSOLUTE
    ../clib/microlib/init/entry.s            0x00000000   Number         0  entry11b.o ABSOLUTE
    ../clib/microlib/init/entry.s            0x00000000   Number         0  entry11a.o ABSOLUTE
    ../clib/microlib/init/entry.s            0x00000000   Number         0  entry10b.o ABSOLUTE
    ../clib/microlib/init/entry.s            0x00000000   Number         0  entry10a.o ABSOLUTE
    ../clib/microlib/init/entry.s            0x00000000   Number         0  entry5.o ABSOLUTE
    ../clib/microlib/init/entry.s            0x00000000   Number         0  entry.o ABSOLUTE
    ../clib/microlib/init/entry.s            0x00000000   Number         0  entry9a.o ABSOLUTE
    ../clib/microlib/init/entry.s            0x00000000   Number         0  entry7a.o ABSOLUTE
    ../clib/microlib/init/entry.s            0x00000000   Number         0  entry7b.o ABSOLUTE
    ../clib/microlib/init/entry.s            0x00000000   Number         0  entry8a.o ABSOLUTE
    ../clib/microlib/string/memcpy.c         0x00000000   Number         0  memcpyb.o ABSOLUTE
    ../clib/microlib/string/memcpy.c         0x00000000   Number         0  memcpya.o ABSOLUTE
    ../clib/microlib/string/memset.c         0x00000000   Number         0  memseta.o ABSOLUTE
    FWlib\SRC\misc.c                         0x00000000   Number         0  misc.o ABSOLUTE
    FWlib\SRC\stm32f10x_adc.c                0x00000000   Number         0  stm32f10x_adc.o ABSOLUTE
    FWlib\SRC\stm32f10x_can.c                0x00000000   Number         0  stm32f10x_can.o ABSOLUTE
    FWlib\SRC\stm32f10x_dma.c                0x00000000   Number         0  stm32f10x_dma.o ABSOLUTE
    FWlib\SRC\stm32f10x_exti.c               0x00000000   Number         0  stm32f10x_exti.o ABSOLUTE
    FWlib\SRC\stm32f10x_gpio.c               0x00000000   Number         0  stm32f10x_gpio.o ABSOLUTE
    FWlib\SRC\stm32f10x_rcc.c                0x00000000   Number         0  stm32f10x_rcc.o ABSOLUTE
    FWlib\SRC\stm32f10x_tim.c                0x00000000   Number         0  stm32f10x_tim.o ABSOLUTE
    FWlib\SRC\stm32f10x_usart.c              0x00000000   Number         0  stm32f10x_usart.o ABSOLUTE
    FreeRTOS\\port\\RVDS\\ARM_CM3\\port.c    0x00000000   Number         0  port.o ABSOLUTE
    FreeRTOS\port\MemMang\heap_4.c           0x00000000   Number         0  heap_4.o ABSOLUTE
    FreeRTOS\port\RVDS\ARM_CM3\port.c        0x00000000   Number         0  port.o ABSOLUTE
    FreeRTOS\src\croutine.c                  0x00000000   Number         0  croutine.o ABSOLUTE
    FreeRTOS\src\event_groups.c              0x00000000   Number         0  event_groups.o ABSOLUTE
    FreeRTOS\src\list.c                      0x00000000   Number         0  list.o ABSOLUTE
    FreeRTOS\src\queue.c                     0x00000000   Number         0  queue.o ABSOLUTE
    FreeRTOS\src\stream_buffer.c             0x00000000   Number         0  stream_buffer.o ABSOLUTE
    FreeRTOS\src\tasks.c                     0x00000000   Number         0  tasks.o ABSOLUTE
    FreeRTOS\src\timers.c                    0x00000000   Number         0  timers.o ABSOLUTE
    dc.s                                     0x00000000   Number         0  dc.o ABSOLUTE
    handlers.s                               0x00000000   Number         0  handlers.o ABSOLUTE
    init.s                                   0x00000000   Number         0  init.o ABSOLUTE
    startup\startup_stm32f10x_hd.s           0x00000000   Number         0  startup_stm32f10x_hd.o ABSOLUTE
    user\\core_cm3.c                         0x00000000   Number         0  core_cm3.o ABSOLUTE
    user\core_cm3.c                          0x00000000   Number         0  core_cm3.o ABSOLUTE
    user\main.c                              0x00000000   Number         0  main.o ABSOLUTE
    user\stm32f10x_it.c                      0x00000000   Number         0  stm32f10x_it.o ABSOLUTE
    user\system_stm32f10x.c                  0x00000000   Number         0  system_stm32f10x.o ABSOLUTE
    RESET                                    0x08000000   Section      304  startup_stm32f10x_hd.o(RESET)
    .ARM.Collect$$$$00000000                 0x08000130   Section        0  entry.o(.ARM.Collect$$$$00000000)
    .ARM.Collect$$$$00000001                 0x08000130   Section        4  entry2.o(.ARM.Collect$$$$00000001)
    .ARM.Collect$$$$00000004                 0x08000134   Section        4  entry5.o(.ARM.Collect$$$$00000004)
    .ARM.Collect$$$$00000008                 0x08000138   Section        0  entry7b.o(.ARM.Collect$$$$00000008)
    .ARM.Collect$$$$0000000A                 0x08000138   Section        0  entry8b.o(.ARM.Collect$$$$0000000A)
    .ARM.Collect$$$$0000000B                 0x08000138   Section        8  entry9a.o(.ARM.Collect$$$$0000000B)
    .ARM.Collect$$$$0000000D                 0x08000140   Section        0  entry10a.o(.ARM.Collect$$$$0000000D)
    .ARM.Collect$$$$0000000F                 0x08000140   Section        0  entry11a.o(.ARM.Collect$$$$0000000F)
    .ARM.Collect$$$$00002712                 0x08000140   Section        4  entry2.o(.ARM.Collect$$$$00002712)
    __lit__00000000                          0x08000140   Data           4  entry2.o(.ARM.Collect$$$$00002712)
    .emb_text                                0x08000144   Section      150  port.o(.emb_text)
    .text                                    0x080001dc   Section       36  startup_stm32f10x_hd.o(.text)
    .text                                    0x08000200   Section       36  init.o(.text)
    i.AppTaskCreate                          0x08000224   Section        0  main.o(i.AppTaskCreate)
    AppTaskCreate                            0x08000225   Thumb Code    48  main.o(i.AppTaskCreate)
    i.BusFault_Handler                       0x08000270   Section        0  stm32f10x_it.o(i.BusFault_Handler)
    i.Commute_Task                           0x08000274   Section        0  main.o(i.Commute_Task)
    Commute_Task                             0x08000275   Thumb Code     4  main.o(i.Commute_Task)
    i.DMA1_Channel3_IRQHandler               0x08000278   Section        0  main.o(i.DMA1_Channel3_IRQHandler)
    i.DMA_ClearFlag                          0x08000424   Section        0  stm32f10x_dma.o(i.DMA_ClearFlag)
    i.DMA_Cmd                                0x08000440   Section        0  stm32f10x_dma.o(i.DMA_Cmd)
    i.DMA_DeInit                             0x08000458   Section        0  stm32f10x_dma.o(i.DMA_DeInit)
    i.DMA_GetFlagStatus                      0x080005a4   Section        0  stm32f10x_dma.o(i.DMA_GetFlagStatus)
    i.DMA_ITConfig                           0x080005d0   Section        0  stm32f10x_dma.o(i.DMA_ITConfig)
    i.DMA_Init                               0x080005e2   Section        0  stm32f10x_dma.o(i.DMA_Init)
    i.DebugMon_Handler                       0x0800061e   Section        0  stm32f10x_it.o(i.DebugMon_Handler)
    i.GPIO_Init                              0x08000620   Section        0  stm32f10x_gpio.o(i.GPIO_Init)
    i.HardFault_Handler                      0x08000736   Section        0  stm32f10x_it.o(i.HardFault_Handler)
    i.HardWare_Init                          0x0800073c   Section        0  main.o(i.HardWare_Init)
    HardWare_Init                            0x0800073d   Thumb Code   356  main.o(i.HardWare_Init)
    i.MemManage_Handler                      0x080008b0   Section        0  stm32f10x_it.o(i.MemManage_Handler)
    i.NMI_Handler                            0x080008b4   Section        0  stm32f10x_it.o(i.NMI_Handler)
    i.NVIC_Init                              0x080008b8   Section        0  misc.o(i.NVIC_Init)
    i.RCC_AHBPeriphClockCmd                  0x08000928   Section        0  stm32f10x_rcc.o(i.RCC_AHBPeriphClockCmd)
    i.RCC_APB1PeriphClockCmd                 0x08000948   Section        0  stm32f10x_rcc.o(i.RCC_APB1PeriphClockCmd)
    i.RCC_APB2PeriphClockCmd                 0x08000968   Section        0  stm32f10x_rcc.o(i.RCC_APB2PeriphClockCmd)
    i.SetSysClock                            0x08000988   Section        0  system_stm32f10x.o(i.SetSysClock)
    SetSysClock                              0x08000989   Thumb Code     8  system_stm32f10x.o(i.SetSysClock)
    i.SetSysClockTo72                        0x08000990   Section        0  system_stm32f10x.o(i.SetSysClockTo72)
    SetSysClockTo72                          0x08000991   Thumb Code   220  system_stm32f10x.o(i.SetSysClockTo72)
    i.SysTick_Handler                        0x08000a74   Section        0  stm32f10x_it.o(i.SysTick_Handler)
    i.SystemInit                             0x08000a7c   Section        0  system_stm32f10x.o(i.SystemInit)
    i.TIM_ARRPreloadConfig                   0x08000acc   Section        0  stm32f10x_tim.o(i.TIM_ARRPreloadConfig)
    i.TIM_Cmd                                0x08000ae4   Section        0  stm32f10x_tim.o(i.TIM_Cmd)
    i.TIM_CtrlPWMOutputs                     0x08000afc   Section        0  stm32f10x_tim.o(i.TIM_CtrlPWMOutputs)
    i.TIM_DMACmd                             0x08000b1a   Section        0  stm32f10x_tim.o(i.TIM_DMACmd)
    i.TIM_DMAConfig                          0x08000b2c   Section        0  stm32f10x_tim.o(i.TIM_DMAConfig)
    i.TIM_OC3Init                            0x08000b38   Section        0  stm32f10x_tim.o(i.TIM_OC3Init)
    i.TIM_OC3PreloadConfig                   0x08000bd8   Section        0  stm32f10x_tim.o(i.TIM_OC3PreloadConfig)
    i.TIM_OC4Init                            0x08000bec   Section        0  stm32f10x_tim.o(i.TIM_OC4Init)
    i.TIM_OC4PreloadConfig                   0x08000c68   Section        0  stm32f10x_tim.o(i.TIM_OC4PreloadConfig)
    i.TIM_SetCompare3                        0x08000c82   Section        0  stm32f10x_tim.o(i.TIM_SetCompare3)
    i.TIM_SetCompare4                        0x08000c86   Section        0  stm32f10x_tim.o(i.TIM_SetCompare4)
    i.TIM_TimeBaseInit                       0x08000c8c   Section        0  stm32f10x_tim.o(i.TIM_TimeBaseInit)
    i.UsageFault_Handler                     0x08000d30   Section        0  stm32f10x_it.o(i.UsageFault_Handler)
    i.__scatterload_copy                     0x08000d34   Section       14  handlers.o(i.__scatterload_copy)
    i.__scatterload_null                     0x08000d42   Section        2  handlers.o(i.__scatterload_null)
    i.__scatterload_zeroinit                 0x08000d44   Section       14  handlers.o(i.__scatterload_zeroinit)
    i.main                                   0x08000d54   Section        0  main.o(i.main)
    i.prvAddNewTaskToReadyList               0x08000da0   Section        0  tasks.o(i.prvAddNewTaskToReadyList)
    prvAddNewTaskToReadyList                 0x08000da1   Thumb Code   150  tasks.o(i.prvAddNewTaskToReadyList)
    i.prvCheckTasksWaitingTermination        0x08000e54   Section        0  tasks.o(i.prvCheckTasksWaitingTermination)
    prvCheckTasksWaitingTermination          0x08000e55   Thumb Code    60  tasks.o(i.prvCheckTasksWaitingTermination)
    i.prvDeleteTCB                           0x08000e9c   Section        0  tasks.o(i.prvDeleteTCB)
    prvDeleteTCB                             0x08000e9d   Thumb Code    18  tasks.o(i.prvDeleteTCB)
    i.prvHeapInit                            0x08000eb0   Section        0  heap_4.o(i.prvHeapInit)
    prvHeapInit                              0x08000eb1   Thumb Code    98  heap_4.o(i.prvHeapInit)
    i.prvIdleTask                            0x08000f2c   Section        0  tasks.o(i.prvIdleTask)
    prvIdleTask                              0x08000f2d   Thumb Code    32  tasks.o(i.prvIdleTask)
    i.prvInitialiseNewTask                   0x08000f54   Section        0  tasks.o(i.prvInitialiseNewTask)
    prvInitialiseNewTask                     0x08000f55   Thumb Code   138  tasks.o(i.prvInitialiseNewTask)
    i.prvInitialiseTaskLists                 0x08000fe0   Section        0  tasks.o(i.prvInitialiseTaskLists)
    prvInitialiseTaskLists                   0x08000fe1   Thumb Code    70  tasks.o(i.prvInitialiseTaskLists)
    i.prvInsertBlockIntoFreeList             0x08001048   Section        0  heap_4.o(i.prvInsertBlockIntoFreeList)
    prvInsertBlockIntoFreeList               0x08001049   Thumb Code    96  heap_4.o(i.prvInsertBlockIntoFreeList)
    i.prvResetNextTaskUnblockTime            0x080010b0   Section        0  tasks.o(i.prvResetNextTaskUnblockTime)
    prvResetNextTaskUnblockTime              0x080010b1   Thumb Code    42  tasks.o(i.prvResetNextTaskUnblockTime)
    i.prvTaskExitError                       0x080010e4   Section        0  port.o(i.prvTaskExitError)
    prvTaskExitError                         0x080010e5   Thumb Code    22  port.o(i.prvTaskExitError)
    i.pvPortMalloc                           0x080010fc   Section        0  heap_4.o(i.pvPortMalloc)
    i.pxPortInitialiseStack                  0x080011dc   Section        0  port.o(i.pxPortInitialiseStack)
    i.uxListRemove                           0x08001200   Section        0  list.o(i.uxListRemove)
    i.vListInitialise                        0x08001228   Section        0  list.o(i.vListInitialise)
    i.vListInitialiseItem                    0x08001242   Section        0  list.o(i.vListInitialiseItem)
    i.vListInsertEnd                         0x08001248   Section        0  list.o(i.vListInsertEnd)
    i.vPortEnterCritical                     0x08001260   Section        0  port.o(i.vPortEnterCritical)
    i.vPortExitCritical                      0x08001284   Section        0  port.o(i.vPortExitCritical)
    i.vPortFree                              0x080012a4   Section        0  heap_4.o(i.vPortFree)
    i.vPortSetupTimerInterrupt               0x080012fc   Section        0  port.o(i.vPortSetupTimerInterrupt)
    i.vTaskDelete                            0x08001314   Section        0  tasks.o(i.vTaskDelete)
    i.vTaskStartScheduler                    0x080013e0   Section        0  tasks.o(i.vTaskStartScheduler)
    i.vTaskSuspendAll                        0x08001444   Section        0  tasks.o(i.vTaskSuspendAll)
    i.vTaskSwitchContext                     0x08001454   Section        0  tasks.o(i.vTaskSwitchContext)
    i.xPortStartScheduler                    0x080014b4   Section        0  port.o(i.xPortStartScheduler)
    i.xPortSysTickHandler                    0x080014e8   Section        0  port.o(i.xPortSysTickHandler)
    i.xTaskCreate                            0x0800151c   Section        0  tasks.o(i.xTaskCreate)
    i.xTaskIncrementTick                     0x0800157c   Section        0  tasks.o(i.xTaskIncrementTick)
    i.xTaskResumeAll                         0x08001698   Section        0  tasks.o(i.xTaskResumeAll)
    .data                                    0x20000000   Section       80  main.o(.data)
    AppTaskCreate_Handle                     0x20000000   Data           4  main.o(.data)
    Commute_Task_Handle                      0x20000004   Data           4  main.o(.data)
    .data                                    0x20000050   Section       60  tasks.o(.data)
    pxDelayedTaskList                        0x20000054   Data           4  tasks.o(.data)
    pxOverflowDelayedTaskList                0x20000058   Data           4  tasks.o(.data)
    uxDeletedTasksWaitingCleanUp             0x2000005c   Data           4  tasks.o(.data)
    uxCurrentNumberOfTasks                   0x20000060   Data           4  tasks.o(.data)
    xTickCount                               0x20000064   Data           4  tasks.o(.data)
    uxTopReadyPriority                       0x20000068   Data           4  tasks.o(.data)
    xSchedulerRunning                        0x2000006c   Data           4  tasks.o(.data)
    xPendedTicks                             0x20000070   Data           4  tasks.o(.data)
    xYieldPending                            0x20000074   Data           4  tasks.o(.data)
    xNumOfOverflows                          0x20000078   Data           4  tasks.o(.data)
    uxTaskNumber                             0x2000007c   Data           4  tasks.o(.data)
    xNextTaskUnblockTime                     0x20000080   Data           4  tasks.o(.data)
    xIdleTaskHandle                          0x20000084   Data           4  tasks.o(.data)
    uxSchedulerSuspended                     0x20000088   Data           4  tasks.o(.data)
    .data                                    0x2000008c   Section        4  port.o(.data)
    uxCriticalNesting                        0x2000008c   Data           4  port.o(.data)
    .data                                    0x20000090   Section       32  heap_4.o(.data)
    xStart                                   0x20000090   Data           8  heap_4.o(.data)
    pxEnd                                    0x20000098   Data           4  heap_4.o(.data)
    xFreeBytesRemaining                      0x2000009c   Data           4  heap_4.o(.data)
    xMinimumEverFreeBytesRemaining           0x200000a0   Data           4  heap_4.o(.data)
    xNumberOfSuccessfulAllocations           0x200000a4   Data           4  heap_4.o(.data)
    xNumberOfSuccessfulFrees                 0x200000a8   Data           4  heap_4.o(.data)
    xBlockAllocatedBit                       0x200000ac   Data           4  heap_4.o(.data)
    .bss                                     0x200000b0   Section      336  main.o(.bss)
    .bss                                     0x20000200   Section      200  tasks.o(.bss)
    pxReadyTasksLists                        0x20000200   Data         100  tasks.o(.bss)
    xDelayedTaskList1                        0x20000264   Data          20  tasks.o(.bss)
    xDelayedTaskList2                        0x20000278   Data          20  tasks.o(.bss)
    xPendingReadyList                        0x2000028c   Data          20  tasks.o(.bss)
    xTasksWaitingTermination                 0x200002a0   Data          20  tasks.o(.bss)
    xSuspendedTaskList                       0x200002b4   Data          20  tasks.o(.bss)
    .bss                                     0x200002c8   Section    17408  heap_4.o(.bss)
    ucHeap                                   0x200002c8   Data       17408  heap_4.o(.bss)
    STACK                                    0x200046c8   Section     1024  startup_stm32f10x_hd.o(STACK)

    Global Symbols

    Symbol Name                              Value     Ov Type        Size  Object(Section)

    BuildAttributes$$THM_ISAv4$P$D$K$B$S$PE$A:L22UL41UL21$X:L11$S22US41US21$IEEE1$IW$USESV6$~STKCKD$USESV7$~SHL$OSPACE$EBA8$MICROLIB$REQ8$PRES8$EABIv2 0x00000000   Number         0  anon$$obj.o ABSOLUTE
    __ARM_use_no_argv                        0x00000000   Number         0  main.o ABSOLUTE
    __cpp_initialize__aeabi_                  - Undefined Weak Reference
    __cxa_finalize                            - Undefined Weak Reference
    __decompress                              - Undefined Weak Reference
    _clock_init                               - Undefined Weak Reference
    _microlib_exit                            - Undefined Weak Reference
    __Vectors_Size                           0x00000130   Number         0  startup_stm32f10x_hd.o ABSOLUTE
    __Vectors                                0x08000000   Data           4  startup_stm32f10x_hd.o(RESET)
    __Vectors_End                            0x08000130   Data           0  startup_stm32f10x_hd.o(RESET)
    __main                                   0x08000131   Thumb Code     0  entry.o(.ARM.Collect$$$$00000000)
    _main_stk                                0x08000131   Thumb Code     0  entry2.o(.ARM.Collect$$$$00000001)
    _main_scatterload                        0x08000135   Thumb Code     0  entry5.o(.ARM.Collect$$$$00000004)
    __main_after_scatterload                 0x08000139   Thumb Code     0  entry5.o(.ARM.Collect$$$$00000004)
    _main_clock                              0x08000139   Thumb Code     0  entry7b.o(.ARM.Collect$$$$00000008)
    _main_cpp_init                           0x08000139   Thumb Code     0  entry8b.o(.ARM.Collect$$$$0000000A)
    _main_init                               0x08000139   Thumb Code     0  entry9a.o(.ARM.Collect$$$$0000000B)
    __rt_final_cpp                           0x08000141   Thumb Code     0  entry10a.o(.ARM.Collect$$$$0000000D)
    __rt_final_exit                          0x08000141   Thumb Code     0  entry11a.o(.ARM.Collect$$$$0000000F)
    vPortSVCHandler                          0x08000145   Thumb Code    32  port.o(.emb_text)
    __asm___6_port_c_39a90d8d__prvStartFirstTask 0x08000169   Thumb Code    28  port.o(.emb_text)
    xPortPendSVHandler                       0x08000189   Thumb Code    72  port.o(.emb_text)
    vPortGetIPSR                             0x080001d5   Thumb Code     6  port.o(.emb_text)
    Reset_Handler                            0x080001dd   Thumb Code     8  startup_stm32f10x_hd.o(.text)
    SVC_Handler                              0x080001ef   Thumb Code     2  startup_stm32f10x_hd.o(.text)
    PendSV_Handler                           0x080001f3   Thumb Code     2  startup_stm32f10x_hd.o(.text)
    ADC1_2_IRQHandler                        0x080001f7   Thumb Code     0  startup_stm32f10x_hd.o(.text)
    ADC3_IRQHandler                          0x080001f7   Thumb Code     0  startup_stm32f10x_hd.o(.text)
    CAN1_RX1_IRQHandler                      0x080001f7   Thumb Code     0  startup_stm32f10x_hd.o(.text)
    CAN1_SCE_IRQHandler                      0x080001f7   Thumb Code     0  startup_stm32f10x_hd.o(.text)
    DMA1_Channel1_IRQHandler                 0x080001f7   Thumb Code     0  startup_stm32f10x_hd.o(.text)
    DMA1_Channel2_IRQHandler                 0x080001f7   Thumb Code     0  startup_stm32f10x_hd.o(.text)
    DMA1_Channel4_IRQHandler                 0x080001f7   Thumb Code     0  startup_stm32f10x_hd.o(.text)
    DMA1_Channel5_IRQHandler                 0x080001f7   Thumb Code     0  startup_stm32f10x_hd.o(.text)
    DMA1_Channel6_IRQHandler                 0x080001f7   Thumb Code     0  startup_stm32f10x_hd.o(.text)
    DMA1_Channel7_IRQHandler                 0x080001f7   Thumb Code     0  startup_stm32f10x_hd.o(.text)
    DMA2_Channel1_IRQHandler                 0x080001f7   Thumb Code     0  startup_stm32f10x_hd.o(.text)
    DMA2_Channel2_IRQHandler                 0x080001f7   Thumb Code     0  startup_stm32f10x_hd.o(.text)
    DMA2_Channel3_IRQHandler                 0x080001f7   Thumb Code     0  startup_stm32f10x_hd.o(.text)
    DMA2_Channel4_5_IRQHandler               0x080001f7   Thumb Code     0  startup_stm32f10x_hd.o(.text)
    EXTI0_IRQHandler                         0x080001f7   Thumb Code     0  startup_stm32f10x_hd.o(.text)
    EXTI15_10_IRQHandler                     0x080001f7   Thumb Code     0  startup_stm32f10x_hd.o(.text)
    EXTI1_IRQHandler                         0x080001f7   Thumb Code     0  startup_stm32f10x_hd.o(.text)
    EXTI2_IRQHandler                         0x080001f7   Thumb Code     0  startup_stm32f10x_hd.o(.text)
    EXTI3_IRQHandler                         0x080001f7   Thumb Code     0  startup_stm32f10x_hd.o(.text)
    EXTI4_IRQHandler                         0x080001f7   Thumb Code     0  startup_stm32f10x_hd.o(.text)
    EXTI9_5_IRQHandler                       0x080001f7   Thumb Code     0  startup_stm32f10x_hd.o(.text)
    FLASH_IRQHandler                         0x080001f7   Thumb Code     0  startup_stm32f10x_hd.o(.text)
    FSMC_IRQHandler                          0x080001f7   Thumb Code     0  startup_stm32f10x_hd.o(.text)
    I2C1_ER_IRQHandler                       0x080001f7   Thumb Code     0  startup_stm32f10x_hd.o(.text)
    I2C1_EV_IRQHandler                       0x080001f7   Thumb Code     0  startup_stm32f10x_hd.o(.text)
    I2C2_ER_IRQHandler                       0x080001f7   Thumb Code     0  startup_stm32f10x_hd.o(.text)
    I2C2_EV_IRQHandler                       0x080001f7   Thumb Code     0  startup_stm32f10x_hd.o(.text)
    PVD_IRQHandler                           0x080001f7   Thumb Code     0  startup_stm32f10x_hd.o(.text)
    RCC_IRQHandler                           0x080001f7   Thumb Code     0  startup_stm32f10x_hd.o(.text)
    RTCAlarm_IRQHandler                      0x080001f7   Thumb Code     0  startup_stm32f10x_hd.o(.text)
    RTC_IRQHandler                           0x080001f7   Thumb Code     0  startup_stm32f10x_hd.o(.text)
    SDIO_IRQHandler                          0x080001f7   Thumb Code     0  startup_stm32f10x_hd.o(.text)
    SPI1_IRQHandler                          0x080001f7   Thumb Code     0  startup_stm32f10x_hd.o(.text)
    SPI2_IRQHandler                          0x080001f7   Thumb Code     0  startup_stm32f10x_hd.o(.text)
    SPI3_IRQHandler                          0x080001f7   Thumb Code     0  startup_stm32f10x_hd.o(.text)
    TAMPER_IRQHandler                        0x080001f7   Thumb Code     0  startup_stm32f10x_hd.o(.text)
    TIM1_BRK_IRQHandler                      0x080001f7   Thumb Code     0  startup_stm32f10x_hd.o(.text)
    TIM1_CC_IRQHandler                       0x080001f7   Thumb Code     0  startup_stm32f10x_hd.o(.text)
    TIM1_TRG_COM_IRQHandler                  0x080001f7   Thumb Code     0  startup_stm32f10x_hd.o(.text)
    TIM1_UP_IRQHandler                       0x080001f7   Thumb Code     0  startup_stm32f10x_hd.o(.text)
    TIM2_IRQHandler                          0x080001f7   Thumb Code     0  startup_stm32f10x_hd.o(.text)
    TIM3_IRQHandler                          0x080001f7   Thumb Code     0  startup_stm32f10x_hd.o(.text)
    TIM4_IRQHandler                          0x080001f7   Thumb Code     0  startup_stm32f10x_hd.o(.text)
    TIM5_IRQHandler                          0x080001f7   Thumb Code     0  startup_stm32f10x_hd.o(.text)
    TIM6_IRQHandler                          0x080001f7   Thumb Code     0  startup_stm32f10x_hd.o(.text)
    TIM7_IRQHandler                          0x080001f7   Thumb Code     0  startup_stm32f10x_hd.o(.text)
    TIM8_BRK_IRQHandler                      0x080001f7   Thumb Code     0  startup_stm32f10x_hd.o(.text)
    TIM8_CC_IRQHandler                       0x080001f7   Thumb Code     0  startup_stm32f10x_hd.o(.text)
    TIM8_TRG_COM_IRQHandler                  0x080001f7   Thumb Code     0  startup_stm32f10x_hd.o(.text)
    TIM8_UP_IRQHandler                       0x080001f7   Thumb Code     0  startup_stm32f10x_hd.o(.text)
    UART4_IRQHandler                         0x080001f7   Thumb Code     0  startup_stm32f10x_hd.o(.text)
    UART5_IRQHandler                         0x080001f7   Thumb Code     0  startup_stm32f10x_hd.o(.text)
    USART1_IRQHandler                        0x080001f7   Thumb Code     0  startup_stm32f10x_hd.o(.text)
    USART2_IRQHandler                        0x080001f7   Thumb Code     0  startup_stm32f10x_hd.o(.text)
    USART3_IRQHandler                        0x080001f7   Thumb Code     0  startup_stm32f10x_hd.o(.text)
    USBWakeUp_IRQHandler                     0x080001f7   Thumb Code     0  startup_stm32f10x_hd.o(.text)
    USB_HP_CAN1_TX_IRQHandler                0x080001f7   Thumb Code     0  startup_stm32f10x_hd.o(.text)
    USB_LP_CAN1_RX0_IRQHandler               0x080001f7   Thumb Code     0  startup_stm32f10x_hd.o(.text)
    WWDG_IRQHandler                          0x080001f7   Thumb Code     0  startup_stm32f10x_hd.o(.text)
    __scatterload                            0x08000201   Thumb Code    28  init.o(.text)
    __scatterload_rt2                        0x08000201   Thumb Code     0  init.o(.text)
    BusFault_Handler                         0x08000271   Thumb Code     4  stm32f10x_it.o(i.BusFault_Handler)
    DMA1_Channel3_IRQHandler                 0x08000279   Thumb Code   402  main.o(i.DMA1_Channel3_IRQHandler)
    DMA_ClearFlag                            0x08000425   Thumb Code    18  stm32f10x_dma.o(i.DMA_ClearFlag)
    DMA_Cmd                                  0x08000441   Thumb Code    24  stm32f10x_dma.o(i.DMA_Cmd)
    DMA_DeInit                               0x08000459   Thumb Code   324  stm32f10x_dma.o(i.DMA_DeInit)
    DMA_GetFlagStatus                        0x080005a5   Thumb Code    36  stm32f10x_dma.o(i.DMA_GetFlagStatus)
    DMA_ITConfig                             0x080005d1   Thumb Code    18  stm32f10x_dma.o(i.DMA_ITConfig)
    DMA_Init                                 0x080005e3   Thumb Code    60  stm32f10x_dma.o(i.DMA_Init)
    DebugMon_Handler                         0x0800061f   Thumb Code     2  stm32f10x_it.o(i.DebugMon_Handler)
    GPIO_Init                                0x08000621   Thumb Code   278  stm32f10x_gpio.o(i.GPIO_Init)
    HardFault_Handler                        0x08000737   Thumb Code     4  stm32f10x_it.o(i.HardFault_Handler)
    MemManage_Handler                        0x080008b1   Thumb Code     4  stm32f10x_it.o(i.MemManage_Handler)
    NMI_Handler                              0x080008b5   Thumb Code     2  stm32f10x_it.o(i.NMI_Handler)
    NVIC_Init                                0x080008b9   Thumb Code   100  misc.o(i.NVIC_Init)
    RCC_AHBPeriphClockCmd                    0x08000929   Thumb Code    26  stm32f10x_rcc.o(i.RCC_AHBPeriphClockCmd)
    RCC_APB1PeriphClockCmd                   0x08000949   Thumb Code    26  stm32f10x_rcc.o(i.RCC_APB1PeriphClockCmd)
    RCC_APB2PeriphClockCmd                   0x08000969   Thumb Code    26  stm32f10x_rcc.o(i.RCC_APB2PeriphClockCmd)
    SysTick_Handler                          0x08000a75   Thumb Code     8  stm32f10x_it.o(i.SysTick_Handler)
    SystemInit                               0x08000a7d   Thumb Code    68  system_stm32f10x.o(i.SystemInit)
    TIM_ARRPreloadConfig                     0x08000acd   Thumb Code    24  stm32f10x_tim.o(i.TIM_ARRPreloadConfig)
    TIM_Cmd                                  0x08000ae5   Thumb Code    24  stm32f10x_tim.o(i.TIM_Cmd)
    TIM_CtrlPWMOutputs                       0x08000afd   Thumb Code    30  stm32f10x_tim.o(i.TIM_CtrlPWMOutputs)
    TIM_DMACmd                               0x08000b1b   Thumb Code    18  stm32f10x_tim.o(i.TIM_DMACmd)
    TIM_DMAConfig                            0x08000b2d   Thumb Code    10  stm32f10x_tim.o(i.TIM_DMAConfig)
    TIM_OC3Init                              0x08000b39   Thumb Code   150  stm32f10x_tim.o(i.TIM_OC3Init)
    TIM_OC3PreloadConfig                     0x08000bd9   Thumb Code    18  stm32f10x_tim.o(i.TIM_OC3PreloadConfig)
    TIM_OC4Init                              0x08000bed   Thumb Code   114  stm32f10x_tim.o(i.TIM_OC4Init)
    TIM_OC4PreloadConfig                     0x08000c69   Thumb Code    26  stm32f10x_tim.o(i.TIM_OC4PreloadConfig)
    TIM_SetCompare3                          0x08000c83   Thumb Code     4  stm32f10x_tim.o(i.TIM_SetCompare3)
    TIM_SetCompare4                          0x08000c87   Thumb Code     6  stm32f10x_tim.o(i.TIM_SetCompare4)
    TIM_TimeBaseInit                         0x08000c8d   Thumb Code   122  stm32f10x_tim.o(i.TIM_TimeBaseInit)
    UsageFault_Handler                       0x08000d31   Thumb Code     4  stm32f10x_it.o(i.UsageFault_Handler)
    __scatterload_copy                       0x08000d35   Thumb Code    14  handlers.o(i.__scatterload_copy)
    __scatterload_null                       0x08000d43   Thumb Code     2  handlers.o(i.__scatterload_null)
    __scatterload_zeroinit                   0x08000d45   Thumb Code    14  handlers.o(i.__scatterload_zeroinit)
    main                                     0x08000d55   Thumb Code    50  main.o(i.main)
    pvPortMalloc                             0x080010fd   Thumb Code   198  heap_4.o(i.pvPortMalloc)
    pxPortInitialiseStack                    0x080011dd   Thumb Code    30  port.o(i.pxPortInitialiseStack)
    uxListRemove                             0x08001201   Thumb Code    40  list.o(i.uxListRemove)
    vListInitialise                          0x08001229   Thumb Code    26  list.o(i.vListInitialise)
    vListInitialiseItem                      0x08001243   Thumb Code     6  list.o(i.vListInitialiseItem)
    vListInsertEnd                           0x08001249   Thumb Code    24  list.o(i.vListInsertEnd)
    vPortEnterCritical                       0x08001261   Thumb Code    30  port.o(i.vPortEnterCritical)
    vPortExitCritical                        0x08001285   Thumb Code    28  port.o(i.vPortExitCritical)
    vPortFree                                0x080012a5   Thumb Code    74  heap_4.o(i.vPortFree)
    vPortSetupTimerInterrupt                 0x080012fd   Thumb Code    20  port.o(i.vPortSetupTimerInterrupt)
    vTaskDelete                              0x08001315   Thumb Code   166  tasks.o(i.vTaskDelete)
    vTaskStartScheduler                      0x080013e1   Thumb Code    72  tasks.o(i.vTaskStartScheduler)
    vTaskSuspendAll                          0x08001445   Thumb Code    12  tasks.o(i.vTaskSuspendAll)
    vTaskSwitchContext                       0x08001455   Thumb Code    76  tasks.o(i.vTaskSwitchContext)
    xPortStartScheduler                      0x080014b5   Thumb Code    42  port.o(i.xPortStartScheduler)
    xPortSysTickHandler                      0x080014e9   Thumb Code    46  port.o(i.xPortSysTickHandler)
    xTaskCreate                              0x0800151d   Thumb Code    96  tasks.o(i.xTaskCreate)
    xTaskIncrementTick                       0x0800157d   Thumb Code   238  tasks.o(i.xTaskIncrementTick)
    xTaskResumeAll                           0x08001699   Thumb Code   196  tasks.o(i.xTaskResumeAll)
    Region$$Table$$Base                      0x08001780   Number         0  anon$$obj.o(Region$$Table)
    Region$$Table$$Limit                     0x080017a0   Number         0  anon$$obj.o(Region$$Table)
    SRC_Buffer                               0x20000008   Data          64  main.o(.data)
    accelerator                              0x20000048   Data           2  main.o(.data)
    _i                                       0x2000004c   Data           4  main.o(.data)
    pxCurrentTCB                             0x20000050   Data           4  tasks.o(.data)
    dshotBuffer                              0x200000b0   Data          64  main.o(.bss)
    BIT                                      0x200000f0   Data          16  main.o(.bss)
    ESC_CMD                                  0x20000100   Data         256  main.o(.bss)
    __initial_sp                             0x20004ac8   Data           0  startup_stm32f10x_hd.o(STACK)



==============================================================================

Memory Map of the image

  Image Entry point : 0x08000131

  Load Region LR_IROM1 (Base: 0x08000000, Size: 0x00001850, Max: 0x00080000, ABSOLUTE)

    Execution Region ER_IROM1 (Base: 0x08000000, Size: 0x000017a0, Max: 0x00080000, ABSOLUTE)

    Base Addr    Size         Type   Attr      Idx    E Section Name        Object

    0x08000000   0x00000130   Data   RO            3    RESET               startup_stm32f10x_hd.o
    0x08000130   0x00000000   Code   RO         2671  * .ARM.Collect$$$$00000000  mc_w.l(entry.o)
    0x08000130   0x00000004   Code   RO         2680    .ARM.Collect$$$$00000001  mc_w.l(entry2.o)
    0x08000134   0x00000004   Code   RO         2683    .ARM.Collect$$$$00000004  mc_w.l(entry5.o)
    0x08000138   0x00000000   Code   RO         2685    .ARM.Collect$$$$00000008  mc_w.l(entry7b.o)
    0x08000138   0x00000000   Code   RO         2687    .ARM.Collect$$$$0000000A  mc_w.l(entry8b.o)
    0x08000138   0x00000008   Code   RO         2688    .ARM.Collect$$$$0000000B  mc_w.l(entry9a.o)
    0x08000140   0x00000000   Code   RO         2690    .ARM.Collect$$$$0000000D  mc_w.l(entry10a.o)
    0x08000140   0x00000000   Code   RO         2692    .ARM.Collect$$$$0000000F  mc_w.l(entry11a.o)
    0x08000140   0x00000004   Code   RO         2681    .ARM.Collect$$$$00002712  mc_w.l(entry2.o)
    0x08000144   0x00000096   Code   RO         2545    .emb_text           port.o
    0x080001da   0x00000002   PAD
    0x080001dc   0x00000024   Code   RO            4    .text               startup_stm32f10x_hd.o
    0x08000200   0x00000024   Code   RO         2694    .text               mc_w.l(init.o)
    0x08000224   0x0000004c   Code   RO          138    i.AppTaskCreate     main.o
    0x08000270   0x00000004   Code   RO           10    i.BusFault_Handler  stm32f10x_it.o
    0x08000274   0x00000004   Code   RO          139    i.Commute_Task      main.o
    0x08000278   0x000001ac   Code   RO          140    i.DMA1_Channel3_IRQHandler  main.o
    0x08000424   0x0000001c   Code   RO         1307    i.DMA_ClearFlag     stm32f10x_dma.o
    0x08000440   0x00000018   Code   RO         1309    i.DMA_Cmd           stm32f10x_dma.o
    0x08000458   0x0000014c   Code   RO         1310    i.DMA_DeInit        stm32f10x_dma.o
    0x080005a4   0x0000002c   Code   RO         1312    i.DMA_GetFlagStatus  stm32f10x_dma.o
    0x080005d0   0x00000012   Code   RO         1314    i.DMA_ITConfig      stm32f10x_dma.o
    0x080005e2   0x0000003c   Code   RO         1315    i.DMA_Init          stm32f10x_dma.o
    0x0800061e   0x00000002   Code   RO           11    i.DebugMon_Handler  stm32f10x_it.o
    0x08000620   0x00000116   Code   RO          442    i.GPIO_Init         stm32f10x_gpio.o
    0x08000736   0x00000004   Code   RO           12    i.HardFault_Handler  stm32f10x_it.o
    0x0800073a   0x00000002   PAD
    0x0800073c   0x00000174   Code   RO          141    i.HardWare_Init     main.o
    0x080008b0   0x00000004   Code   RO           13    i.MemManage_Handler  stm32f10x_it.o
    0x080008b4   0x00000002   Code   RO           14    i.NMI_Handler       stm32f10x_it.o
    0x080008b6   0x00000002   PAD
    0x080008b8   0x00000070   Code   RO          200    i.NVIC_Init         misc.o
    0x08000928   0x00000020   Code   RO          237    i.RCC_AHBPeriphClockCmd  stm32f10x_rcc.o
    0x08000948   0x00000020   Code   RO          238    i.RCC_APB1PeriphClockCmd  stm32f10x_rcc.o
    0x08000968   0x00000020   Code   RO          240    i.RCC_APB2PeriphClockCmd  stm32f10x_rcc.o
    0x08000988   0x00000008   Code   RO         1791    i.SetSysClock       system_stm32f10x.o
    0x08000990   0x000000e4   Code   RO         1792    i.SetSysClockTo72   system_stm32f10x.o
    0x08000a74   0x00000008   Code   RO           15    i.SysTick_Handler   stm32f10x_it.o
    0x08000a7c   0x00000050   Code   RO         1793    i.SystemInit        system_stm32f10x.o
    0x08000acc   0x00000018   Code   RO          709    i.TIM_ARRPreloadConfig  stm32f10x_tim.o
    0x08000ae4   0x00000018   Code   RO          721    i.TIM_Cmd           stm32f10x_tim.o
    0x08000afc   0x0000001e   Code   RO          723    i.TIM_CtrlPWMOutputs  stm32f10x_tim.o
    0x08000b1a   0x00000012   Code   RO          724    i.TIM_DMACmd        stm32f10x_tim.o
    0x08000b2c   0x0000000a   Code   RO          725    i.TIM_DMAConfig     stm32f10x_tim.o
    0x08000b36   0x00000002   PAD
    0x08000b38   0x000000a0   Code   RO          760    i.TIM_OC3Init       stm32f10x_tim.o
    0x08000bd8   0x00000012   Code   RO          763    i.TIM_OC3PreloadConfig  stm32f10x_tim.o
    0x08000bea   0x00000002   PAD
    0x08000bec   0x0000007c   Code   RO          765    i.TIM_OC4Init       stm32f10x_tim.o
    0x08000c68   0x0000001a   Code   RO          767    i.TIM_OC4PreloadConfig  stm32f10x_tim.o
    0x08000c82   0x00000004   Code   RO          784    i.TIM_SetCompare3   stm32f10x_tim.o
    0x08000c86   0x00000006   Code   RO          785    i.TIM_SetCompare4   stm32f10x_tim.o
    0x08000c8c   0x000000a4   Code   RO          792    i.TIM_TimeBaseInit  stm32f10x_tim.o
    0x08000d30   0x00000004   Code   RO           16    i.UsageFault_Handler  stm32f10x_it.o
    0x08000d34   0x0000000e   Code   RO         2698    i.__scatterload_copy  mc_w.l(handlers.o)
    0x08000d42   0x00000002   Code   RO         2699    i.__scatterload_null  mc_w.l(handlers.o)
    0x08000d44   0x0000000e   Code   RO         2700    i.__scatterload_zeroinit  mc_w.l(handlers.o)
    0x08000d52   0x00000002   PAD
    0x08000d54   0x0000004c   Code   RO          142    i.main              main.o
    0x08000da0   0x000000b4   Code   RO         2240    i.prvAddNewTaskToReadyList  tasks.o
    0x08000e54   0x00000048   Code   RO         2241    i.prvCheckTasksWaitingTermination  tasks.o
    0x08000e9c   0x00000012   Code   RO         2242    i.prvDeleteTCB      tasks.o
    0x08000eae   0x00000002   PAD
    0x08000eb0   0x0000007c   Code   RO         2616    i.prvHeapInit       heap_4.o
    0x08000f2c   0x00000028   Code   RO         2243    i.prvIdleTask       tasks.o
    0x08000f54   0x0000008a   Code   RO         2244    i.prvInitialiseNewTask  tasks.o
    0x08000fde   0x00000002   PAD
    0x08000fe0   0x00000068   Code   RO         2245    i.prvInitialiseTaskLists  tasks.o
    0x08001048   0x00000068   Code   RO         2617    i.prvInsertBlockIntoFreeList  heap_4.o
    0x080010b0   0x00000034   Code   RO         2246    i.prvResetNextTaskUnblockTime  tasks.o
    0x080010e4   0x00000016   Code   RO         2546    i.prvTaskExitError  port.o
    0x080010fa   0x00000002   PAD
    0x080010fc   0x000000e0   Code   RO         2618    i.pvPortMalloc      heap_4.o
    0x080011dc   0x00000024   Code   RO         2547    i.pxPortInitialiseStack  port.o
    0x08001200   0x00000028   Code   RO         1920    i.uxListRemove      list.o
    0x08001228   0x0000001a   Code   RO         1921    i.vListInitialise   list.o
    0x08001242   0x00000006   Code   RO         1922    i.vListInitialiseItem  list.o
    0x08001248   0x00000018   Code   RO         1924    i.vListInsertEnd    list.o
    0x08001260   0x00000024   Code   RO         2549    i.vPortEnterCritical  port.o
    0x08001284   0x00000020   Code   RO         2550    i.vPortExitCritical  port.o
    0x080012a4   0x00000058   Code   RO         2619    i.vPortFree         heap_4.o
    0x080012fc   0x00000018   Code   RO         2551    i.vPortSetupTimerInterrupt  port.o
    0x08001314   0x000000cc   Code   RO         2256    i.vTaskDelete       tasks.o
    0x080013e0   0x00000064   Code   RO         2267    i.vTaskStartScheduler  tasks.o
    0x08001444   0x00000010   Code   RO         2269    i.vTaskSuspendAll   tasks.o
    0x08001454   0x00000060   Code   RO         2270    i.vTaskSwitchContext  tasks.o
    0x080014b4   0x00000034   Code   RO         2552    i.xPortStartScheduler  port.o
    0x080014e8   0x00000034   Code   RO         2553    i.xPortSysTickHandler  port.o
    0x0800151c   0x00000060   Code   RO         2273    i.xTaskCreate       tasks.o
    0x0800157c   0x0000011c   Code   RO         2279    i.xTaskIncrementTick  tasks.o
    0x08001698   0x000000e8   Code   RO         2283    i.xTaskResumeAll    tasks.o
    0x08001780   0x00000020   Data   RO         2696    Region$$Table       anon$$obj.o


    Execution Region RW_IRAM1 (Base: 0x20000000, Size: 0x00004ac8, Max: 0x00010000, ABSOLUTE)

    Base Addr    Size         Type   Attr      Idx    E Section Name        Object

    0x20000000   0x00000050   Data   RW          144    .data               main.o
    0x20000050   0x0000003c   Data   RW         2286    .data               tasks.o
    0x2000008c   0x00000004   Data   RW         2554    .data               port.o
    0x20000090   0x00000020   Data   RW         2625    .data               heap_4.o
    0x200000b0   0x00000150   Zero   RW          143    .bss                main.o
    0x20000200   0x000000c8   Zero   RW         2285    .bss                tasks.o
    0x200002c8   0x00004400   Zero   RW         2624    .bss                heap_4.o
    0x200046c8   0x00000400   Zero   RW            1    STACK               startup_stm32f10x_hd.o


==============================================================================

Image component sizes


      Code (inc. data)   RO Data    RW Data    ZI Data      Debug   Object Name

         0          0          0          0          0       2348   event_groups.o
       540         74          0         32      17408       3695   heap_4.o
        96          0          0          0          0       2324   list.o
       956         96          0         80        336     209822   main.o
       112         12          0          0          0        924   misc.o
       404         48          0          4          0       8832   port.o
        36          8        304          0       1024        804   startup_stm32f10x_hd.o
       506         26          0          0          0       4825   stm32f10x_dma.o
       278          0          0          0          0       1852   stm32f10x_gpio.o
        28          0          0          0          0      56043   stm32f10x_it.o
        96         18          0          0          0       1586   stm32f10x_rcc.o
       608         62          0          0          0       7112   stm32f10x_tim.o
       316         20          0          0          0       1745   system_stm32f10x.o
      1632        266          0         60        200      20226   tasks.o

    ----------------------------------------------------------------------
      5624        630        336        176      18968     322138   Object Totals
         0          0         32          0          0          0   (incl. Generated)
        16          0          0          0          0          0   (incl. Padding)

    ----------------------------------------------------------------------

      Code (inc. data)   RO Data    RW Data    ZI Data      Debug   Library Member Name

         0          0          0          0          0          0   entry.o
         0          0          0          0          0          0   entry10a.o
         0          0          0          0          0          0   entry11a.o
         8          4          0          0          0          0   entry2.o
         4          0          0          0          0          0   entry5.o
         0          0          0          0          0          0   entry7b.o
         0          0          0          0          0          0   entry8b.o
         8          4          0          0          0          0   entry9a.o
        30          0          0          0          0          0   handlers.o
        36          8          0          0          0         68   init.o

    ----------------------------------------------------------------------
        88         16          0          0          0         68   Library Totals
         2          0          0          0          0          0   (incl. Padding)

    ----------------------------------------------------------------------

      Code (inc. data)   RO Data    RW Data    ZI Data      Debug   Library Name

        86         16          0          0          0         68   mc_w.l

    ----------------------------------------------------------------------
        88         16          0          0          0         68   Library Totals

    ----------------------------------------------------------------------

==============================================================================


      Code (inc. data)   RO Data    RW Data    ZI Data      Debug   

      5712        646        336        176      18968     319030   Grand Totals
      5712        646        336        176      18968     319030   ELF Image Totals
      5712        646        336        176          0          0   ROM Totals

==============================================================================

    Total RO  Size (Code + RO Data)                 6048 (   5.91kB)
    Total RW  Size (RW Data + ZI Data)             19144 (  18.70kB)
    Total ROM Size (Code + RO Data + RW Data)       6224 (   6.08kB)

==============================================================================

